******************************************************************************
                  TI ARM Linker Unix v16.9.4                   
******************************************************************************
>> Linked Wed Sep 27 23:55:24 2017

OUTPUT FILE NAME:   <coprocessor_cc13x0lp.out>
ENTRY POINT SYMBOL: "ResetISR"  address: 000161f1


MEMORY CONFIGURATION

         name            origin    length      used     unused   attr    fill
----------------------  --------  ---------  --------  --------  ----  --------
  FLASH                 00000000   0001e000  0001b570  00002a90  R  X
  FLASH_NV              0001e000   00001000  00001000  00000000  RW X
  FLASH_LAST            0001f000   00001000  00000b40  000004c0  R  X
  SRAM                  20000000   00005000  00003e33  000011cd  RW X


SEGMENT ALLOCATION MAP

run origin  load origin   length   init length attrs members
----------  ----------- ---------- ----------- ----- -------
00000000    00000000    00000b44   00000b44    r--
  00000000    00000000    0000003c   0000003c    r-- .resetVecs
  0000003c    0000003c    00000b08   00000b08    r-- .const
00001000    00001000    0001aa38   0001aa38    r-x
  00001000    00001000    0000003c   0000003c    r-- .const:ti_sysbios_knl_Task_Object__PARAMS__C
  0000103c    0000103c    00000034   00000034    r-- .const:ti_sysbios_knl_Mailbox_Object__PARAMS__C
  00001070    00001070    00000030   00000030    r-- .const:ti_sysbios_family_arm_m3_Hwi_Object__PARAMS__C
  000010a0    000010a0    0000002c   0000002c    r-- .const:ti_sysbios_hal_Hwi_Object__PARAMS__C
  000010cc    000010cc    00000028   00000028    r-- .const:ti_sysbios_heaps_HeapMem_Module__FXNS__C
  000010f4    000010f4    00000028   00000028    r-- .const:ti_sysbios_knl_Swi_Object__PARAMS__C
  0000111c    0000111c    00000024   00000024    r-- .const:ti_sysbios_gates_GateHwi_Module__FXNS__C
  00001140    00001140    00000024   00000024    r-- .const:ti_sysbios_gates_GateMutex_Module__FXNS__C
  00001164    00001164    00000024   00000024    r-- .const:ti_sysbios_heaps_HeapMem_Object__PARAMS__C
  00001188    00001188    00000024   00000024    r-- .const:ti_sysbios_knl_Clock_Object__PARAMS__C
  000011ac    000011ac    00000024   00000024    r-- .const:ti_sysbios_knl_Semaphore_Object__PARAMS__C
  000011d0    000011d0    00000020   00000020    r-- .const:ti_sysbios_family_arm_m3_Hwi_Object__DESC__C
  000011f0    000011f0    00000020   00000020    r-- .const:ti_sysbios_gates_GateHwi_Object__DESC__C
  00001210    00001210    00000020   00000020    r-- .const:ti_sysbios_gates_GateMutex_Object__DESC__C
  00001230    00001230    00000020   00000020    r-- .const:ti_sysbios_hal_Hwi_Object__DESC__C
  00001250    00001250    00000020   00000020    r-- .const:ti_sysbios_heaps_HeapMem_Object__DESC__C
  00001270    00001270    00000020   00000020    r-- .const:ti_sysbios_knl_Clock_Object__DESC__C
  00001290    00001290    00000020   00000020    r-- .const:ti_sysbios_knl_Mailbox_Object__DESC__C
  000012b0    000012b0    00000020   00000020    r-- .const:ti_sysbios_knl_Queue_Object__DESC__C
  000012d0    000012d0    00000020   00000020    r-- .const:ti_sysbios_knl_Semaphore_Object__DESC__C
  000012f0    000012f0    00000020   00000020    r-- .const:ti_sysbios_knl_Swi_Object__DESC__C
  00001310    00001310    00000020   00000020    r-- .const:ti_sysbios_knl_Task_Object__DESC__C
  00001330    00001330    00000018   00000018    r-- .const:ti_sysbios_gates_GateHwi_Object__PARAMS__C
  00001348    00001348    00000018   00000018    r-- .const:ti_sysbios_gates_GateMutex_Object__PARAMS__C
  00001360    00001360    00000018   00000018    r-- .const:ti_sysbios_knl_Queue_Object__PARAMS__C
  00001378    00001378    00000008   00000008    r-- .const:ti_sysbios_knl_Idle_funcList__C
  00001384    00001384    00000004   00000004    r-- .const:ti_sysbios_family_arm_cc26xx_Timer_startupNeeded__C
  00001388    00001388    00000004   00000004    r-- .const:ti_sysbios_family_arm_m3_Hwi_E_alreadyDefined__C
  0000138c    0000138c    00000004   00000004    r-- .const:ti_sysbios_family_arm_m3_Hwi_E_hwiLimitExceeded__C
  00001390    00001390    00000004   00000004    r-- .const:ti_sysbios_family_arm_m3_Hwi_NUM_INTERRUPTS__C
  00001394    00001394    00000004   00000004    r-- .const:ti_sysbios_family_arm_m3_Hwi_Object__count__C
  00001398    00001398    00000004   00000004    r-- .const:ti_sysbios_family_arm_m3_Hwi_Object__table__C
  0000139c    0000139c    00000004   00000004    r-- .const:ti_sysbios_family_arm_m3_Hwi_ccr__C
  000013a0    000013a0    00000004   00000004    r-- .const:ti_sysbios_family_arm_m3_Hwi_excHandlerFunc__C
  000013a4    000013a4    00000004   00000004    r-- .const:ti_sysbios_family_arm_m3_Hwi_nullIsrFunc__C
  000013a8    000013a8    00000004   00000004    r-- .const:ti_sysbios_family_arm_m3_Hwi_numSparseInterrupts__C
  000013ac    000013ac    00000004   00000004    r-- .const:ti_sysbios_family_arm_m3_Hwi_priGroup__C
  000013b0    000013b0    00000004   00000004    r-- .const:ti_sysbios_family_arm_m3_TaskSupport_stackAlignment__C
  000013b4    000013b4    00000004   00000004    r-- .const:ti_sysbios_heaps_HeapMem_E_memory__C
  000013b8    000013b8    00000004   00000004    r-- .const:ti_sysbios_heaps_HeapMem_Module__gateObj__C
  000013bc    000013bc    00000004   00000004    r-- .const:ti_sysbios_heaps_HeapMem_Object__count__C
  000013c0    000013c0    00000004   00000004    r-- .const:ti_sysbios_heaps_HeapMem_Object__table__C
  000013c4    000013c4    00000004   00000004    r-- .const:ti_sysbios_heaps_HeapMem_reqAlign__C
  000013c8    000013c8    00000004   00000004    r-- .const:ti_sysbios_knl_Clock_serviceMargin__C
  000013cc    000013cc    00000004   00000004    r-- .const:ti_sysbios_knl_Mailbox_Object__count__C
  000013d0    000013d0    00000004   00000004    r-- .const:ti_sysbios_knl_Mailbox_Object__table__C
  000013d4    000013d4    00000004   00000004    r-- .const:ti_sysbios_knl_Mailbox_maxTypeAlign__C
  000013d8    000013d8    00000004   00000004    r-- .const:ti_sysbios_knl_Queue_Object__count__C
  000013dc    000013dc    00000004   00000004    r-- .const:ti_sysbios_knl_Queue_Object__table__C
  000013e0    000013e0    00000004   00000004    r-- .const:ti_sysbios_knl_Swi_Object__count__C
  000013e4    000013e4    00000004   00000004    r-- .const:ti_sysbios_knl_Swi_Object__table__C
  000013e8    000013e8    00000004   00000004    r-- .const:ti_sysbios_knl_Swi_numPriorities__C
  000013ec    000013ec    00000004   00000004    r-- .const:ti_sysbios_knl_Task_Object__count__C
  000013f0    000013f0    00000004   00000004    r-- .const:ti_sysbios_knl_Task_Object__table__C
  000013f4    000013f4    00000004   00000004    r-- .const:ti_sysbios_knl_Task_allBlockedFunc__C
  000013f8    000013f8    00000004   00000004    r-- .const:ti_sysbios_knl_Task_defaultStackHeap__C
  000013fc    000013fc    00000004   00000004    r-- .const:ti_sysbios_knl_Task_defaultStackSize__C
  00001400    00001400    00000004   00000004    r-- .const:ti_sysbios_knl_Task_numConstructedTasks__C
  00001406    00001406    00000002   00000002    r-- .const:ti_sysbios_family_arm_cc26xx_Timer_Module__id__C
  00001408    00001408    00000002   00000002    r-- .const:ti_sysbios_family_arm_cc26xx_TimestampProvider_useClockTimer__C
  0000140a    0000140a    00000002   00000002    r-- .const:ti_sysbios_family_arm_m3_Hwi_Module__id__C
  0000140c    0000140c    00000002   00000002    r-- .const:ti_sysbios_gates_GateHwi_Module__id__C
  0000140e    0000140e    00000002   00000002    r-- .const:ti_sysbios_gates_GateMutex_Module__id__C
  00001410    00001410    00000002   00000002    r-- .const:ti_sysbios_heaps_HeapMem_Module__id__C
  00001412    00001412    00000002   00000002    r-- .const:ti_sysbios_knl_Task_initStackFlag__C
  00001414    00001414    00000001   00000001    r-- .const:ti_sysbios_knl_Clock_tickMode__C
  00001418    00001418    00000008   00000008    r-- .const:xdc_runtime_Startup_firstFxns__C
  00001420    00001420    00000008   00000008    r-- .const:xdc_runtime_Startup_lastFxns__C
  00001428    00001428    00000004   00000004    r-- .const:xdc_runtime_Assert_E_assertFailed__C
  0000142c    0000142c    00000004   00000004    r-- .const:xdc_runtime_Error_E_memory__C
  00001430    00001430    00000004   00000004    r-- .const:xdc_runtime_Error_policyFxn__C
  00001434    00001434    00000004   00000004    r-- .const:xdc_runtime_IGateProvider_Interface__BASE__C
  00001438    00001438    00000004   00000004    r-- .const:xdc_runtime_IHeap_Interface__BASE__C
  0000143c    0000143c    00000004   00000004    r-- .const:xdc_runtime_IModule_Interface__BASE__C
  00001440    00001440    00000004   00000004    r-- .const:xdc_runtime_Main_Module__diagsEnabled__C
  00001444    00001444    00000004   00000004    r-- .const:xdc_runtime_Main_Module__diagsIncluded__C
  00001448    00001448    00000004   00000004    r-- .const:xdc_runtime_Main_Module__diagsMask__C
  0000144c    0000144c    00000004   00000004    r-- .const:xdc_runtime_Memory_defaultHeapInstance__C
  00001450    00001450    00000004   00000004    r-- .const:xdc_runtime_Startup_execImpl__C
  00001454    00001454    00000004   00000004    r-- .const:xdc_runtime_Startup_maxPasses__C
  00001458    00001458    00000004   00000004    r-- .const:xdc_runtime_Startup_sfxnRts__C
  0000145c    0000145c    00000004   00000004    r-- .const:xdc_runtime_Startup_sfxnTab__C
  00001460    00001460    00000004   00000004    r-- .const:xdc_runtime_Startup_startModsFxn__C
  00001464    00001464    00000004   00000004    r-- .const:xdc_runtime_SysCallback_abortFxn__C
  00001468    00001468    00000004   00000004    r-- .const:xdc_runtime_SysCallback_exitFxn__C
  0000146c    0000146c    00000004   00000004    r-- .const:xdc_runtime_System_abortFxn__C
  00001470    00001470    00000004   00000004    r-- .const:xdc_runtime_System_exitFxn__C
  00001474    00001474    00000004   00000004    r-- .const:xdc_runtime_System_maxAtexitHandlers__C
  00001478    00001478    00000004   00000004    r-- .const:xdc_runtime_Text_charTab__C
  0000147c    0000147c    00000004   00000004    r-- .const:xdc_runtime_Text_nameEmpty__C
  00001480    00001480    00000004   00000004    r-- .const:xdc_runtime_Text_nameStatic__C
  00001484    00001484    00000004   00000004    r-- .const:xdc_runtime_Text_nameUnknown__C
  00001488    00001488    00000002   00000002    r-- .const:xdc_runtime_Main_Module__id__C
  0000148a    0000148a    00000002   00000002    r-- .const:xdc_runtime_Memory_Module__id__C
  0000148c    0000148c    00000002   00000002    r-- .const:xdc_runtime_Text_charCnt__C
  0000148e    0000148e    00000002   00000002    r-- .const:xdc_runtime_Text_isLoaded__C
  00001490    00001490    00000001   00000001    r-- .const:xdc_runtime_Error_policy__C
  00001494    00001494    00000004   00000004    r-- .const:ti_sysbios_rom_ROM_AONRTCChannelEnable
  00001498    00001498    00000004   00000004    r-- .const:ti_sysbios_rom_ROM_AONRTCCompareValueSet
  0000149c    0000149c    00000004   00000004    r-- .const:ti_sysbios_rom_ROM_AONRTCCurrentCompareValueGet
  000014a0    000014a0    00000004   00000004    r-- .const:ti_sysbios_rom_ROM_AONRTCEventClear
  000014a4    000014a4    00000004   00000004    r-- .const:ti_sysbios_rom_ROM_ti_sysbios_family_arm_cc26xx_Timer_getCount64__E
  000014a8    000014a8    00000004   00000004    r-- .const:ti_sysbios_rom_ROM_ti_sysbios_family_arm_cc26xx_Timer_getCurrentTick__E
  000014ac    000014ac    00000004   00000004    r-- .const:ti_sysbios_rom_ROM_ti_sysbios_family_arm_cc26xx_Timer_getMaxTicks__E
  000014b0    000014b0    00000004   00000004    r-- .const:ti_sysbios_rom_ROM_ti_sysbios_family_arm_cc26xx_Timer_initDevice__I
  000014b4    000014b4    00000004   00000004    r-- .const:ti_sysbios_rom_ROM_ti_sysbios_family_arm_cc26xx_Timer_setNextTick__E
  000014b8    000014b8    00000004   00000004    r-- .const:ti_sysbios_rom_ROM_ti_sysbios_family_arm_cc26xx_Timer_setThreshold__I
  000014bc    000014bc    00000004   00000004    r-- .const:ti_sysbios_rom_ROM_ti_sysbios_family_arm_cc26xx_Timer_start__E
  000014c0    000014c0    00000004   00000004    r-- .const:ti_sysbios_rom_ROM_ti_sysbios_family_arm_cc26xx_TimestampProvider_get32__E
  000014c4    000014c4    00000004   00000004    r-- .const:ti_sysbios_rom_ROM_xdc_runtime_Startup_getState__I
  000014c8    000014c8    00000004   00000004    r-- .const:ti_sysbios_rom_ROM_xdc_runtime_System_SupportProxy_abort__E
  000014cc    000014cc    00000004   00000004    r-- .const:ti_sysbios_rom_ROM_xdc_runtime_System_SupportProxy_exit__E
  000014d0    000014d0    00000004   00000004    r-- .const:ti_sysbios_gates_GateMutex_Instance_State_sem__O
  000014d4    000014d4    00000004   00000004    r-- .const:ti_sysbios_knl_Clock_Module_State_clockQ__O
  000014d8    000014d8    00000004   00000004    r-- .const:ti_sysbios_knl_Mailbox_Instance_State_dataQue__O
  000014dc    000014dc    00000004   00000004    r-- .const:ti_sysbios_knl_Mailbox_Instance_State_dataSem__O
  000014e0    000014e0    00000004   00000004    r-- .const:ti_sysbios_knl_Mailbox_Instance_State_freeQue__O
  000014e4    000014e4    00000004   00000004    r-- .const:ti_sysbios_knl_Mailbox_Instance_State_freeSem__O
  000014e8    000014e8    00000004   00000004    r-- .const:ti_sysbios_knl_Semaphore_Instance_State_pendQ__O
  000014ec    000014ec    00000004   00000004    r-- .const:ti_sysbios_knl_Task_Module_State_inactiveQ__O
  000014f0    000014f0    000187b4   000187b4    r-x .text
  00019ca4    00019ca4    000017fc   000017fc    r-- config_const
  0001b4a0    0001b4a0    00000598   00000598    r-- .cinit
0001e000    0001e000    00001ae8   00001ae8    r-x
  0001e000    0001e000    00001000   00001000    r-- .TI.bound:NV_FLASH
  0001f000    0001f000    00000ae8   00000ae8    r-x flash_last_text
0001ffa8    0001ffa8    00000058   00000058    r--
  0001ffa8    0001ffa8    00000058   00000058    r-- .ccfg
20000100    20000100    0000386f   00000000    rw-
  20000100    20000100    00000044   00000000    rw- .data:ti_sysbios_knl_Task_Module__state__V
  20000144    20000144    00000034   00000000    rw- .data:ti_sysbios_family_arm_m3_Hwi_Module__state__V
  20000178    20000178    0000002c   00000000    rw- .data:ti_sysbios_knl_Clock_Module__state__V
  200001a4    200001a4    00000024   00000000    rw- .data:ti_sysbios_BIOS_Module__state__V
  200001c8    200001c8    0000001c   00000000    rw- .data:ti_sysbios_knl_Swi_Module__state__V
  200001e4    200001e4    00000008   00000000    rw- .data:ti_sysbios_family_arm_cc26xx_Timer_Module__state__V
  200001ec    200001ec    00000004   00000000    rw- .data:ti_sysbios_family_arm_cc26xx_TimestampProvider_Module__state__V
  200001f0    200001f0    00000008   00000000    rw- .data:xdc_runtime_Startup_Module__state__V
  200001f8    200001f8    00000008   00000000    rw- .data:xdc_runtime_System_Module__state__V
  20000200    20000200    00000004   00000000    rw- .data:xdc_runtime_Memory_Module__state__V
  20000208    20000208    00001dc2   00000000    rw- .data
  20001fd0    20001fd0    0000199f   00000000    rw- .bss
20004b00    20004b00    00000500   00000000    rw-
  20004b00    20004b00    00000500   00000000    rw- .stack


SECTION ALLOCATION MAP

 output                                  attributes/
section   page    origin      length       input sections
--------  ----  ----------  ----------   ----------------
.const     0    0000003c    00000b08     
                  0000003c    000001ac     fh_pib.obj (.const:$O19$$)
                  000001e8    000001a0     mac_pib.obj (.const:$O22$$)
                  00000388    0000017c     maclib_secure.a : mac_main.obj (.const:$O42$$)
                  00000504    000000fa                     : fh_sm.obj (.const:FH_stateMatrix)
                  000005fe    00000001     app_pem3.oem3 (.const:xdc_runtime_Text_charTab__A)
                  000005ff    00000001     --HOLE-- [fill = 0]
                  00000600    000000cc     icall.obj (.const:$O16$$)
                  000006cc    0000006e     maclib_secure.a : mac_main.obj (.const:macIdleSt)
                  0000073a    0000006e                     : mac_main.obj (.const:macScanningSt)
                  000007a8    0000006c                     : mac_data.obj (.const:$O39$$)
                  00000814    0000004c     drivers_cc13x0.aem3 : PowerCC26XX.oem3 (.const:resourceDB)
                  00000860    00000048     app_pem3.oem3 (.const:.string)
                  000008a8    00000040     drivers_cc13x0.aem3 : UARTCC26XX.oem3 (.const:$O1$$)
                  000008e8    00000040     maclib_secure.a : mac_timer.obj (.const:macTimerRolloverValue)
                  00000928    00000034     CC13X0_LAUNCHXL.obj (.const:BoardGpioInitTable)
                  0000095c    0000002c     mac_security_pib.obj (.const:macSecurityPibTbl$31)
                  00000988    00000028     drivers_cc13x0.aem3 : UARTCC26XX.oem3 (.const:UARTCC26XX_fxnTable)
                  000009b0    00000024                         : UART.oem3 (.const:UART_defaultParams)
                  000009d4    00000024     app_pem3.oem3 (.const:xdc_runtime_Startup_sfxnTab__A)
                  000009f8    00000020     CC13X0_LAUNCHXL.obj (.const:uartCC26XXHWAttrs)
                  00000a18    0000001c     rf_multiMode_cc13x0.aem3 : RFCC26XX_multiMode.oem3 (.const:RF_defaultParams)
                  00000a34    00000018     CC13X0_LAUNCHXL.obj (.const:PowerCC26XX_config)
                  00000a4c    00000018     CC13X0_LAUNCHXL.obj (.const:UART_config)
                  00000a64    00000018     driverlib.lib : rfc.obj (.const:rfc_defaultIrqAddr$108)
                  00000a7c    00000013     macstack.obj (.const:.string:msacbackSizeTable)
                  00000a8f    00000001     --HOLE-- [fill = 0]
                  00000a90    00000012     app_pem3.oem3 (.const:xdc_runtime_Startup_sfxnRts__A)
                  00000aa2    00000002     --HOLE-- [fill = 0]
                  00000aa4    00000010     CC13X0_LAUNCHXL.obj (.const:CryptoCC26XX_config)
                  00000ab4    00000010     CC13X0_LAUNCHXL.obj (.const:cryptoCC26XXHWAttrs)
                  00000ac4    0000000c     mt_sys.obj (.const:$O4$$)
                  00000ad0    0000000c     maclib_secure.a : mac_security.obj (.const:$O46$$)
                  00000adc    0000000c     app_pem3.oem3 (.const:xdc_runtime_Startup_firstFxns__A)
                  00000ae8    00000008     maclib_secure.a : mac_rx.obj (.const:$O52$$)
                  00000af0    00000008                     : fh_api.obj (.const:.string:$P$T0$1$60)
                  00000af8    00000008                     : fh_ie.obj (.const:.string:$P$T0$1$62)
                  00000b00    00000008                     : fh_nt.obj (.const:.string:FH_InValidEUI)
                  00000b08    00000008     main.obj (.const:.string:dummyExtAddr$13)
                  00000b10    00000008     maclib_secure.a : fh_data.obj (.const:.string:fhSupFrameTypes)
                  00000b18    00000008     CC13X0_LAUNCHXL.obj (.const:PINCC26XX_hwAttrs)
                  00000b20    00000004     CC13X0_LAUNCHXL.obj (.const)
                  00000b24    00000004     CC13X0_LAUNCHXL.obj (.const:RFCC26XX_hwAttrs)
                  00000b28    00000004     icall_cc2650.obj (.const:events$1$18)
                  00000b2c    00000004     osaltasks.obj (.const:tasksArr)
                  00000b30    00000004     app_pem3.oem3 (.const:ti_sysbios_family_arm_m3_Hwi_swiDisable__C)
                  00000b34    00000004     app_pem3.oem3 (.const:ti_sysbios_family_arm_m3_Hwi_swiRestoreHwi__C)
                  00000b38    00000004     app_pem3.oem3 (.const:ti_sysbios_knl_Clock_tickPeriod__C)
                  00000b3c    00000004     app_pem3.oem3 (.const:ti_sysbios_knl_Clock_triggerClock__C)
                  00000b40    00000004     app_pem3.oem3 (.const:ti_sysbios_knl_Idle_funcList__A)

.text      0    000014f0    000187b4     
                  000014f0    000009bc     maclib_secure.a : mac.obj (.text:macRxCb$79)
                  00001eac    000007ac     mt_mac.obj (.text:MtMac_commandProcessing)
                  00002658    00000618     maclib_secure.a : mac_rx.obj (.text:rxPayloadIsr$84)
                  00002c70    00000500     driverlib.lib : setup.obj (.text:TrimAfterColdResetWakeupFromShutDown$51)
                  00003170    00000474     icall_startup.obj (.text:startup_entry)
                  000035e4    00000442     maclib_secure.a : fh_ie.obj (.text:FHIE_parsePie)
                  00003a26    00000002                     : fh_util.obj (.text:FHUTIL_noAction)
                  00003a28    000003f0     rf_multiMode_cc13x0.aem3 : RFCC26XX_multiMode.oem3 (.text:fsmActiveState)
                  00003e18    00000394     maclib_secure.a : mac_mgmt.obj (.text:macBuildHeader)
                  000041ac    00000360                     : mac_radio.obj (.text:macRadioInit)
                  0000450c    0000032c     api_mac.obj (.text:processIncomingICallMsg$10)
                  00004838    0000030c     npi_task.obj (.text:NPITask_process$7)
                  00004b44    0000030c     drivers_cc13x0.aem3 : PowerCC26XX_calibrateRCOSC.oem3 (.text:PowerCC26XX_auxISR)
                  00004e50    000002e4     maclib_secure.a : mac_radio_tx.obj (.text:macRadioTxGo)
                  00005134    000002e0     mcp.obj (.text:processMsg$14)
                  00005414    000002d8     maclib_secure.a : fh_api.obj (.text:FHAPI_getTxParams_old)
                  000056ec    000002c6                     : fh_ie.obj (.text:FHIE_gen)
                  000059b2    00000002                     : fh_data.obj (.text:FH_startEDFETimer)
                  000059b4    000002c0     osal.obj (.text:osal_start_system)
                  00005c74    000002ac     maclib_secure.a : fh_ie.obj (.text:FHIE_genPieContent$62)
                  00005f20    00000284     macwrapper.obj (.text:macWrapperAddDevice)
                  000061a4    00000268     mt_sys.obj (.text:MtSys_commandProcessing)
                  0000640c    0000025c     maclib_secure.a : fh_api.obj (.text:FHAPI_completeRxCb)
                  00006668    00000248                     : mac_data.obj (.text:MAC_McpsDataReq)
                  000068b0    00000244                     : mac_mgmt.obj (.text:MAC_MlmeResetReq)
                  00006af4    00000228     mac_pib.obj (.text:MAC_MlmeSetReq)
                  00006d1c    00000228     mcp.obj (.text:MCP_task)
                  00006f44    00000228     driverlib.lib : sys_ctrl.obj (.text:NOROM_SysCtrlSetRechargeBeforePowerDown)
                  0000716c    00000224     drivers_cc13x0.aem3 : PowerCC26XX.oem3 (.text:Power_sleep)
                  00007390    00000224     maclib_secure.a : mac_mgmt.obj (.text:macBuildCommonReq)
                  000075b4    0000021e     rtsv7M3_T_le_eabi.lib : ll_div_t2.obj (.text)
                  000077d2    0000020e     maclib_secure.a : mac_security.obj (.text:macIncomingFrameSecurityMaterialRetrieval)
                  000079e0    0000020c                     : mac_pwr.obj (.text:macPwrVote)
                  00007bec    00000208     drivers_cc13x0.aem3 : CryptoCC26XX.oem3 (.text:cryptoTransactionExecute)
                  00007df4    00000204     maclib_secure.a : fh_api.obj (.text:FHAPI_sendData)
                  00007ff8    000001fc     rf_multiMode_cc13x0.aem3 : RFCC26XX_multiMode.oem3 (.text:RF_open)
                  000081f4    000001f4     maclib_secure.a : fh_api.obj (.text:FHAPI_start)
                  000083e8    000001f4     rtsv7M3_T_le_eabi.lib : ull_div_t2.obj (.text)
                  000085dc    000001f0     maclib_secure.a : mac_coord.obj (.text:macBuildBeacon)
                  000087cc    000001d8     mac_security_pib.obj (.text:MAC_MlmeSetSecurityReq)
                  000089a4    000001d4     maclib_secure.a : mac_device.obj (.text:macApiAssociateReq)
                  00008b78    000001c6                     : fh_ie.obj (.text:FHIE_extractPie)
                  00008d3e    00000002     rf_multiMode_cc13x0.aem3 : RFCC26XX_multiMode.oem3 (.text:defaultCallback)
                  00008d40    000001c4     maclib_secure.a : mac_tx.obj (.text:txCsmaPrep$88)
                  00008f04    000001c0                     : mac_beacon_device.obj (.text:macRxBeaconCritical)
                  000090c4    000001c0     macstack.obj (.text:macStackEventLoop)
                  00009284    000001bc     drivers_cc13x0.aem3 : PINCC26XX.oem3 (.text:PIN_init)
                  00009440    000001bc     maclib_secure.a : mac_data.obj (.text:macApiDataReq)
                  000095fc    000001bc                     : mac_scan.obj (.text:macApiScanReq)
                  000097b8    000001b4                     : fh_ie.obj (.text:FHIE_parseCommonInformation$62)
                  0000996c    000001a4                     : mac_tx.obj (.text:macTxFrame)
                  00009b10    0000019c                     : fh_nt.obj (.text:FHNT_getEntry)
                  00009cac    0000019c     rf_multiMode_cc13x0.aem3 : RFCC26XX_multiMode.oem3 (.text:fsmSetupState)
                  00009e48    0000019c     maclib_secure.a : mac_data.obj (.text:macTxCompleteCallback)
                  00009fe4    00000198     mt_util.obj (.text:MtUtil_commandProcessing)
                  0000a17c    00000194     rf_multiMode_cc13x0.aem3 : RFCC26XX_multiMode.oem3 (.text:RF_scheduleCmd)
                  0000a310    00000190     mt.obj (.text:MT_sendResponse)
                  0000a4a0    00000190     drivers_cc13x0.aem3 : PowerCC26XX_calibrateRCOSC.oem3 (.text:PowerCC26XX_doCalibrate)
                  0000a630    00000188     maclib_secure.a : mac_ie_build.obj (.text:macBuildPayloadIes)
                  0000a7b8    00000180                     : mac_rx_onoff.obj (.text:macRxOn)
                  0000a938    0000017c     driverlib.lib : crypto.obj (.text:NOROM_CRYPTOCcmInvAuthDecrypt)
                  0000aab4    0000017c     maclib_secure.a : mac_mgmt.obj (.text:macTxCsmaDelay)
                  0000ac30    00000178     driverlib.lib : crypto.obj (.text:NOROM_CRYPTOCcmAuthEncrypt)
                  0000ada8    00000170     fh_pib.obj (.text:FHPIB_set)
                  0000af18    00000170     rf_multiMode_cc13x0.aem3 : RFCC26XX_multiMode.oem3 (.text:RF_schCmdRunInsertPreempt)
                  0000b088    00000164     drivers_cc13x0.aem3 : UARTCC26XX.oem3 (.text:UARTCC26XX_open)
                  0000b1ec    0000015c     maclib_secure.a : mac_beacon_device.obj (.text:macAutoPoll)
                  0000b348    0000015c                     : mac_radio_tx.obj (.text:macRadioCsmaTxCb)
                  0000b4a4    00000158     mac_security_pib.obj (.text:MAC_MlmeGetSecurityReq)
                  0000b5fc    00000154     maclib_secure.a : mac_mgmt.obj (.text:macApiDisassociateReq)
                  0000b750    00000154     rf_multiMode_cc13x0.aem3 : RFCC26XX_multiMode.oem3 (.text:radioOpDoneCb)
                  0000b8a4    0000014c     maclib_secure.a : mac_coord.obj (.text:macApiAssociateRsp)
                  0000b9f0    0000014c                     : mac_beacon_coord.obj (.text:macTxBeaconCompleteCallback)
                  0000bb3c    00000148                     : fh_api.obj (.text:FHAPI_completeTxCb)
                  0000bc84    00000148     rf_multiMode_cc13x0.aem3 : RFCC26XX_multiMode.oem3 (.text:fsmChangePhyState)
                  0000bdcc    00000148     maclib_secure.a : mac_coord.obj (.text:macRxDataReq)
                  0000bf14    00000144     macwrapper.obj (.text:macWrapperAddKeyInitFCtr)
                  0000c058    00000140     nvocop.obj (.text:compactPage$44)
                  0000c198    0000013c     rf_multiMode_cc13x0.aem3 : RFCC26XX_multiMode.oem3 (.text:hwiFxnCpe0Active)
                  0000c2d4    00000134     maclib_secure.a : mac_beacon_device.obj (.text:macApiSyncReq)
                  0000c408    00000130                     : mac_data.obj (.text:macAllocTxBuffer)
                  0000c538    00000130                     : mac_beacon_coord.obj (.text:macBeaconStartContinue)
                  0000c668    0000012e     mt_mac.obj (.text:MtMac_BeaconNotifyInd)
                  0000c796    00000002     drivers_cc13x0.aem3 : PowerCC26XX.oem3 (.text:emptyClockFunc)
                  0000c798    00000128     maclib_secure.a : fh_nt.obj (.text:FHNT_purgeTimerIsrCb$64)
                  0000c8c0    0000011c     drivers_cc13x0.aem3 : UARTCC26XX.oem3 (.text:UARTCC26XX_read)
                  0000c9dc    0000011c     maclib_secure.a : mac_mgmt.obj (.text:macApiWSAsyncReq$74)
                  0000caf8    0000011c     main.obj (.text:taskFxn$13)
                  0000cc14    00000118     maclib_secure.a : mac_security.obj (.text:macCcmStarTransform)
                  0000cd2c    00000114     drivers_cc13x0.aem3 : PowerCC26XX.oem3 (.text:Power_init)
                  0000ce40    00000112                         : UARTCC26XX.oem3 (.text:UARTCC26XX_hwiIntFxn)
                  0000cf52    00000002     maclib_secure.a : mac_pwr.obj (.text:macApiPwrOnReq)
                  0000cf54    00000108     mt_mac.obj (.text:macDataReq$2)
                  0000d05c    00000104     macwrapper.obj (.text:macWrapperDeleteDevice)
                  0000d160    00000100     rf_multiMode_cc13x0.aem3 : RFCC26XX_multiMode.oem3 (.text:fsmPowerUpState)
                  0000d260    00000100     maclib_secure.a : mac.obj (.text:macSetupRATChanCompare)
                  0000d360    00000100     macwrapper.obj (.text:macWrapperDeleteKeyAndAssociatedDevices)
                  0000d460    000000fc     rf_multiMode_cc13x0.aem3 : RFCC26XX_multiMode.oem3 (.text:RF_close)
                  0000d55c    000000fc     drivers_cc13x0.aem3 : UARTCC26XX.oem3 (.text:UARTCC26XX_write)
                  0000d658    000000f8     maclib_secure.a : fh_ie.obj (.text:FHIE_genCommonInformation$62)
                  0000d750    000000f4                     : fh_mgr.obj (.text:FHMGR_bcTimerIsrCb)
                  0000d844    000000f4                     : mac_radio_tx.obj (.text:macRadioTxPrepCsmaUnslotted)
                  0000d938    000000f0     driverlib.lib : setup.obj (.text:NOROM_SetupTrimDevice)
                  0000da28    000000f0     rf_multiMode_cc13x0.aem3 : RFCC26XX_multiMode.oem3 (.text:RF_pendCmd)
                  0000db18    000000f0     maclib_secure.a : mac_security.obj (.text:macCcmStarInverseTransform)
                  0000dc08    000000e8                     : mac_main.obj (.text:macSendDataMsg)
                  0000dcf0    000000e8     mt_mac.obj (.text:macStartReq$2)
                  0000ddd8    000000e4     maclib_secure.a : fh_ie.obj (.text:FHIE_parseHie)
                  0000debc    000000e4     dpl_cc13x0.aem3 : PowerCC26XX_tirtos.oem3 (.text:PowerCC26XX_standbyPolicy)
                  0000dfa0    000000e4     rf_multiMode_cc13x0.aem3 : RFCC26XX_multiMode.oem3 (.text:RF_requestAccess)
                  0000e084    000000e4     maclib_secure.a : mac_beacon.obj (.text:macBeaconSetSched)
                  0000e168    000000e4                     : mac_scan.obj (.text:macScanNextChan)
                  0000e24c    000000e0                     : mac_radio_tx.obj (.text:macRadioTxAck$83)
                  0000e32c    000000dc     drivers_cc13x0.aem3 : PINCC26XX.oem3 (.text:PINCC26XX_setIoCfg)
                  0000e408    000000dc     rf_multiMode_cc13x0.aem3 : RFCC26XX_multiMode.oem3 (.text:RF_getInfo)
                  0000e4e4    000000dc     maclib_secure.a : mac_radio.obj (.text:macRadioPowerUpBeaconMode)
                  0000e5c0    000000d8                     : fh_nt.obj (.text:FHNT_getRemoveEntryFromTemp$64)
                  0000e698    000000d8     driverlib.lib : rfc.obj (.text:NOROM_RFCOverrideUpdate)
                  0000e770    000000d8     rf_multiMode_cc13x0.aem3 : RFCC26XX_multiMode.oem3 (.text:RF_schCmdPriority)
                  0000e848    000000d8     maclib_secure.a : mac_mgmt.obj (.text:macCommStatusInd)
                  0000e920    000000d8                     : mac_radio_tx.obj (.text:macRadioLbtTxCb)
                  0000e9f8    000000d8     macwrapper.obj (.text:macWrapperDeleteAllDevices)
                  0000ead0    000000d4     drivers_cc13x0.aem3 : CryptoCC26XX.oem3 (.text:CryptoCC26XX_open)
                  0000eba4    000000d4     maclib_secure.a : fh_api.obj (.text:FHAPI_getTxParams)
                  0000ec78    000000d4     driverlib.lib : rfc.obj (.text:NOROM_RFCRfTrimRead)
                  0000ed4c    000000d4     rf_multiMode_cc13x0.aem3 : RFCC26XX_multiMode.oem3 (.text:RF_control)
                  0000ee20    000000d4                              : RFCC26XX_multiMode.oem3 (.text:RF_postCmd)
                  0000eef4    000000d4     maclib_secure.a : mac_coord.obj (.text:macIndirectExpire)
                  0000efc8    000000d0     macstack.obj (.text:MAC_CbackEvent)
                  0000f098    000000d0     maclib_secure.a : mac_data.obj (.text:macDataTxSend)
                  0000f168    000000d0                     : mac.obj (.text:macRatCb_A)
                  0000f238    000000d0                     : mac_coord.obj (.text:macStartBegin)
                  0000f308    000000d0                     : mac_symbol_timer.obj (.text:macSymbolTimerUpdateWakeup$87)
                  0000f3d8    000000ce     mt_mac.obj (.text:MtMac_ScanCnf)
                  0000f4a6    00000002     main.obj (.text:macHalAssertHandler$13)
                  0000f4a8    000000cc     driverlib.lib : crypto.obj (.text:NOROM_CRYPTOAesCbc)
                  0000f574    000000cc     nvocop.obj (.text:NVOCOP_writeItem)
                  0000f640    000000cc     maclib_secure.a : mac_beacon_coord.obj (.text:macApiBeaconStartReq)
                  0000f70c    000000cc                     : mac_security.obj (.text:macOutgoingFrameKeyDescRetrieval)
                  0000f7d8    000000ca     mt_mac.obj (.text:dataInd$2)
                  0000f8a2    00000002     maclib_secure.a : mac_mgmt.obj (.text:macNoAction)
                  0000f8a4    000000c8                     : mac_ie_build.obj (.text:macBuildHeaderIes)
                  0000f96c    000000c8                     : mac_scan.obj (.text:macScanRxBeacon)
                  0000fa34    000000c4                     : fh_data.obj (.text:FHDATA_procASYNCReq)
                  0000faf8    000000c4                     : mac_data.obj (.text:macDataTxEnqueue)
                  0000fbbc    000000c4     main.obj (.text:main)
                  0000fc80    000000c0     rf_multiMode_cc13x0.aem3 : RFCC26XX_multiMode.oem3 (.text:abortCmd)
                  0000fd40    000000c0     maclib_secure.a : mac_beacon_device.obj (.text:macBeaconSyncLoss)
                  0000fe00    000000c0                     : mac_device.obj (.text:macDeviceReset)
                  0000fec0    000000c0     mt_mac.obj (.text:macScanReq$2)
                  0000ff80    000000c0     maclib_secure.a : mac.obj (.text:macSendFsCmd)
                  00010040    000000c0                     : mac_tx.obj (.text:macTxFrameIsr)
                  00010100    000000be                     : fh_ie.obj (.text:FHIE_getLen)
                  000101be    00000002                     : mac_symbol_timer.obj (.text:macSymbolTimerICallPwrNotify$87)
                  000101c0    000000bc     drivers_cc13x0.aem3 : PowerCC26XX.oem3 (.text:Power_releaseDependency)
                  0001027c    000000bc                         : UARTCC26XX.oem3 (.text:UARTCC26XX_initHw)
                  00010338    000000bc     maclib_secure.a : mac_tx.obj (.text:macTxChannelBusyCallback)
                  000103f4    000000ba                     : mac_scan.obj (.text:MAC_MlmeScanReq)
                  000104ae    000000b8                     : fh_ie.obj (.text:FHIE_getPieContentLen$62)
                  00010566    00000002     rtsv7M3_T_le_eabi.lib : i_div0.obj (.text)
                  00010568    000000b8     rf_multiMode_cc13x0.aem3 : RFCC26XX_multiMode.oem3 (.text:RF_dispatchNextCmd)
                  00010620    000000b8     maclib_secure.a : mac_mgmt.obj (.text:macBuildBeaconNotifyInd)
                  000106d8    000000b8                     : mac_coord.obj (.text:macStartSetParams)
                  00010790    000000b4     drivers_cc13x0.aem3 : PowerCC26XX.oem3 (.text:Power_setDependency)
                  00010844    000000b0     maclib_secure.a : fh_nt.obj (.text:FHNT_AddDeviceCB)
                  000108f4    000000b0     board_led.obj (.text:board_led_blinkTimeoutCB$22)
                  000109a4    000000b0     maclib_secure.a : mac_rx.obj (.text:rxPostRxUpdates$84)
                  00010a54    000000ac                     : mac_coord.obj (.text:macCoordReset)
                  00010b00    000000ac     api_mac.obj (.text:processBeaconNotifyInd$10)
                  00010bac    000000aa     maclib_secure.a : fh_ie.obj (.text:FHIE_genExcludedChannelRanges$62)
                  00010c56    00000002     rtsv7M3_T_le_eabi.lib : l_div0.obj (.text)
                  00010c58    000000a8     rf_multiMode_cc13x0.aem3 : RFCC26XX_multiMode.oem3 (.text:discardPendCmd)
                  00010d00    000000a4     maclib_secure.a : fh_ie.obj (.text:FHIE_getChannelPlan$62)
                  00010da4    000000a4                     : fh_nt.obj (.text:FHNT_addTempEUI$64)
                  00010e48    000000a4     driverlib.lib : crypto.obj (.text:NOROM_CRYPTOAesEcb)
                  00010eec    000000a4     osal.obj (.text:osal_set_event)
                  00010f90    000000a4     drivers_cc13x0.aem3 : PowerCC26XX.oem3 (.text:switchXOSCHFclockFunc)
                  00011034    000000a0     rf_multiMode_cc13x0.aem3 : RFCC26XX_multiMode.oem3 (.text:RF_schChkCmdInsert)
                  000110d4    000000a0     auto_init.aem3 : auto_init.oem3 (.text)
                  00011174    000000a0     mt_mac.obj (.text:macAddDeviceReq$2)
                  00011214    000000a0     nvocop.obj (.text:writeItem$44)
                  000112b4    0000009c     npi_tl_uart.obj (.text:NPITLUART_initializeTransport)
                  00011350    0000009c     rf_multiMode_cc13x0.aem3 : RFCC26XX_multiMode.oem3 (.text:RF_issueRadioFreeCb)
                  000113ec    0000009c     maclib_secure.a : mac_coord.obj (.text:macBuildRealign)
                  00011488    0000009c                     : mac.obj (.text:macRatCb_B)
                  00011524    0000009c                     : mac_mgmt.obj (.text:macRxBeacon)
                  000115c0    0000009c     rtsv7M3_T_le_eabi.lib : memcpy_t2.obj (.text)
                  0001165c    0000009c     mt_ext.obj (.text:sendFragment$1)
                  000116f8    0000009c     rf_multiMode_cc13x0.aem3 : RFCC26XX_multiMode.oem3 (.text:swiFxnHw)
                  00011794    00000098     maclib_secure.a : fh_api.obj (.text:FHAPI_reset)
                  0001182c    00000098                     : fh_data.obj (.text:FHDATA_getPktFromQueue)
                  000118c4    00000098                     : fh_mgr.obj (.text:FHMGR_updateRadioBCChannel)
                  0001195c    00000098     drivers_cc13x0.aem3 : PINCC26XX.oem3 (.text:PIN_open)
                  000119f4    00000098                         : UARTCC26XX.oem3 (.text:UARTCC26XX_initIO)
                  00011a8c    00000098     maclib_secure.a : mac_coord.obj (.text:macIndirectMark$69)
                  00011b24    00000098                     : mac_scan.obj (.text:macScanRxCoordRealign)
                  00011bbc    00000098     rom_sysbios.aem3 : rom_sysbios.obj (.text:ti_sysbios_knl_Clock_workFuncDynamic__E)
                  00011c54    00000094     maclib_secure.a : mac_main.obj (.text:macCbackForEvent)
                  00011ce8    00000094     macwrapper.obj (.text:macWrapperGetDefaultSourceKey)
                  00011d7c    00000090     driverlib.lib : crypto.obj (.text:NOROM_CRYPTOAesLoadKey)
                  00011e0c    00000090     npi_frame_mt.obj (.text:NPIFrame_frameMsg)
                  00011e9c    00000090     npi_tl.obj (.text:NPITL_writeTL)
                  00011f2c    00000090     mt_mac.obj (.text:sendCRSP$2)
                  00011fbc    0000008e     maclib_secure.a : fh_ie.obj (.text:FHIE_extractHie)
                  0001204a    00000002     rom_sysbios.aem3 : rom_sysbios.obj (.text:ti_sysbios_BIOS_linkedWithIncorrectBootLibrary__E)
                  0001204c    0000008c     drivers_cc13x0.aem3 : UARTCC26XX.oem3 (.text:UARTCC26XX_close)
                  000120d8    0000008c                         : UARTCC26XX.oem3 (.text:UARTCC26XX_writeCancel)
                  00012164    0000008c     api_mac.obj (.text:copyDataInd$10)
                  000121f0    0000008c     maclib_secure.a : mac_radio_tx.obj (.text:macRadioTxPrepLbt)
                  0001227c    0000008c     drivers_cc13x0.aem3 : UARTCC26XX.oem3 (.text:writeFinishedDoCallback)
                  00012308    00000088                         : CryptoCC26XX.oem3 (.text:CryptoCC26XX_allocateKey)
                  00012390    00000088     driverlib.lib : osc.obj (.text:NOROM_OSCHF_GetStartupTime)
                  00012418    00000088     nvocop.obj (.text:findItem$44)
                  000124a0    00000088     maclib_secure.a : mac_timer.obj (.text:macTimerUpdateSymbolTimer)
                  00012528    00000088     osal.obj (.text:osal_msg_receive)
                  000125b0    00000088     maclib_secure.a : mac_tx.obj (.text:txComplete)
                  00012638    00000084     rf_multiMode_cc13x0.aem3 : RFCC26XX_multiMode.oem3 (.text:RF_ratDisableChannel)
                  000126bc    00000084     maclib_secure.a : mac_coord.obj (.text:macApiPurgeReq)
                  00012740    00000084                     : mac_mcu.obj (.text:macMcuBitReverse)
                  000127c4    00000084                     : mac_device.obj (.text:macRxAssocRsp)
                  00012848    00000080     npi_tl_uart.obj (.text:NPITLUART_readCallBack$9)
                  000128c8    00000080     rf_multiMode_cc13x0.aem3 : RFCC26XX_multiMode.oem3 (.text:RF_prepareRadio)
                  00012948    00000080                              : RFCC26XX_multiMode.oem3 (.text:hwiFxnCpe0PowerFsm)
                  000129c8    00000080     maclib_secure.a : mac_beacon_device.obj (.text:macTrackTimeoutCallback)
                  00012a48    00000080     mac_user_config.obj (.text:rf_patch_rfe_genfsk$12)
                  00012ac8    00000080     mac_user_config.obj (.text:rf_patch_rfe_sl_longrange$12)
                  00012b48    0000007c     board_led.obj (.text:Board_Led_control)
                  00012bc4    0000007c     driverlib.lib : crypto.obj (.text:NOROM_CRYPTOCcmInvAuthDecryptResultGet)
                  00012c40    0000007c     maclib_secure.a : mac_coord.obj (.text:macApiStartReq)
                  00012cbc    0000007c                     : mac_mcu.obj (.text:macMcuOverflowSetPeriod)
                  00012d38    0000007c                     : mac_radio_tx.obj (.text:macRadioTxAckCb$83)
                  00012db4    0000007a     rtsv7M3_T_le_eabi.lib : memset_t2.obj (.text)
                  00012e2e    00000002     app_pem3.oem3 (.text:ti_sysbios_BIOS_nullFunc__I)
                  00012e30    00000078     maclib_secure.a : fh_util.obj (.text:FHUTIL_getCurBfio)
                  00012ea8    00000078     rf_multiMode_cc13x0.aem3 : RFCC26XX_multiMode.oem3 (.text:RF_ratCompare)
                  00012f20    00000078                              : RFCC26XX_multiMode.oem3 (.text:RF_yield)
                  00012f98    00000078     mt_mac.obj (.text:macAssociateReq$2)
                  00013010    00000078     maclib_secure.a : mac_beacon.obj (.text:macBeaconCheckTxTime)
                  00013088    00000078                     : mac_data.obj (.text:macDataTxComplete)
                  00013100    00000078                     : mac_scan.obj (.text:macScanStartTimer)
                  00013178    00000078     drivers_cc13x0.aem3 : UARTCC26XX.oem3 (.text:writeTxFifoFlush)
                  000131f0    00000076     maclib_secure.a : mac_security.obj (.text:macKeyDescriptorLookup)
                  00013266    00000002     rom_sysbios.aem3 : rom_sysbios.obj (.text:ti_sysbios_knl_Clock_triggerFunc__I)
                  00013268    00000074     maclib_secure.a : fh_api.obj (.text:FHAPI_startBS)
                  000132dc    00000074                     : fh_nt.obj (.text:FHNT_getNTIndexFromTempIndex$64)
                  00013350    00000074     icall_cc2650.obj (.text:ICallPlatform_pwrUpdActivityCounter)
                  000133c4    00000074     npi_task.obj (.text:NPITask_transportRXCallBack$7)
                  00013438    00000074     rf_multiMode_cc13x0.aem3 : RFCC26XX_multiMode.oem3 (.text:hwiFxnHw)
                  000134ac    00000074     maclib_secure.a : mac_mcu.obj (.text:macMcuOverflowSetCompare)
                  00013520    00000074                     : mac_radio.obj (.text:macRadioUpdateChannel)
                  00013594    00000074                     : mac_radio.obj (.text:macRadioUpdateTxPower)
                  00013608    00000074     mt_mac.obj (.text:macWriteKeyReq$2)
                  0001367c    00000074     osal_pwrmgr.obj (.text:osal_pwrmgr_task_state)
                  000136f0    00000074     rom_sysbios.aem3 : rom_sysbios.obj (.text:ti_sysbios_family_arm_cc26xx_Timer_start__E)
                  00013764    00000070     maclib_secure.a : fh_dh1cf.obj (.text:FHDH1CF_getBCChannelNum)
                  000137d4    00000070                     : mac_coord.obj (.text:macIndirectTxFrame$69)
                  00013844    00000070                     : mac_radio.obj (.text:macRadioUpdateChannelRx)
                  000138b4    00000070                     : mac_tx.obj (.text:macTxAckReceivedCallback)
                  00013924    00000070     nvocop.obj (.text:writeWord$44)
                  00013994    0000006c     maclib_secure.a : fh_data.obj (.text:FHDATA_purgePktFromQueue)
                  00013a00    0000006c     drivers_cc13x0.aem3 : PowerCC26XX_calibrateRCOSC.oem3 (.text:PowerCC26XX_initiateCalibration)
                  00013a6c    0000006c     maclib_secure.a : mac_beacon.obj (.text:macBeaconSetupCap)
                  00013ad8    0000006c                     : mac_tx.obj (.text:txGo$88)
                  00013b44    00000068     driverlib.lib : sys_ctrl.obj (.text:NOROM_SysCtrlAdjustRechargeAfterPowerDown)
                  00013bac    00000068                   : sys_ctrl.obj (.text:NOROM_SysCtrl_DCDC_VoltageConditionalControl)
                  00013c14    00000068     npi_task.obj (.text:NPITask_task)
                  00013c7c    00000068     drivers_cc13x0.aem3 : UARTCC26XX.oem3 (.text:UARTCC26XX_readCancel)
                  00013ce4    00000068     rtsv7M3_T_le_eabi.lib : copy_decompress_lzss.obj (.text:decompress:lzss)
                  00013d4c    00000068     rf_multiMode_cc13x0.aem3 : RFCC26XX_multiMode.oem3 (.text:fsmXOSCState)
                  00013db4    00000068     drivers_cc13x0.aem3 : PowerCC26XX.oem3 (.text:lfClockReadyCallback)
                  00013e1c    00000068     mt_mac.obj (.text:macDisassociateReq$2)
                  00013e84    00000068     maclib_secure.a : mac_main.obj (.text:macSendMsg)
                  00013eec    00000068                     : mac_beacon_device.obj (.text:macSyncTimeoutCallback)
                  00013f54    00000064                     : fh_nt.obj (.text:FHNT_putEntry)
                  00013fb8    00000064     driverlib.lib : osc.obj (.text:NOROM_OSCHF_AttemptToSwitchToXosc)
                  0001401c    00000064     drivers_cc13x0.aem3 : PowerCC26XX.oem3 (.text:configureXOSCHF)
                  00014080    00000064     nvocop.obj (.text:findItemInCache$44)
                  000140e4    00000064     maclib_secure.a : mac_coord.obj (.text:macApiOrphanRsp)
                  00014148    00000064                     : mac_device.obj (.text:macAssocDataRxInd)
                  000141ac    00000064                     : mac_beacon_coord.obj (.text:macBeaconPeriodCallback$67)
                  00014210    00000064                     : mac_device.obj (.text:macRxCoordRealign)
                  00014274    00000064                     : mac_mgmt.obj (.text:macRxDisassoc)
                  000142d8    00000064                     : mac_rx.obj (.text:macRxHaltCleanup)
                  0001433c    00000064                     : mac_symbol_timer.obj (.text:macSymbolTimerInit)
                  000143a0    00000064                     : mac_beacon_device.obj (.text:macTrackPeriodCallback)
                  00014404    00000064     osal.obj (.text:osal_msg_enqueue_push$34)
                  00014468    00000062     maclib_secure.a : mac_mgmt.obj (.text:macBuildWSAsyncMsg$74)
                  000144ca    00000002     app_pem3.oem3 (.text:ti_sysbios_rom_cortexm_cc13xx_CC13xx_badRomRevision__E)
                  000144cc    00000060     driverlib.lib : osc.obj (.text:NOROM_OSCClockSourceSet)
                  0001452c    00000060     drivers_cc13x0.aem3 : UARTCC26XX.oem3 (.text:UARTCC26XX_control)
                  0001458c    00000060     mt_util.obj (.text:loopTimerCB$4)
                  000145ec    00000060     maclib_secure.a : mac_data.obj (.text:macFrameDuration)
                  0001464c    00000060                     : mac_radio.obj (.text:macGetRadioTxPowerReg)
                  000146ac    00000060                     : mac_scan.obj (.text:macScanComplete)
                  0001470c    00000060                     : mac_beacon_device.obj (.text:macTrackStartCallback)
                  0001476c    00000060     osal.obj (.text:osal_msg_send)
                  000147cc    0000005e     maclib_secure.a : fh_mgr.obj (.text:FHMGR_updateRadioUCChannel)
                  0001482a    00000002     rom_sysbios.aem3 : rom_sysbios.obj (.text:xdc_runtime_SysCallback_defaultAbort)
                  0001482c    0000005c     maclib_secure.a : mac_mgmt.obj (.text:MAC_ResumeReq)
                  00014888    0000005c     drivers_cc13x0.aem3 : PowerCC26XX_calibrateRCOSC.oem3 (.text:PowerCC26XX_RCOSC_clockFunc)
                  000148e4    0000005c                         : PowerCC26XX.oem3 (.text:PowerCC26XX_calibrate)
                  00014940    0000005c     maclib_secure.a : mac_beacon_coord.obj (.text:macBeaconTxCallback$67)
                  0001499c    0000005c                     : mac_symbol_timer.obj (.text:macSymbolTimerEventHandler$87)
                  000149f8    0000005c     mac_user_config.obj (.text:rf_patch_mce_sl_longrange$12)
                  00014a54    0000005c     rf_multiMode_cc13x0.aem3 : RFCC26XX_multiMode.oem3 (.text:syncCb)
                  00014ab0    0000005c     app_pem3.oem3 (.text:xdc_runtime_Startup_getState__I)
                  00014b0c    00000058     maclib_secure.a : fh_util.obj (.text:FHUTIL_getBitCounts)
                  00014b64    00000058     npi_task.obj (.text:NPITask_incomingFrameCB$7)
                  00014bbc    00000058     drivers_cc13x0.aem3 : PINCC26XX.oem3 (.text:PIN_remove)
                  00014c14    00000058     mac_user_config.obj (.text:applyGenfskPatch$12)
                  00014c6c    00000058     rf_multiMode_cc13x0.aem3 : RFCC26XX_multiMode.oem3 (.text:applyRfCorePatch)
                  00014cc4    00000058     mac_user_config.obj (.text:applySl_longrangePatch$12)
                  00014d1c    00000058     rf_multiMode_cc13x0.aem3 : RFCC26XX_multiMode.oem3 (.text:calculateDispatchTime)
                  00014d74    00000058     maclib_secure.a : mac_main.obj (.text:macExecute)
                  00014dcc    00000058     mt_mac.obj (.text:macOrphanRsp$2)
                  00014e24    00000058     maclib_secure.a : mac_device.obj (.text:macPollDataRxInd)
                  00014e7c    00000058                     : mac_timer.obj (.text:macTimerAddTimer)
                  00014ed4    00000058     rf_multiMode_cc13x0.aem3 : RFCC26XX_multiMode.oem3 (.text:ratChanAlloc)
                  00014f2c    00000058                              : RFCC26XX_multiMode.oem3 (.text:ratChanFree)
                  00014f84    00000058     mcp.obj (.text:relayRxMsg$14)
                  00014fdc    00000054     drivers_cc13x0.aem3 : CryptoCC26XX.oem3 (.text:CryptoCC26XX_close)
                  00015030    00000054     maclib_secure.a : fh_mgr.obj (.text:FHMGR_macStartFHTimer)
                  00015084    00000054     mt_ext.obj (.text:abortFragMsg$1)
                  000150d8    00000054     maclib_secure.a : mac_device.obj (.text:macApiPollReq)
                  0001512c    00000054     mt_mac.obj (.text:macAssociateRsp$2)
                  00015180    00000054     mt_mac.obj (.text:macAsyncReq$2)
                  000151d4    00000054     maclib_secure.a : mac_beacon_coord.obj (.text:macBeaconPrepareCallback)
                  00015228    00000054                     : mac_mgmt.obj (.text:macDisassocComplete)
                  0001527c    00000054                     : mac_radio.obj (.text:macRadioWakeupCb)
                  000152d0    00000054                     : mac_security.obj (.text:macUpdatePanId)
                  00015324    00000054                     : mac_ie_parse.obj (.text:macUpdatePayloadIEPtr)
                  00015378    00000054     api_mac.obj (.text:processScanCnf$10)
                  000153cc    00000052     maclib_secure.a : fh_ie.obj (.text:FHIE_genExcludedChannelMask$62)
                  0001541e    00000052                     : fh_ie.obj (.text:FHIE_getSubPie$62)
                  00015470    00000050                     : fh_data.obj (.text:FHDATA_requeuePkt)
                  000154c0    00000050                     : fh_nt.obj (.text:FHNT_DelDeviceCB)
                  00015510    00000050     driverlib.lib : crypto.obj (.text:NOROM_CRYPTOCcmAuthEncryptResultGet)
                  00015560    00000050     npi_task.obj (.text:NPITask_createTask)
                  000155b0    00000050     rf_multiMode_cc13x0.aem3 : RFCC26XX_multiMode.oem3 (.text:RF_getCurrentTime)
                  00015600    00000050                              : RFCC26XX_multiMode.oem3 (.text:RF_ieeeExpansion)
                  00015650    00000050     maclib_secure.a : mac_device.obj (.text:macAssocDataReqComplete)
                  000156a0    00000050                     : mac_beacon_device.obj (.text:macBeaconStartFrameResponseTimer)
                  000156f0    00000050                     : mac.obj (.text:macFsCb$79)
                  00015740    00000050                     : mac_coord.obj (.text:macIndirectRequeueFrame$69)
                  00015790    00000050     mt_mac.obj (.text:macPollReq$2)
                  000157e0    00000050     maclib_secure.a : mac_radio.obj (.text:macRadioSetChannel)
                  00015830    00000050                     : mac_symbol_timer.obj (.text:macSymbolTimerSetRollover)
                  00015880    00000050                     : mac_timer.obj (.text:macTimerCancel)
                  000158d0    00000050     drivers_cc13x0.aem3 : UARTCC26XX.oem3 (.text:startTxFifoEmptyClk)
                  00015920    0000004c     maclib_secure.a : fh_ie.obj (.text:FHIE_getCcaSfdTime$62)
                  0001596c    0000004c                     : fh_mgr.obj (.text:FHMGR_ucTimerIsrCb)
                  000159b8    0000004c     fh_pib.obj (.text:FHPIB_get)
                  00015a04    0000004c     mt_mac.obj (.text:MtMac_DataCnf)
                  00015a50    0000004c     rf_multiMode_cc13x0.aem3 : RFCC26XX_multiMode.oem3 (.text:RF_wakeupNotifyFxn)
                  00015a9c    0000004c     mt_mac.obj (.text:macGetFhReq$2)
                  00015ae8    0000004c     maclib_secure.a : mac_coord.obj (.text:macRxAssociateReq)
                  00015b34    0000004c                     : mac_rx.obj (.text:macRxNokIsr)
                  00015b80    0000004c                     : mac_rx_onoff.obj (.text:macRxOffRequest)
                  00015bcc    0000004c                     : mac_tx.obj (.text:macTxAckNotReceivedCallback)
                  00015c18    0000004c     rtsv7M3_T_le_eabi.lib : cpy_tbl.obj (.text)
                  00015c64    0000004a     maclib_secure.a : fh_dh1cf.obj (.text:FHDH1CF_mapChIdxChannel)
                  00015cae    0000004a     macstack.obj (.text:icall_slimMsgParser)
                  00015cf8    00000048     dpl_cc13x0.aem3 : ClockP_tirtos.oem3 (.text:ClockP_construct)
                  00015d40    00000048     maclib_secure.a : fh_sm.obj (.text:FHSM_event)
                  00015d88    00000048     mac_security_pib.obj (.text:MAC_MlmeGetSecurityReqSize)
                  00015dd0    00000048     drivers_cc13x0.aem3 : PINCC26XX.oem3 (.text:PIN_setOutputEnable)
                  00015e18    00000048     rf_multiMode_cc13x0.aem3 : RFCC26XX_multiMode.oem3 (.text:Q_push)
                  00015e60    00000048     timer.obj (.text:Timer_construct)
                  00015ea8    00000048     maclib_secure.a : mac_device.obj (.text:macAssocDataReq)
                  00015ef0    00000048                     : mac_beacon.obj (.text:macBeaconInit)
                  00015f38    00000048                     : mac_beacon_coord.obj (.text:macStartBeaconPrepareCallback$67)
                  00015f80    00000048                     : mac.obj (.text:macStopCmd)
                  00015fc8    00000048     rf_multiMode_cc13x0.aem3 : RFCC26XX_multiMode.oem3 (.text:postDirImmCmd)
                  00016010    00000046     maclib_secure.a : fh_dh1cf.obj (.text:FHDH1CF_getCh)
                  00016056    00000046                     : fh_ie.obj (.text:FHIE_getCommonInformationLen$62)
                  0001609c    00000044                     : fh_api.obj (.text:FHAPI_getRemDT)
                  000160e0    00000044                     : fh_nt.obj (.text:FHNT_getEUI)
                  00016124    00000044     mac_pib.obj (.text:MAC_MlmeGetReq)
                  00016168    00000044     rf_multiMode_cc13x0.aem3 : RFCC26XX_multiMode.oem3 (.text:RF_releasePowerConstraint)
                  000161ac    00000044     drivers_cc13x0.aem3 : RingBuf.oem3 (.text:RingBuf_put)
                  000161f0    00000044     boot.aem3 : boot.oem3 (.text)
                  00016234    00000044     nvocop.obj (.text:erasePage$44)
                  00016278    00000044     maclib_secure.a : mac_device.obj (.text:macPollDataReqComplete)
                  000162bc    00000044                     : mac.obj (.text:macSetupReceiveCmd)
                  00016300    00000044                     : mac_device.obj (.text:macStartFrameResponseTimer)
                  00016344    00000044     drivers_cc13x0.aem3 : PowerCC26XX.oem3 (.text:notify)
                  00016388    00000042     mt_mac.obj (.text:MtMac_CommStatusInd)
                  000163ca    00000042     api_mac.obj (.text:copyMacPanDescToApiMacPanDesc$10)
                  0001640c    00000040     maclib_secure.a : fh_dh1cf.obj (.text:FHDH1CF_hashword)
                  0001644c    00000040     hal_trng_wrapper.obj (.text:HalTRNG_GetTRNG)
                  0001648c    00000040     osal.obj (.text:ICall_setTimer$34)
                  000164cc    00000040     maclib_secure.a : mac_symbol_timer.obj (.text:ICall_setTimer$87)
                  0001650c    00000040                     : mac_tx.obj (.text:ICall_setTimer$88)
                  0001654c    00000040     driverlib.lib : chipinfo.obj (.text:NOROM_ChipInfo_GetHwRevision)
                  0001658c    00000040     npi_task.obj (.text:NPITask_sendBufToStack$7)
                  000165cc    00000040     nvocop.obj (.text:NVOCOP_initNV)
                  0001660c    00000040     drivers_cc13x0.aem3 : PINCC26XX.oem3 (.text:PIN_swi)
                  0001664c    00000040     rf_multiMode_cc13x0.aem3 : RFCC26XX_multiMode.oem3 (.text:RF_getRssi)
                  0001668c    00000040     drivers_cc13x0.aem3 : UART.oem3 (.text:UART_init)
                  000166cc    00000040                         : UART.oem3 (.text:UART_open)
                  0001670c    00000040     maclib_secure.a : mac_mcu.obj (.text:macMcuInit)
                  0001674c    00000040                     : mac_device.obj (.text:macPollFrameResponseTimeout)
                  0001678c    00000040                     : mac_main.obj (.text:mac_msg_deallocate)
                  000167cc    00000040     rtsv7M3_T_le_eabi.lib : u_divt2.obj (.text)
                  0001680c    00000040     rom_sysbios.aem3 : rom_sysbios.obj (.text:ti_sysbios_family_arm_cc26xx_Timer_setThreshold__I)
                  0001684c    0000003e     dpl_cc13x0.aem3 : HwiP_tirtos.oem3 (.text:HwiP_construct)
                  0001688a    0000003e     mt_mac.obj (.text:MtMac_SyncLossInd)
                  000168c8    0000003e     drivers_cc13x0.aem3 : RingBuf.oem3 (.text:RingBuf_get)
                  00016906    00000002     rom_sysbios.aem3 : rom_sysbios.obj (.text:xdc_runtime_SysCallback_defaultExit)
                  00016908    0000003c     board_palna.obj (.text:Board_Palna_initialize)
                  00016944    0000003c     maclib_secure.a : fh_mgr.obj (.text:FHMGR_updateHopping)
                  00016980    0000003c                     : fh_util.obj (.text:FHUTIL_getCurUfsi)
                  000169bc    0000003c     icall_cc2650.obj (.text:ICallPlatform_pwrConfigACAction)
                  000169f8    0000003c     npi_task.obj (.text:ICall_enrollService$7)
                  00016a34    0000003c     api_mac.obj (.text:ICall_sendServiceMsg$10)
                  00016a70    0000003c     osal.obj (.text:ICall_setTimerMSecs$34)
                  00016aac    0000003c     driverlib.lib : osc.obj (.text:NOROM_OSC_HPOSCRelativeFrequencyOffsetGet)
                  00016ae8    0000003c                   : rfc.obj (.text:NOROM_RFCSynthPowerDown)
                  00016b24    0000003c     npi_tl.obj (.text:NPITL_transmissionCallBack$8)
                  00016b60    0000003c     nvocop.obj (.text:NVOCOP_compactNV)
                  00016b9c    0000003c     drivers_cc13x0.aem3 : PowerCC26XX.oem3 (.text:PowerCC26XX_isStableXOSC_HF)
                  00016bd8    0000003c     dpl_cc13x0.aem3 : SwiP_tirtos.oem3 (.text:SwiP_construct)
                  00016c14    0000003c     drivers_cc13x0.aem3 : PowerCC26XX.oem3 (.text:disableLfClkQualifiersEnableClkLoss)
                  00016c50    0000003c     rf_multiMode_cc13x0.aem3 : RFCC26XX_multiMode.oem3 (.text:getCmd)
                  00016c8c    0000003c     maclib_secure.a : mac_mgmt.obj (.text:macBcTimerHandler)
                  00016cc8    0000003c                     : mac_beacon.obj (.text:macBeaconRequeue)
                  00016d04    0000003c                     : mac_rx_onoff.obj (.text:macRxDisable)
                  00016d40    0000003c                     : mac.obj (.text:macSetupFsCmd)
                  00016d7c    0000003c                     : mac_coord.obj (.text:macStartContinue)
                  00016db8    0000003c                     : mac_tx.obj (.text:macTxDecrypt)
                  00016df4    0000003c     osal.obj (.text:osal_msg_extract)
                  00016e30    0000003c     rom_sysbios.aem3 : rom_sysbios.obj (.text:ti_sysbios_family_arm_m3_Hwi_construct2__E)
                  00016e6c    0000003a     maclib_secure.a : fh_dh1cf.obj (.text:FHDH1CF_getChannelNum)
                  00016ea6    0000003a     util.obj (.text:Util_bufferUint32)
                  00016ee0    00000038     api_mac.obj (.text:ApiMac_buildMsgCapInfo)
                  00016f18    00000038     maclib_secure.a : fh_api.obj (.text:FHAPI_stopAsync)
                  00016f50    00000038     hal_trng_wrapper.obj (.text:HalTRNG_InitTRNG)
                  00016f88    00000038     macstack.obj (.text:ICall_enrollService$41)
                  00016fc0    00000038     nvocop.obj (.text:NVOCOP_readItem)
                  00016ff8    00000038     drivers_cc13x0.aem3 : PINCC26XX.oem3 (.text:PIN_setOutputValue)
                  00017030    00000038                         : UARTCC26XX.oem3 (.text:UARTCC26XX_swiIntFxn)
                  00017068    00000038     maclib_secure.a : mac_device.obj (.text:macAssocFailed)
                  000170a0    00000038     mac_pib.obj (.text:macMRFSKGetPhyDesc)
                  000170d8    00000038     maclib_secure.a : mac.obj (.text:macSetUserConfig)
                  00017110    00000038                     : mac_beacon_device.obj (.text:macStartBroadcastPendTimer)
                  00017148    00000038                     : mac_symbol_timer.obj (.text:macSymbolTimerCount)
                  00017180    00000038     osal.obj (.text:osal_msg_dequeue)
                  000171b8    00000038     drivers_cc13x0.aem3 : UARTCC26XX.oem3 (.text:readData)
                  000171f0    00000038     rom_sysbios.aem3 : rom_sysbios.obj (.text:ti_sysbios_family_arm_cc26xx_Timer_getCurrentTick__E)
                  00017228    00000038     drivers_cc13x0.aem3 : UARTCC26XX.oem3 (.text:writeData)
                  00017260    00000036     api_mac.obj (.text:ApiMac_convertCapabilityInfo)
                  00017296    00000036     maclib_secure.a : fh_ie.obj (.text:FHIE_getPie$62)
                  000172cc    00000036     mt_mac.obj (.text:MtMac_AssociateInd)
                  00017302    00000002     --HOLE-- [fill = 0]
                  00017304    00000034     maclib_secure.a : fh_api.obj (.text:FHAPI_SFDRxCb)
                  00017338    00000034     osal.obj (.text:ICall_send$34)
                  0001736c    00000034     maclib_secure.a : fh_mgr.obj (.text:ICall_setTimer$63)
                  000173a0    00000034     mt_sys.obj (.text:MtSys_resetReq)
                  000173d4    00000034     driverlib.lib : ddi.obj (.text:NOROM_DDI32RegWrite)
                  00017408    00000034                   : osc.obj (.text:NOROM_OSCHF_SwitchToRcOscTurnOffXosc)
                  0001743c    00000034     npi_rxbuf.obj (.text:NPIRxBuf_ReadFromRxBuf)
                  00017470    00000034     npi_tl.obj (.text:NPITL_readTL)
                  000174a4    00000034     drivers_cc13x0.aem3 : PINCC26XX.oem3 (.text:PIN_setConfig)
                  000174d8    00000034                         : PowerCC26XX.oem3 (.text:Power_releaseConstraint)
                  0001750c    00000034     rf_multiMode_cc13x0.aem3 : RFCC26XX_multiMode.oem3 (.text:Q_end)
                  00017540    00000034                              : RFCC26XX_multiMode.oem3 (.text:RF_checkCmdFsError)
                  00017574    00000034     mt_mac.obj (.text:macAdrToSba$2)
                  000175a8    00000034     maclib_secure.a : mac_device.obj (.text:macAssociateCnf)
                  000175dc    00000034                     : mac_beacon_device.obj (.text:macBeaconStopTrack)
                  00017610    00000034                     : mac_timer.obj (.text:macTimerRecalcUnaligned)
                  00017644    00000034                     : mac_tx.obj (.text:macTxUpdateIE)
                  00017678    00000034     osal.obj (.text:osal_msg_enqueue)
                  000176ac    00000034     rom_sysbios.aem3 : rom_sysbios.obj (.text:ti_sysbios_family_arm_cc26xx_Timer_initDevice__I)
                  000176e0    00000034                      : rom_sysbios.obj (.text:ti_sysbios_knl_Swi_setPri__E)
                  00017714    00000032     maclib_secure.a : fh_ie.obj (.text:FHIE_getHie$62)
                  00017746    00000032     icall_cc2650.obj (.text:ICallPlatform_pwrNotify$18)
                  00017778    00000032     maclib_secure.a : mac_scan.obj (.text:macScanCnfInit)
                  000177aa    00000032     rom_sysbios.aem3 : rom_sysbios.obj (.text:ti_sysbios_family_arm_cc26xx_Timer_setNextTick__E)
                  000177dc    00000030     api_mac.obj (.text:ApiMac_mlmeGetReqArrayLen)
                  0001780c    00000030     maclib_secure.a : fh_nt.obj (.text:FHNT_delTempIndex$64)
                  0001783c    00000030     hal_flash_wrapper.obj (.text:HalFlashRead)
                  0001786c    00000030     icall_cc2650.obj (.text:ICallPlatform_pwrRegisterNotify)
                  0001789c    00000030     driverlib.lib : crypto.obj (.text:NOROM_CRYPTOAesEcbStatus)
                  000178cc    00000030                   : crypto.obj (.text:NOROM_CRYPTOCcmAuthEncryptStatus)
                  000178fc    00000030                   : crypto.obj (.text:NOROM_CRYPTOCcmInvAuthDecryptStatus)
                  0001792c    00000030                   : setup_rom.obj (.text:NOROM_SetupSetAonRtcSubSecInc)
                  0001795c    00000030     drivers_cc13x0.aem3 : PowerCC26XX.oem3 (.text:Power_setConstraint)
                  0001798c    00000030     nvocop.obj (.text:disableCache$44)
                  000179bc    00000030     maclib_secure.a : mac_coord.obj (.text:macRxOrphan)
                  000179ec    00000030                     : mac_timer.obj (.text:macTimerSetRollover)
                  00017a1c    00000030     api_mac.obj (.text:mlmeGetFhReq$10)
                  00017a4c    00000030     osal.obj (.text:osal_alien2proxy)
                  00017a7c    00000030     drivers_cc13x0.aem3 : UARTCC26XX.oem3 (.text:readData2RingBuf)
                  00017aac    00000030     app_pem3.oem3 (.text:ti_sysbios_BIOS_atExitFunc__I)
                  00017adc    00000030     app_pem3.oem3 (.text:ti_sysbios_BIOS_startFunc__I)
                  00017b0c    0000002e     icall_cc2650.obj (.text:ICallPlatform_pwrDispenseImpl$18)
                  00017b3a    0000002e     icall_cc2650.obj (.text:ICallPlatform_pwrRequireImpl$18)
                  00017b68    0000002e     drivers_cc13x0.aem3 : CryptoCC26XX.oem3 (.text:cryptoTransactionPend)
                  00017b96    0000002c     maclib_secure.a : fh_ie.obj (.text:FHIE_getExcludedChannelControl$62)
                  00017bc2    00000002     --HOLE-- [fill = 0]
                  00017bc4    0000002c                     : fh_sm.obj (.text:FSM_transaction_debug)
                  00017bf0    0000002c     mt_mac.obj (.text:MtMac_AssociateCnf)
                  00017c1c    0000002c     mt_mac.obj (.text:MtMac_DisassociateInd)
                  00017c48    0000002c     driverlib.lib : chipinfo.obj (.text:NOROM_ChipInfo_GetChipType)
                  00017c74    0000002c                   : osc.obj (.text:NOROM_OSCClockSourceGet)
                  00017ca0    0000002c                   : rfc.obj (.text:NOROM_RFCCPEPatchReset)
                  00017ccc    0000002c     drivers_cc13x0.aem3 : PINCC26XX.oem3 (.text:PINCC26XX_setMux)
                  00017cf8    0000002c     dpl_cc13x0.aem3 : SemaphoreP_tirtos.oem3 (.text:SemaphoreP_constructBinary)
                  00017d24    0000002c     rf_multiMode_cc13x0.aem3 : RFCC26XX_multiMode.oem3 (.text:clkPowerUpFxn)
                  00017d50    0000002c     nvocop.obj (.text:findOffset$44)
                  00017d7c    0000002c     maclib_secure.a : mac_beacon_coord.obj (.text:macBeaconSetPrepareTime$67)
                  00017da8    0000002c     mac_pib.obj (.text:macPibReset)
                  00017dd4    0000002c     maclib_secure.a : mac_radio.obj (.text:macRadioSetPanCoordinator)
                  00017e00    0000002c                     : mac_rx_onoff.obj (.text:macRxHardDisable)
                  00017e2c    0000002c                     : mac_symbol_timer.obj (.text:macSymbolTimerICallTimerCback$87)
                  00017e58    0000002c     osal.obj (.text:osal_msec_timer_cback$34)
                  00017e84    0000002c     saddr.obj (.text:sAddrCmp)
                  00017eb0    0000002c     mt_ext.obj (.text:sendStatus$1)
                  00017edc    0000002c     rom_sysbios.aem3 : rom_sysbios.obj (.text:ti_sysbios_knl_Clock_getTicksUntilInterrupt__E)
                  00017f08    0000002a                      : rom_sysbios.obj (.text:ti_sysbios_knl_Clock_getTimeout__E)
                  00017f32    00000028     drivers_cc13x0.aem3 : CryptoCC26XX.oem3 (.text:CryptoCC26XX_releaseKey)
                  00017f5a    00000002     --HOLE-- [fill = 0]
                  00017f5c    00000028     maclib_secure.a : fh_mgr.obj (.text:FHMGR_macCancelFHTimer)
                  00017f84    00000028     npi_frame_mt.obj (.text:ICall_allocMsg$5)
                  00017fac    00000028     mt_ext.obj (.text:ICall_malloc$1)
                  00017fd4    00000028     mt_mac.obj (.text:ICall_malloc$2)
                  00017ffc    00000028     npi_task.obj (.text:ICall_malloc$7)
                  00018024    00000028     mac_security_pib.obj (.text:MAC_MlmeGetPointerSecurityReq)
                  0001804c    00000028     mt_mac.obj (.text:MtMac_DisassociateCnf)
                  00018074    00000028     driverlib.lib : aon_batmon.obj (.text:NOROM_AONBatMonTemperatureGetDegC)
                  0001809c    00000028                   : rfc.obj (.text:NOROM_RFCDoorbellSendTo)
                  000180c4    00000028     npi_tl_uart.obj (.text:NPITLUART_writeCallBack$9)
                  000180ec    00000028     drivers_cc13x0.aem3 : PowerCC26XX.oem3 (.text:Power_registerNotify)
                  00018114    00000028     driverlib.lib : adi.obj (.text:SafeHapiVoid)
                  0001813c    00000028     board_led.obj (.text:board_led_anyBlinking$22)
                  00018164    00000028     maclib_secure.a : mac_beacon.obj (.text:macBeaconCheckSched)
                  0001818c    00000028                     : mac_mgmt.obj (.text:macCoordAddrCmp)
                  000181b4    00000028                     : mac_mgmt.obj (.text:macGetCoordAddress)
                  000181dc    00000028                     : mac_timer.obj (.text:macTimerAligned)
                  00018204    00000028                     : mac_tx.obj (.text:macTxRequestCsmaRtcDelay)
                  0001822c    00000028     osal_memory_icall.obj (.text:osal_mem_alloc)
                  00018254    00000028     osal_timers.obj (.text:osal_next_timeout)
                  0001827c    00000026     maclib_secure.a : fh_util.obj (.text:FHUTIL_getMaxChannels)
                  000182a2    00000026                     : fh_util.obj (.text:FHUTIL_getTxUfsi)
                  000182c8    00000026     mt_mac.obj (.text:MtMac_OrphanInd)
                  000182ee    00000026     maclib_secure.a : mac_radio.obj (.text:radioComputeED$82)
                  00018314    00000024     drivers_cc13x0.aem3 : CryptoCC26XX.oem3 (.text:CryptoCC26XX_hwiIntFxn)
                  00018338    00000024     maclib_secure.a : fh_api.obj (.text:FHAPI_getTxChHoppingFunc)
                  0001835c    00000024     fh_pib.obj (.text:FHPIB_getLen)
                  00018380    00000024     osal_pwrmgr.obj (.text:ICall_pwrUpdActivityCounter$38)
                  000183a4    00000024     mt_mac.obj (.text:MtMac_PollInd)
                  000183c8    00000024     npi_task.obj (.text:NPITask_transportTxDoneCallBack$7)
                  000183ec    00000024     rf_multiMode_cc13x0.aem3 : RFCC26XX_multiMode.oem3 (.text:allocCmd)
                  00018410    00000024     maclib_secure.a : mac_mgmt.obj (.text:macApiPending)
                  00018434    00000024                     : mac_device.obj (.text:macAssocFrameResponseTimeout)
                  00018458    00000024                     : mac.obj (.text:macClientSwitchCb)
                  0001847c    00000024                     : mac_radio.obj (.text:macRadioStopScan)
                  000184a0    00000024                     : mac_radio_tx.obj (.text:macRadioTxRequestTxAck)
                  000184c4    00000024                     : mac_coord.obj (.text:macRxBeaconReq)
                  000184e8    00000024                     : mac_rx_onoff.obj (.text:macRxSoftDisable)
                  0001850c    00000024                     : mac_coord.obj (.text:macStartComplete)
                  00018530    00000024                     : mac_symbol_timer.obj (.text:macSymbolTimerSetTriggerRollover)
                  00018554    00000024     osal.obj (.text:osal_msg_allocate)
                  00018578    00000024     rtsv7M3_T_le_eabi.lib : memcmp.obj (.text)
                  0001859c    00000024     app_pem3.oem3 (.text:ti_sysbios_BIOS_registerRTSLock__I)
                  000185c0    00000024     app_pem3.oem3 (.text:ti_sysbios_BIOS_removeRTSLock__I)
                  000185e4    00000024     rom_sysbios.aem3 : rom_sysbios.obj (.text:ti_sysbios_family_arm_cc26xx_Timer_getMaxTicks__E)
                  00018608    00000022     drivers_cc13x0.aem3 : List.oem3 (.text:List_put)
                  0001862a    00000002     --HOLE-- [fill = 0]
                  0001862c    00000020     maclib_secure.a : fh_data.obj (.text:FHDATA_updateCCA)
                  0001864c    00000020                     : fh_util.obj (.text:FHUTIL_updateUcNumChannels)
                  0001866c    00000020     hal_flash_wrapper.obj (.text:HalFlashGetAddress)
                  0001868c    00000020     api_mac.obj (.text:ICall_free$10)
                  000186ac    00000020     mt_ext.obj (.text:ICall_free$1)
                  000186cc    00000020     mt_mac.obj (.text:ICall_free$2)
                  000186ec    00000020     osal_memory_icall.obj (.text:ICall_free$37)
                  0001870c    00000020     npi_task.obj (.text:ICall_free$7)
                  0001872c    00000020     npi_frame_mt.obj (.text:ICall_freeMsg$5)
                  0001874c    00000020     npi_task.obj (.text:ICall_freeMsg$7)
                  0001876c    00000020     osal.obj (.text:ICall_getTicks$34)
                  0001878c    00000020     maclib_secure.a : fh_api.obj (.text:ICall_getTicks$60)
                  000187ac    00000020                     : fh_data.obj (.text:ICall_getTicks$61)
                  000187cc    00000020                     : fh_mgr.obj (.text:ICall_getTicks$63)
                  000187ec    00000020                     : fh_nt.obj (.text:ICall_getTicks$64)
                  0001880c    00000020                     : fh_util.obj (.text:ICall_getTicks$66)
                  0001882c    00000020     osal.obj (.text:ICall_signal$34)
                  0001884c    00000020     maclib_secure.a : mac_symbol_timer.obj (.text:ICall_signal$87)
                  0001886c    00000020                     : mac_mgmt.obj (.text:MAC_StartFH)
                  0001888c    00000020     driverlib.lib : rfc.obj (.text:NOROM_RFCAdi3VcoLdoVoltageMode)
                  000188ac    00000020     npi_rxbuf.obj (.text:NPIRxBuf_GetRxBufCount)
                  000188cc    00000020     npi_tl.obj (.text:NPITL_getRxBufLen)
                  000188ec    00000020     dpl_cc13x0.aem3 : PowerCC26XX_tirtos.oem3 (.text:PowerCC26XX_schedulerDisable)
                  0001890c    00000020                     : PowerCC26XX_tirtos.oem3 (.text:PowerCC26XX_schedulerRestore)
                  0001892c    00000020     drivers_cc13x0.aem3 : PowerCC26XX.oem3 (.text:Power_unregisterNotify)
                  0001894c    00000020     maclib_secure.a : mac_beacon_coord.obj (.text:macBeaconCoordReset$67)
                  0001896c    00000020                     : mac_data.obj (.text:macDataSend)
                  0001898c    00000020                     : mac_device.obj (.text:macPollRxDisassoc)
                  000189ac    00000020                     : mac_rx_onoff.obj (.text:macRxOff)
                  000189cc    00000020                     : mac_rx_onoff.obj (.text:macRxSoftEnable)
                  000189ec    00000020     mt_mac.obj (.text:macSbaToAdr$2)
                  00018a0c    00000020     maclib_secure.a : mac.obj (.text:macSetCurrChan$79)
                  00018a2c    00000020     osal.obj (.text:osal_memcmp)
                  00018a4c    00000020     osal.obj (.text:osal_msg_push)
                  00018a6c    00000020     app_pem3.oem3 (.text:ti_sysbios_BIOS_rtsLock__I)
                  00018a8c    00000020     rom_sysbios.aem3 : rom_sysbios.obj (.text:ti_sysbios_family_arm_cc26xx_Timer_dynamicStub__E)
[...]
20000e8c  macDataCheckTxTime                                                        
20000e90  macDataBeaconRequeue                                                      
20000e94  macData                                                                   
20000ea4  enhancedAckBuf                                                            
20000fa0  pinUpperBound                                                             
20000fa4  pinLowerBound                                                             
20001038  pinHandleTable                                                            
200011c8  PowerCC26XX_module                                                        
200012dc  macAddrSize                                                               
200012e0  FHNT_Dbg                                                                  
200012e8  FHNT_hnd                                                                  
20001318  FHNT_tempTable                                                            
2000136a  FHNT_tableOpt                                                             
200013e4  RF_cmdRat                                                                 
200013ec  RF_cmdNop                                                                 
200013fc  RF_cmdFs                                                                  
20001414  RF_cmdPropCs                                                              
20001430  RF_cmdPropCsSlotted                                                       
2000144c  RF_cmdPropTxAdv                                                           
2000146c  RF_cmdPropRadioDivSetup                                                   
20001494  RF_cmdPropRxAdv                                                           
200014c4  ICall_dispatcher                                                          
200014c8  ICall_enterCriticalSection                                                
200014cc  ICall_leaveCriticalSection                                                
200014e8  HEAPMGR_SIZE                                                              
20001570  macPanCoordinator                                                         
20001571  macMgmt                                                                   
20001574  macMgmtAction2                                                            
20001588  macMgmtAction1                                                            
200015b0  fhObject                                                                  
20001680  macTaskId                                                                 
20001684  macMain                                                                   
20001690  macStateTbl                                                               
200016a4  macReset                                                                  
200016c0  macActionSet                                                              
20001874  pwrmgr_initialized                                                        
20001876  pwrmgr_attribute                                                          
20001878  macReqAccessTimeCnt                                                       
20001879  reqAccessAlloc                                                            
2000187c  rxCmdHandle                                                               
2000187e  fsCmdHandle                                                               
20001884  lastPostCmd                                                               
20001888  macSfdDetectCback                                                         
20001890  macTxTimestamp                                                            
20001894  pMacRadioConfig                                                           
20001898  rfDrvTblPtr                                                               
2000189c  pRfPropTable                                                              
200018a0  pRfPropTableOld                                                           
200018a4  pMacRfAntSwitchSel                                                        
200018a8  pMacRfAntPwrSel                                                           
200018b8  macRxOutput                                                               
200018c4  macFrmFilter                                                              
20001a48  FH_FSM                                                                    
20001a54  FHFSM_Dbg                                                                 
20001b30  ti_sysbios_knl_Task_Object__table__V                                      
20001b80  ti_sysbios_family_arm_cc26xx_Timer_Object__table__V                       
20001bc8  macBeaconMargin                                                           
20001be8  macBeacon                                                                 
20001c08  ti_sysbios_gates_GateMutex_Object__table__V                               
20001c75  osal_entity                                                               
20001c7c  osal_qHead                                                                
20001c80  osal_eventloop_hook                                                       
20001c84  osal_icallMsg_hook                                                        
20001c88  osal_semaphore                                                            
20001c8c  osal_last_timestamp                                                       
20001c90  osal_tickperiod                                                           
20001c94  osal_max_msecs                                                            
20001ca4  macPhyChannel                                                             
20001ca5  macUnitBackoffPeriod                                                      
20001caa  macPhyTxPower                                                             
20001cb0  RF_handle                                                                 
20001cb8  RF_params                                                                 
20001d04  txCmdHandle                                                               
20001d08  pMacEnhancedAck                                                           
20001d0c  macRadioAckFrame                                                          
20001d14  macAckTimer                                                               
20001d34  ti_sysbios_knl_Swi_Module_State_0_readyQ__A                               
20001d64  ti_sysbios_knl_Swi_Object__table__V                                       
20001d94  ti_sysbios_knl_Task_Module_State_0_readyQ__A                              
20001dc8  mtProcessIncoming                                                         
20001df0  macTxSlottedDelay                                                         
20001df1  macTxSlottedDelayFactor                                                   
20001df2  macTxType                                                                 
20001df3  txAckReq                                                                  
20001df4  macTxBe                                                                   
20001dfa  macTxCsmaBackoffDelay                                                     
20001dfc  macCsmaRtcTimerId                                                         
20001e00  macAckDbg                                                                 
20001e34  ti_sysbios_knl_Clock_Object__table__V                                     
20001e54  xdc_runtime_Error_IgnoreBlock                                             
20001e74  macSpecUsecsPerSymbol                                                     
20001e78  macPrevPeriodRatCount                                                     
20001e7c  macSymbolTimerRollover                                                    
20001e80  macSymbolTimerTrigger                                                     
20001e8c  ti_sysbios_family_arm_m3_Hwi_Object__table__V                             
20001ea4  ti_sysbios_heaps_HeapMem_Object__table__V                                 
20001ebc  ApiMac_appEntity                                                          
20001ec8  ApiMac_extAddr                                                            
20001ed0  timerUnalignedQ                                                           
20001ed4  timerAlignedQ                                                             
20001ee4  lastRatChanA                                                              
20001ee5  lastRatChanB                                                              
20001ee6  macRxCmdActive                                                            
20001ee7  macTxCmdActive                                                            
20001ee8  macFsCmdActive                                                            
20001eea  macReqAccessCnt                                                           
20001eec  macReqAccErrCnt                                                           
20001eee  numRfCmd                                                                  
20001eef  numRxCmd                                                                  
20001ef0  numRxPostCmd                                                              
20001ef2  macRadioFreeCnt                                                           
20001ef4  AppTaskId                                                                 
20001ef8  pMacCbackQueryRetransmit                                                  
20001efc  pMacCbackCheckPending                                                     
20001f18  OSAL_timeSeconds                                                          
20001f28  sector_addr                                                               
20001f2c  _lock                                                                     
20001f30  _unlock                                                                   
20001f34  ti_sysbios_family_arm_m3_Hwi_Module__root__V                              
20001f3c  ti_sysbios_gates_GateHwi_Module__root__V                                  
20001f44  ti_sysbios_gates_GateMutex_Module__root__V                                
20001f4c  ti_sysbios_hal_Hwi_Module__root__V                                        
20001f54  ti_sysbios_heaps_HeapMem_Module__root__V                                  
20001f5c  ti_sysbios_knl_Clock_Module__root__V                                      
20001f64  ti_sysbios_knl_Mailbox_Module__root__V                                    
20001f6c  ti_sysbios_knl_Queue_Module__root__V                                      
20001f74  ti_sysbios_knl_Semaphore_Module__root__V                                  
20001f7c  ti_sysbios_knl_Swi_Module__root__V                                        
20001f84  ti_sysbios_knl_Task_Module__root__V                                       
20001f94  p200kOverridesTable                                                       
20001f98  p200kOverridesTable_cc1190                                                
20001f9c  pLrmOverridesTable                                                        
20001fa0  pLrmOverridesTable_433                                                    
20001fa4  pLrmOverridesTable_cc1190                                                 
20001fa8  pOverridesTable                                                           
20001fac  pOverridesTable_433                                                       
20001fb0  pOverridesTable_cc1190                                                    
20001fb4  main_func_sp                                                              
20001fb8  ti_sysbios_family_arm_m3_Hwi_Module_State_0_excContext__A                 
20001fbc  ti_sysbios_family_arm_m3_Hwi_Module_State_0_excStack__A                   
20001fc0  ti_sysbios_knl_Task_Module_State_0_idleTask__A                            
20001fc4  macRadioYielded                                                           
20001fc5  bInSwi                                                                    
20001fc6  ti_sysbios_family_arm_m3_Hwi_Module_State_0_excActive__A                  
20001fd0  ti_sysbios_heaps_HeapMem_Instance_State_0_buf__A                          
20002688  macSecurityPib                                                            
20003018  ti_sysbios_knl_Task_Instance_State_0_stack__A                             
20003218  uartCC26XXObjects                                                         
20003344  ClockP_tickPeriod                                                         
20003410  ti_sysbios_family_arm_m3_Hwi_dispatchTable                                
200034d8  FH_txTiming                                                               
2000350c  FH_hnd                                                                    
20003594  FHPIB_db                                                                  
2000361c  cryptoCC26XXObjects                                                       
200036b0  macDevice                                                                 
20003714  macScanAction                                                             
200037b4  macCoord                                                                  
200037e8  macBeaconCoord                                                            
20003834  macBeaconDevice                                                           
20003868  uartCC26XXRingBuffer                                                      
200038d0  rxFhRsl                                                                   
200038d1  macRxFilter                                                               
200038d2  rxPromiscuousMode                                                         
200038de  macRxDataEntryOffset                                                      
200038e4  rxRadioBufferPtr                                                          
200038f0  macRxDataEntryQueue                                                       
20003938  PowerCC26XX_taskKey                                                       
2000393c  PowerCC26XX_swiKey                                                        
20003940  timerHead                                                                 
20003948  cryptoDrvTblPtr                                                           
2000394c  Crypto_handle                                                             
20003958  comp_time                                                                 
2000395c  tasksEvents                                                               
20003964  bc_event                                                                  
20003967  driverlib_release_0_49471                                                 
20003968  g_hwiInt                                                                  
20003969  macPwr                                                                    
2000396a  macRxActive                                                               
2000396b  macRxEnableFlags                                                          
2000396c  macRxOutgoingAckFlag                                                      
2000396d  macSymbolTimerImpending                                                   
2000396e  macTxActive                                                               
2000396f  heapStart                                                                 
20004b00  __stack                                                                   
20004b00  heapEnd                                                                   
20005000  __STACK_END                                                               
20005000  __STACK_TOP                                                               
e000e000  ti_sysbios_family_arm_m3_Hwi_nvic                                         
ffffffff  __TI_pprof_out_hndl                                                       
ffffffff  __TI_prof_data_size                                                       
ffffffff  __TI_prof_data_start                                                      
ffffffff  __binit__                                                                 
ffffffff  __c_args__                                                                
ffffffff  binit                                                                     
UNDEFED   ClockP_getSystemTicks                                                     
UNDEFED   HwiP_restore                                                              
UNDEFED   SHT$$INIT_ARRAY$$Base                                                     
UNDEFED   SHT$$INIT_ARRAY$$Limit                                                    
UNDEFED   SwiP_restore                                                              
UNDEFED   ti_sysbios_BIOS_RtsGateProxy_Handle__label__S__mangled__                  
UNDEFED   ti_sysbios_BIOS_RtsGateProxy_Params__init__S__mangled__                   
UNDEFED   ti_sysbios_BIOS_RtsGateProxy_query__E__mangled__                          
UNDEFED   ti_sysbios_hal_Hwi_HwiProxy_Module__startupDone__S__mangled__             
UNDEFED   ti_sysbios_hal_Hwi_HwiProxy_Params__init__S__mangled__                    
UNDEFED   ti_sysbios_hal_Hwi_HwiProxy_disableInterrupt__E__mangled__                
UNDEFED   ti_sysbios_hal_Hwi_HwiProxy_enableInterrupt__E__mangled__                 
UNDEFED   ti_sysbios_hal_Hwi_HwiProxy_getStackInfo__E__mangled__                    
UNDEFED   ti_sysbios_hal_Hwi_HwiProxy_startup__E__mangled__                         
UNDEFED   ti_sysbios_hal_Hwi_HwiProxy_switchFromBootStack__E__mangled__             
UNDEFED   ti_sysbios_hal_Hwi_disableInterrupt__E                                    
UNDEFED   ti_sysbios_hal_Hwi_enableInterrupt__E                                     
UNDEFED   ti_sysbios_hal_Hwi_getStackInfo__E                                        
UNDEFED   ti_sysbios_hal_Hwi_startup__E                                             
UNDEFED   ti_sysbios_hal_Hwi_switchFromBootStack__E                                 
UNDEFED   ti_sysbios_heaps_HeapMem_Module_GateProxy_Handle__label__S__mangled__     
UNDEFED   ti_sysbios_heaps_HeapMem_Module_GateProxy_Params__init__S__mangled__      
UNDEFED   ti_sysbios_heaps_HeapMem_Module_GateProxy_query__E__mangled__             
UNDEFED   ti_sysbios_knl_Clock_TimerProxy_Module__startupDone__S__mangled__         
UNDEFED   ti_sysbios_knl_Clock_TimerProxy_startup__E__mangled__                     
UNDEFED   ti_sysbios_knl_Task_SupportProxy_Module__startupDone__S__mangled__        
UNDEFED   ti_sysbios_knl_Task_SupportProxy_getStackAlignment__E__mangled__          
UNDEFED   ti_sysbios_knl_Task_SupportProxy_start__E__mangled__                      
UNDEFED   ti_sysbios_knl_Task_SupportProxy_swap__E__mangled__                       
UNDEFED   xdc_runtime_Main_Module_GateProxy_Handle__label__S                        
UNDEFED   xdc_runtime_Main_Module_GateProxy_query__E                                
UNDEFED   xdc_runtime_Memory_HeapProxy_Handle__label__S__mangled__                  
UNDEFED   xdc_runtime_System_Module_GateProxy_Handle__label__S__mangled__           
UNDEFED   xdc_runtime_System_Module_GateProxy_query__E__mangled__                   
UNDEFED   xdc_runtime_System_SupportProxy_abort__E                                  
UNDEFED   xdc_runtime_System_SupportProxy_exit__E                                   
UNDEFED   xdc_runtime_Timestamp_SupportProxy_get64__E__mangled__                    
UNDEFED   xdc_runtime_Timestamp_SupportProxy_getFreq__E__mangled__                  
UNDEFED   xdc_runtime_Timestamp_get32__E                                            
UNDEFED   xdc_runtime_Timestamp_get64__E                                            
UNDEFED   xdc_runtime_Timestamp_getFreq__E                                          

[1417 symbols]
