******************************************************************************
                  TI ARM Linker Unix v16.9.6                   
******************************************************************************
>> Linked Tue Dec 19 12:38:05 2017

OUTPUT FILE NAME:   <sensor_cc13x0lp.out>
ENTRY POINT SYMBOL: "ResetISR"  address: 00014c99


MEMORY CONFIGURATION

         name            origin    length      used     unused   attr    fill
----------------------  --------  ---------  --------  --------  ----  --------
  FLASH                 00000000   0001e000  00019172  00004e8e  R  X
  FLASH_NV              0001e000   00001000  00001000  00000000  RW X
  FLASH_LAST            0001f000   00001000  00000b38  000004c8  R  X
  SRAM                  20000000   00005000  0000331c  00001ce4  RW X


SEGMENT ALLOCATION MAP

run origin  load origin   length   init length attrs members
----------  ----------- ---------- ----------- ----- -------
00000000    00000000    00000c00   00000c00    r--
  00000000    00000000    0000003c   0000003c    r-- .resetVecs
  0000003c    0000003c    00000bc4   00000bc4    r-- .const
00001000    00001000    00018580   00018580    r-x
  00001000    00001000    0000003c   0000003c    r-- .const:ti_sysbios_knl_Task_Object__PARAMS__C
  0000103c    0000103c    00000034   00000034    r-- .const:ti_sysbios_knl_Mailbox_Object__PARAMS__C
  00001070    00001070    00000030   00000030    r-- .const:ti_sysbios_family_arm_m3_Hwi_Object__PARAMS__C
  000010a0    000010a0    0000002c   0000002c    r-- .const:ti_sysbios_hal_Hwi_Object__PARAMS__C
  000010cc    000010cc    00000028   00000028    r-- .const:ti_sysbios_heaps_HeapMem_Module__FXNS__C
  000010f4    000010f4    00000028   00000028    r-- .const:ti_sysbios_knl_Swi_Object__PARAMS__C
  0000111c    0000111c    00000024   00000024    r-- .const:ti_sysbios_gates_GateHwi_Module__FXNS__C
  00001140    00001140    00000024   00000024    r-- .const:ti_sysbios_gates_GateMutex_Module__FXNS__C
  00001164    00001164    00000024   00000024    r-- .const:ti_sysbios_heaps_HeapMem_Object__PARAMS__C
  00001188    00001188    00000024   00000024    r-- .const:ti_sysbios_knl_Clock_Object__PARAMS__C
  000011ac    000011ac    00000024   00000024    r-- .const:ti_sysbios_knl_Semaphore_Object__PARAMS__C
  000011d0    000011d0    00000020   00000020    r-- .const:ti_sysbios_family_arm_m3_Hwi_Object__DESC__C
  000011f0    000011f0    00000020   00000020    r-- .const:ti_sysbios_gates_GateHwi_Object__DESC__C
  00001210    00001210    00000020   00000020    r-- .const:ti_sysbios_gates_GateMutex_Object__DESC__C
  00001230    00001230    00000020   00000020    r-- .const:ti_sysbios_hal_Hwi_Object__DESC__C
  00001250    00001250    00000020   00000020    r-- .const:ti_sysbios_heaps_HeapMem_Object__DESC__C
  00001270    00001270    00000020   00000020    r-- .const:ti_sysbios_knl_Clock_Object__DESC__C
  00001290    00001290    00000020   00000020    r-- .const:ti_sysbios_knl_Mailbox_Object__DESC__C
  000012b0    000012b0    00000020   00000020    r-- .const:ti_sysbios_knl_Queue_Object__DESC__C
  000012d0    000012d0    00000020   00000020    r-- .const:ti_sysbios_knl_Semaphore_Object__DESC__C
  000012f0    000012f0    00000020   00000020    r-- .const:ti_sysbios_knl_Swi_Object__DESC__C
  00001310    00001310    00000020   00000020    r-- .const:ti_sysbios_knl_Task_Object__DESC__C
  00001330    00001330    00000018   00000018    r-- .const:ti_sysbios_gates_GateHwi_Object__PARAMS__C
  00001348    00001348    00000018   00000018    r-- .const:ti_sysbios_gates_GateMutex_Object__PARAMS__C
  00001360    00001360    00000018   00000018    r-- .const:ti_sysbios_knl_Queue_Object__PARAMS__C
  00001378    00001378    00000008   00000008    r-- .const:ti_sysbios_knl_Idle_funcList__C
  00001384    00001384    00000004   00000004    r-- .const:ti_sysbios_family_arm_cc26xx_Timer_startupNeeded__C
  00001388    00001388    00000004   00000004    r-- .const:ti_sysbios_family_arm_m3_Hwi_E_alreadyDefined__C
  0000138c    0000138c    00000004   00000004    r-- .const:ti_sysbios_family_arm_m3_Hwi_E_hwiLimitExceeded__C
  00001390    00001390    00000004   00000004    r-- .const:ti_sysbios_family_arm_m3_Hwi_NUM_INTERRUPTS__C
  00001394    00001394    00000004   00000004    r-- .const:ti_sysbios_family_arm_m3_Hwi_Object__count__C
  00001398    00001398    00000004   00000004    r-- .const:ti_sysbios_family_arm_m3_Hwi_Object__table__C
  0000139c    0000139c    00000004   00000004    r-- .const:ti_sysbios_family_arm_m3_Hwi_ccr__C
  000013a0    000013a0    00000004   00000004    r-- .const:ti_sysbios_family_arm_m3_Hwi_excHandlerFunc__C
  000013a4    000013a4    00000004   00000004    r-- .const:ti_sysbios_family_arm_m3_Hwi_nullIsrFunc__C
  000013a8    000013a8    00000004   00000004    r-- .const:ti_sysbios_family_arm_m3_Hwi_numSparseInterrupts__C
  000013ac    000013ac    00000004   00000004    r-- .const:ti_sysbios_family_arm_m3_Hwi_priGroup__C
  000013b0    000013b0    00000004   00000004    r-- .const:ti_sysbios_family_arm_m3_TaskSupport_stackAlignment__C
  000013b4    000013b4    00000004   00000004    r-- .const:ti_sysbios_heaps_HeapMem_E_memory__C
  000013b8    000013b8    00000004   00000004    r-- .const:ti_sysbios_heaps_HeapMem_Module__gateObj__C
  000013bc    000013bc    00000004   00000004    r-- .const:ti_sysbios_heaps_HeapMem_Object__count__C
  000013c0    000013c0    00000004   00000004    r-- .const:ti_sysbios_heaps_HeapMem_Object__table__C
  000013c4    000013c4    00000004   00000004    r-- .const:ti_sysbios_heaps_HeapMem_reqAlign__C
  000013c8    000013c8    00000004   00000004    r-- .const:ti_sysbios_knl_Clock_serviceMargin__C
  000013cc    000013cc    00000004   00000004    r-- .const:ti_sysbios_knl_Mailbox_Object__count__C
  000013d0    000013d0    00000004   00000004    r-- .const:ti_sysbios_knl_Mailbox_Object__table__C
  000013d4    000013d4    00000004   00000004    r-- .const:ti_sysbios_knl_Mailbox_maxTypeAlign__C
  000013d8    000013d8    00000004   00000004    r-- .const:ti_sysbios_knl_Queue_Object__count__C
  000013dc    000013dc    00000004   00000004    r-- .const:ti_sysbios_knl_Queue_Object__table__C
  000013e0    000013e0    00000004   00000004    r-- .const:ti_sysbios_knl_Swi_Object__count__C
  000013e4    000013e4    00000004   00000004    r-- .const:ti_sysbios_knl_Swi_Object__table__C
  000013e8    000013e8    00000004   00000004    r-- .const:ti_sysbios_knl_Swi_numPriorities__C
  000013ec    000013ec    00000004   00000004    r-- .const:ti_sysbios_knl_Task_Object__count__C
  000013f0    000013f0    00000004   00000004    r-- .const:ti_sysbios_knl_Task_Object__table__C
  000013f4    000013f4    00000004   00000004    r-- .const:ti_sysbios_knl_Task_allBlockedFunc__C
  000013f8    000013f8    00000004   00000004    r-- .const:ti_sysbios_knl_Task_defaultStackHeap__C
  000013fc    000013fc    00000004   00000004    r-- .const:ti_sysbios_knl_Task_defaultStackSize__C
  00001400    00001400    00000004   00000004    r-- .const:ti_sysbios_knl_Task_numConstructedTasks__C
  00001406    00001406    00000002   00000002    r-- .const:ti_sysbios_family_arm_cc26xx_Timer_Module__id__C
  00001408    00001408    00000002   00000002    r-- .const:ti_sysbios_family_arm_cc26xx_TimestampProvider_useClockTimer__C
  0000140a    0000140a    00000002   00000002    r-- .const:ti_sysbios_family_arm_m3_Hwi_Module__id__C
  0000140c    0000140c    00000002   00000002    r-- .const:ti_sysbios_gates_GateHwi_Module__id__C
  0000140e    0000140e    00000002   00000002    r-- .const:ti_sysbios_gates_GateMutex_Module__id__C
  00001410    00001410    00000002   00000002    r-- .const:ti_sysbios_heaps_HeapMem_Module__id__C
  00001412    00001412    00000002   00000002    r-- .const:ti_sysbios_knl_Task_initStackFlag__C
  00001414    00001414    00000001   00000001    r-- .const:ti_sysbios_knl_Clock_tickMode__C
  00001418    00001418    00000008   00000008    r-- .const:xdc_runtime_Startup_firstFxns__C
  00001420    00001420    00000008   00000008    r-- .const:xdc_runtime_Startup_lastFxns__C
  00001428    00001428    00000004   00000004    r-- .const:xdc_runtime_Assert_E_assertFailed__C
  0000142c    0000142c    00000004   00000004    r-- .const:xdc_runtime_Error_E_memory__C
  00001430    00001430    00000004   00000004    r-- .const:xdc_runtime_Error_policyFxn__C
  00001434    00001434    00000004   00000004    r-- .const:xdc_runtime_IGateProvider_Interface__BASE__C
  00001438    00001438    00000004   00000004    r-- .const:xdc_runtime_IHeap_Interface__BASE__C
  0000143c    0000143c    00000004   00000004    r-- .const:xdc_runtime_IModule_Interface__BASE__C
  00001440    00001440    00000004   00000004    r-- .const:xdc_runtime_Main_Module__diagsEnabled__C
  00001444    00001444    00000004   00000004    r-- .const:xdc_runtime_Main_Module__diagsIncluded__C
  00001448    00001448    00000004   00000004    r-- .const:xdc_runtime_Main_Module__diagsMask__C
  0000144c    0000144c    00000004   00000004    r-- .const:xdc_runtime_Memory_defaultHeapInstance__C
  00001450    00001450    00000004   00000004    r-- .const:xdc_runtime_Startup_execImpl__C
  00001454    00001454    00000004   00000004    r-- .const:xdc_runtime_Startup_maxPasses__C
  00001458    00001458    00000004   00000004    r-- .const:xdc_runtime_Startup_sfxnRts__C
  0000145c    0000145c    00000004   00000004    r-- .const:xdc_runtime_Startup_sfxnTab__C
  00001460    00001460    00000004   00000004    r-- .const:xdc_runtime_Startup_startModsFxn__C
  00001464    00001464    00000004   00000004    r-- .const:xdc_runtime_SysCallback_abortFxn__C
  00001468    00001468    00000004   00000004    r-- .const:xdc_runtime_SysCallback_exitFxn__C
  0000146c    0000146c    00000004   00000004    r-- .const:xdc_runtime_System_abortFxn__C
  00001470    00001470    00000004   00000004    r-- .const:xdc_runtime_System_exitFxn__C
  00001474    00001474    00000004   00000004    r-- .const:xdc_runtime_System_maxAtexitHandlers__C
  00001478    00001478    00000004   00000004    r-- .const:xdc_runtime_Text_charTab__C
  0000147c    0000147c    00000004   00000004    r-- .const:xdc_runtime_Text_nameEmpty__C
  00001480    00001480    00000004   00000004    r-- .const:xdc_runtime_Text_nameStatic__C
  00001484    00001484    00000004   00000004    r-- .const:xdc_runtime_Text_nameUnknown__C
  00001488    00001488    00000002   00000002    r-- .const:xdc_runtime_Main_Module__id__C
  0000148a    0000148a    00000002   00000002    r-- .const:xdc_runtime_Memory_Module__id__C
  0000148c    0000148c    00000002   00000002    r-- .const:xdc_runtime_Text_charCnt__C
  0000148e    0000148e    00000002   00000002    r-- .const:xdc_runtime_Text_isLoaded__C
  00001490    00001490    00000001   00000001    r-- .const:xdc_runtime_Error_policy__C
  00001494    00001494    00000004   00000004    r-- .const:ti_sysbios_rom_ROM_AONRTCChannelEnable
  00001498    00001498    00000004   00000004    r-- .const:ti_sysbios_rom_ROM_AONRTCCompareValueSet
  0000149c    0000149c    00000004   00000004    r-- .const:ti_sysbios_rom_ROM_AONRTCCurrentCompareValueGet
  000014a0    000014a0    00000004   00000004    r-- .const:ti_sysbios_rom_ROM_AONRTCEventClear
  000014a4    000014a4    00000004   00000004    r-- .const:ti_sysbios_rom_ROM_ti_sysbios_family_arm_cc26xx_Timer_getCount64__E
  000014a8    000014a8    00000004   00000004    r-- .const:ti_sysbios_rom_ROM_ti_sysbios_family_arm_cc26xx_Timer_getCurrentTick__E
  000014ac    000014ac    00000004   00000004    r-- .const:ti_sysbios_rom_ROM_ti_sysbios_family_arm_cc26xx_Timer_getMaxTicks__E
  000014b0    000014b0    00000004   00000004    r-- .const:ti_sysbios_rom_ROM_ti_sysbios_family_arm_cc26xx_Timer_initDevice__I
  000014b4    000014b4    00000004   00000004    r-- .const:ti_sysbios_rom_ROM_ti_sysbios_family_arm_cc26xx_Timer_setNextTick__E
  000014b8    000014b8    00000004   00000004    r-- .const:ti_sysbios_rom_ROM_ti_sysbios_family_arm_cc26xx_Timer_setThreshold__I
  000014bc    000014bc    00000004   00000004    r-- .const:ti_sysbios_rom_ROM_ti_sysbios_family_arm_cc26xx_Timer_start__E
  000014c0    000014c0    00000004   00000004    r-- .const:ti_sysbios_rom_ROM_ti_sysbios_family_arm_cc26xx_TimestampProvider_get32__E
  000014c4    000014c4    00000004   00000004    r-- .const:ti_sysbios_rom_ROM_xdc_runtime_Startup_getState__I
  000014c8    000014c8    00000004   00000004    r-- .const:ti_sysbios_rom_ROM_xdc_runtime_System_SupportProxy_abort__E
  000014cc    000014cc    00000004   00000004    r-- .const:ti_sysbios_rom_ROM_xdc_runtime_System_SupportProxy_exit__E
  000014d0    000014d0    00000004   00000004    r-- .const:ti_sysbios_gates_GateMutex_Instance_State_sem__O
  000014d4    000014d4    00000004   00000004    r-- .const:ti_sysbios_knl_Clock_Module_State_clockQ__O
  000014d8    000014d8    00000004   00000004    r-- .const:ti_sysbios_knl_Mailbox_Instance_State_dataQue__O
  000014dc    000014dc    00000004   00000004    r-- .const:ti_sysbios_knl_Mailbox_Instance_State_dataSem__O
  000014e0    000014e0    00000004   00000004    r-- .const:ti_sysbios_knl_Mailbox_Instance_State_freeQue__O
  000014e4    000014e4    00000004   00000004    r-- .const:ti_sysbios_knl_Mailbox_Instance_State_freeSem__O
  000014e8    000014e8    00000004   00000004    r-- .const:ti_sysbios_knl_Semaphore_Instance_State_pendQ__O
  000014ec    000014ec    00000004   00000004    r-- .const:ti_sysbios_knl_Task_Module_State_inactiveQ__O
  000014f0    000014f0    00017180   00017180    r-x .text
  00018670    00018670    00000a56   00000a56    r-- config_const
  000190c8    000190c8    000004b8   000004b8    r-- .cinit
0001e000    0001e000    00001ae0   00001ae0    r-x
  0001e000    0001e000    00001000   00001000    r-- .TI.bound:NV_FLASH
  0001f000    0001f000    00000ae0   00000ae0    r-x flash_last_text
0001ffa8    0001ffa8    00000058   00000058    r--
  0001ffa8    0001ffa8    00000058   00000058    r-- .ccfg
20000100    20000100    00002d58   00000000    rw-
  20000100    20000100    00000044   00000000    rw- .data:ti_sysbios_knl_Task_Module__state__V
  20000144    20000144    00000034   00000000    rw- .data:ti_sysbios_family_arm_m3_Hwi_Module__state__V
  20000178    20000178    0000002c   00000000    rw- .data:ti_sysbios_knl_Clock_Module__state__V
  200001a4    200001a4    00000024   00000000    rw- .data:ti_sysbios_BIOS_Module__state__V
  200001c8    200001c8    0000001c   00000000    rw- .data:ti_sysbios_knl_Swi_Module__state__V
  200001e4    200001e4    00000008   00000000    rw- .data:ti_sysbios_family_arm_cc26xx_Timer_Module__state__V
  200001ec    200001ec    00000004   00000000    rw- .data:ti_sysbios_family_arm_cc26xx_TimestampProvider_Module__state__V
  200001f0    200001f0    00000008   00000000    rw- .data:xdc_runtime_Startup_Module__state__V
  200001f8    200001f8    00000008   00000000    rw- .data:xdc_runtime_System_Module__state__V
  20000200    20000200    00000004   00000000    rw- .data:xdc_runtime_Memory_Module__state__V
  20000208    20000208    00001b37   00000000    rw- .data
  20001d40    20001d40    00001118   00000000    rw- .bss
20004b00    20004b00    00000500   00000000    rw-
  20004b00    20004b00    00000500   00000000    rw- .stack


SECTION ALLOCATION MAP

 output                                  attributes/
section   page    origin      length       input sections
--------  ----  ----------  ----------   ----------------
.const     0    0000003c    00000bc4     
                  0000003c    00000408     hmac_global.obj (.const:$O11$$)
                  00000444    000001c0     fh_global.obj (.const:$O8$$)
                  00000604    000000fa     fh_global.obj (.const:FH_stateMatrix)
                  000006fe    00000002     jdllc.obj (.const:keyUsageList$34)
                  00000700    000000cc     icall.obj (.const:$O2$$)
                  000007cc    00000088     jdllc.obj (.const:$O24$$)
                  00000854    0000006e     hmac_global.obj (.const:macIdleSt)
                  000008c2    0000006e     hmac_global.obj (.const:macScanningSt)
                  00000930    0000004c     drivers_cc13x0.aem3 : PowerCC26XX.oem3 (.const:resourceDB)
                  0000097c    00000048     app_pem3.oem3 (.const:.string)
                  000009c4    00000044     drivers_cc13x0.aem3 : UARTCC26XX.oem3 (.const:$O1$$)
                  00000a08    00000034     CC13X0_LAUNCHXL.obj (.const:BoardGpioInitTable)
                  00000a3c    00000028     drivers_cc13x0.aem3 : UARTCC26XX.oem3 (.const:UARTCC26XX_fxnTable)
                  00000a64    00000024                         : UART.oem3 (.const:UART_defaultParams)
                  00000a88    00000024     CC13X0_LAUNCHXL.obj (.const:uartCC26XXHWAttrs)
                  00000aac    00000024     app_pem3.oem3 (.const:xdc_runtime_Startup_sfxnTab__A)
                  00000ad0    0000001c     rf_multiMode_cc13x0.aem3 : RFCC26XX_multiMode.oem3 (.const:RF_defaultParams)
                  00000aec    00000018     CC13X0_LAUNCHXL.obj (.const:PowerCC26XX_config)
                  00000b04    00000018     CC13X0_LAUNCHXL.obj (.const:UART_config)
                  00000b1c    00000018     jdllc.obj (.const:keyDeviceList$34)
                  00000b34    00000018     driverlib.lib : rfc.obj (.const:rfc_defaultIrqAddr$106)
                  00000b4c    00000013     macstack.obj (.const:.string:msacbackSizeTable)
                  00000b5f    00000001     app_pem3.oem3 (.const:xdc_runtime_Text_charTab__A)
                  00000b60    00000012     app_pem3.oem3 (.const:xdc_runtime_Startup_sfxnRts__A)
                  00000b72    00000002     app_pem3.oem3 (.const:xdc_runtime_Text_registryModsLastId__C)
                  00000b74    00000010     CC13X0_LAUNCHXL.obj (.const:CryptoCC26XX_config)
                  00000b84    00000010     CC13X0_LAUNCHXL.obj (.const:cryptoCC26XXHWAttrs)
                  00000b94    0000000c     app_pem3.oem3 (.const:xdc_runtime_Startup_firstFxns__A)
                  00000ba0    00000008     maclib_secure.a : mac_rx.obj (.const:$O34$$)
                  00000ba8    00000008     main.obj (.const:.string:dummyExtAddr$36)
                  00000bb0    00000008     CC13X0_LAUNCHXL.obj (.const:PINCC26XX_hwAttrs)
                  00000bb8    00000008     app_pem3.oem3 (.const:ti_sysbios_knl_Idle_funcList__A)
                  00000bc0    00000006     ssf.obj (.const:nvResetId$38)
                  00000bc6    00000004     CC13X0_LAUNCHXL.obj (.const)
                  00000bca    00000004     CC13X0_LAUNCHXL.obj (.const:RFCC26XX_hwAttrs)
                  00000bce    00000002     app_pem3.oem3 (.const:xdc_runtime_Text_unnamedModsLastId__C)
                  00000bd0    00000004     icall_cc2650.obj (.const:events$1$1)
                  00000bd4    00000004     osaltasks.obj (.const:tasksArr)
                  00000bd8    00000004     app_pem3.oem3 (.const:ti_sysbios_family_arm_cc26xx_Timer_funcHookCH1__C)
                  00000bdc    00000004     app_pem3.oem3 (.const:ti_sysbios_family_arm_cc26xx_Timer_funcHookCH2__C)
                  00000be0    00000004     app_pem3.oem3 (.const:ti_sysbios_family_arm_m3_Hwi_swiDisable__C)
                  00000be4    00000004     app_pem3.oem3 (.const:ti_sysbios_family_arm_m3_Hwi_swiRestoreHwi__C)
                  00000be8    00000004     app_pem3.oem3 (.const:ti_sysbios_knl_Clock_tickPeriod__C)
                  00000bec    00000004     app_pem3.oem3 (.const:ti_sysbios_knl_Clock_triggerClock__C)
                  00000bf0    00000004     app_pem3.oem3 (.const:xdc_runtime_SysCallback_putchFxn__C)
                  00000bf4    00000004     app_pem3.oem3 (.const:xdc_runtime_SysCallback_readyFxn__C)
                  00000bf8    00000004     app_pem3.oem3 (.const:xdc_runtime_System_extendFxn__C)
                  00000bfc    00000004     app_pem3.oem3 (.const:xdc_runtime_Text_visitRopeFxn__C)

.text      0    000014f0    00017180     
                  000014f0    0000098c     maclib_secure.a : mac.obj (.text:macRxCbSubG$74)
                  00001e7c    000005f4                     : mac_rx.obj (.text:rxPayloadIsr$79)
                  00002470    00000494     driverlib.lib : setup.obj (.text:TrimAfterColdResetWakeupFromShutDown$47)
                  00002904    00000490     icall_startup.obj (.text:startup_entry)
                  00002d94    00000464     maclib_secure.a : fh_ie.obj (.text:FHIE_parsePie)
                  000031f8    00000440     main.obj (.text:taskFxn)
                  00003638    000003c4     rf_multiMode_cc13x0.aem3 : RFCC26XX_multiMode.oem3 (.text:fsmActiveState)
                  000039fc    000003ac     maclib_secure.a : mac_radio.obj (.text:macRadioInitSubG)
                  00003da8    00000388                     : mac_mgmt.obj (.text:macBuildHeader)
                  00004130    00000384     sensor.obj (.text:Sensor_process)
                  000044b4    00000366     api_mac.obj (.text:processIncomingICallMsg$32)
                  0000481a    00000002     maclib_secure.a : fh_data.obj (.text:FHDATA_startEDFETimer)
                  0000481c    0000033c     rom_sysbios.aem3 : rom_sysbios.obj (.text:xdc_runtime_System_doPrint__I)
                  00004b58    0000030c     drivers_cc13x0.aem3 : PowerCC26XX_calibrateRCOSC.oem3 (.text:PowerCC26XX_auxISR)
                  00004e64    000002d8     maclib_secure.a : mac_radio_tx.obj (.text:macRadioTxGoSubG$78)
                  0000513c    000002c4                     : fh_api.obj (.text:FHAPI_getTxParams_old)
                  00005400    000002be                     : fh_ie.obj (.text:FHIE_gen)
                  000056be    00000002                     : fh_util.obj (.text:FHUTIL_noAction)
                  000056c0    000002bc                     : mac_pwr.obj (.text:macPwrVote)
                  0000597c    000002bc                     : macwrapper.obj (.text:macWrapperAddDevice)
                  00005c38    000002bc     osal.obj (.text:osal_start_system)
                  00005ef4    000002b8     maclib_secure.a : fh_ie.obj (.text:FHIE_genPieContent)
                  000061ac    000002b0     rf_multiMode_cc13x0.aem3 : RFCC26XX_multiMode.oem3 (.text:RF_scheduleCmd)
                  0000645c    00000280     maclib_secure.a : mac_data.obj (.text:MAC_McpsDataReq)
                  000066dc    00000280                     : mac_mgmt.obj (.text:MAC_MlmeResetReq)
                  0000695c    00000280                     : mac_pib.obj (.text:MAC_MlmeSetReq)
                  00006bdc    00000278                     : fh_api.obj (.text:FHAPI_start)
                  00006e54    00000268     sensor.obj (.text:processSensorMsgEvt$37)
                  000070bc    00000258     maclib_secure.a : fh_api.obj (.text:FHAPI_completeRxCb)
                  00007314    0000024c     sensor.obj (.text:dataIndCB$37)
                  00007560    00000228     driverlib.lib : sys_ctrl.obj (.text:NOROM_SysCtrlSetRechargeBeforePowerDown)
                  00007788    00000224     drivers_cc13x0.aem3 : PowerCC26XX.oem3 (.text:Power_sleep)
                  000079ac    0000021e     rtsv7M3_T_le_eabi.lib : ll_div_t2.obj (.text)
                  00007bca    00000002     rf_multiMode_cc13x0.aem3 : RFCC26XX_multiMode.oem3 (.text:defaultCallback)
                  00007bcc    00000218     maclib_secure.a : mac_mgmt.obj (.text:macBuildCommonReq)
                  00007de4    00000210                     : mac_security.obj (.text:macIncomingFrameSecurityMaterialRetrieval)
                  00007ff4    00000208     drivers_cc13x0.aem3 : CryptoCC26XX.oem3 (.text:cryptoTransactionExecute)
                  000081fc    00000200     maclib_secure.a : mac_device.obj (.text:macApiAssociateReq)
                  000083fc    000001f4     rtsv7M3_T_le_eabi.lib : ull_div_t2.obj (.text)
                  000085f0    000001f0     maclib_secure.a : fh_api.obj (.text:FHAPI_sendData)
                  000087e0    000001ec                     : mac_security_pib.obj (.text:MAC_MlmeSetSecurityReq)
                  000089cc    000001e4     rf_multiMode_cc13x0.aem3 : RFCC26XX_multiMode.oem3 (.text:RF_open)
                  00008bb0    000001d4     macstack.obj (.text:macStackEventLoop)
                  00008d84    000001cc     maclib_secure.a : fh_ie.obj (.text:FHIE_extractPie)
                  00008f50    000001c8                     : mac_scan.obj (.text:macApiScanReq)
                  00009118    000001bc     drivers_cc13x0.aem3 : PINCC26XX.oem3 (.text:PIN_init)
                  000092d4    000001bc     maclib_secure.a : mac_beacon_device.obj (.text:macRxBeaconCritical)
                  00009490    000001b0                     : mac_data.obj (.text:macApiDataReq)
                  00009640    000001ac                     : fh_ie.obj (.text:FHIE_parseCommonInformation)
                  000097ec    0000019c                     : fh_pib.obj (.text:FHPIB_set)
                  00009988    00000198                     : fh_nt.obj (.text:FHNT_getEntry)
                  00009b20    00000190     drivers_cc13x0.aem3 : PowerCC26XX_calibrateRCOSC.oem3 (.text:PowerCC26XX_doCalibrate)
                  00009cb0    00000190     maclib_secure.a : mac_tx.obj (.text:macTxFrame)
                  00009e40    00000188     rf_multiMode_cc13x0.aem3 : RFCC26XX_multiMode.oem3 (.text:fsmSetupState)
                  00009fc8    00000184     maclib_secure.a : mac_ie_build.obj (.text:macBuildPayloadIes)
                  0000a14c    0000017c     driverlib.lib : crypto.obj (.text:NOROM_CRYPTOCcmInvAuthDecrypt)
                  0000a2c8    0000017c     maclib_secure.a : mac_data.obj (.text:macTxCompleteCallback)
                  0000a444    00000178     driverlib.lib : crypto.obj (.text:NOROM_CRYPTOCcmAuthEncrypt)
                  0000a5bc    0000016c     rf_multiMode_cc13x0.aem3 : RFCC26XX_multiMode.oem3 (.text:hwiFxnCpe0Active)
                  0000a728    00000160     maclib_secure.a : mac_mgmt.obj (.text:macTxCsmaDelay)
                  0000a888    0000015c     drivers_cc13x0.aem3 : UARTCC26XX.oem3 (.text:UARTCC26XX_open)
                  0000a9e4    0000015c     maclib_secure.a : macwrapper.obj (.text:macWrapperAddKeyInitFCtr)
                  0000ab40    00000158                     : fh_api.obj (.text:FHAPI_completeTxCb)
                  0000ac98    00000158                     : mac_security_pib.obj (.text:MAC_MlmeGetSecurityReq)
                  0000adf0    00000158                     : mac_radio_tx.obj (.text:macRadioCsmaTxCbSubG$78)
                  0000af48    00000148                     : mac_mgmt.obj (.text:macApiDisassociateReq)
                  0000b090    00000144                     : mac.obj (.text:macRatCb_B)
                  0000b1d4    00000144     rf_multiMode_cc13x0.aem3 : RFCC26XX_multiMode.oem3 (.text:radioOpDoneCb)
                  0000b318    00000140     nvocop.obj (.text:compactPage$29)
                  0000b458    00000134     maclib_secure.a : mac_beacon_device.obj (.text:macAutoPoll)
                  0000b58c    00000130     sensor.obj (.text:Sensor_sendMsg)
                  0000b6bc    00000130     rf_multiMode_cc13x0.aem3 : RFCC26XX_multiMode.oem3 (.text:fsmChangePhyState)
                  0000b7ec    0000012c     drivers_cc13x0.aem3 : UARTCC26XX.oem3 (.text:UARTCC26XX_hwiIntFxn)
                  0000b918    00000128     maclib_secure.a : fh_nt.obj (.text:FHNT_purgeTimerIsrCb)
                  0000ba40    00000128                     : mac.obj (.text:macSendReceiveCmdSubG)
                  0000bb68    00000124                     : mac_mgmt.obj (.text:macApiWSAsyncReq)
                  0000bc8c    00000120                     : mac_beacon_device.obj (.text:macApiSyncReq)
                  0000bdac    0000011c     drivers_cc13x0.aem3 : UARTCC26XX.oem3 (.text:UARTCC26XX_read)
                  0000bec8    0000011c     jdllc.obj (.text:assocCnfCb$34)
                  0000bfe4    0000011c     sensor.obj (.text:dataCnfCB$37)
                  0000c100    0000011c     maclib_secure.a : mac_data.obj (.text:macAllocTxBuffer)
                  0000c21c    0000011c                     : mac_security.obj (.text:macCcmStarTransform)
                  0000c338    00000114     drivers_cc13x0.aem3 : PowerCC26XX.oem3 (.text:Power_init)
                  0000c44c    00000110     maclib_secure.a : mac.obj (.text:macSetupRATChanCompare)
                  0000c55c    00000108     ssf.obj (.text:Ssf_networkUpdate)
                  0000c664    00000100     maclib_secure.a : fh_nt.obj (.text:FHNT_getRemoveEntryFromTemp)
                  0000c764    000000fc     drivers_cc13x0.aem3 : UARTCC26XX.oem3 (.text:UARTCC26XX_write)
                  0000c860    000000f8     maclib_secure.a : fh_ie.obj (.text:FHIE_genCommonInformation)
                  0000c958    000000f8     rf_multiMode_cc13x0.aem3 : RFCC26XX_multiMode.oem3 (.text:RF_close)
                  0000ca50    000000f8     app_pem3.oem3 (.text:xdc_runtime_System_printfExtend__I)
                  0000cb48    000000f4     maclib_secure.a : mac_radio_tx.obj (.text:macRadioTxPrepCsmaUnslottedSubG)
                  0000cc3c    000000f0                     : fh_mgr.obj (.text:FHMGR_bcTimerIsrCb)
                  0000cd2c    000000f0     driverlib.lib : rfc.obj (.text:NOROM_RFCOverrideUpdate)
                  0000ce1c    000000f0                   : setup.obj (.text:NOROM_SetupTrimDevice)
                  0000cf0c    000000f0     rf_multiMode_cc13x0.aem3 : RFCC26XX_multiMode.oem3 (.text:RF_pendCmd)
                  0000cffc    000000f0     maclib_secure.a : mac_security.obj (.text:macCcmStarInverseTransform)
                  0000d0ec    000000f0                     : mac_radio_tx.obj (.text:macRadioTxPrepCsmaSlottedSubG)
                  0000d1dc    000000ec                     : mac_device.obj (.text:macDeviceReset)
                  0000d2c8    000000ec                     : mac_scan.obj (.text:macScanNextChan)
                  0000d3b4    000000e8                     : fh_ie.obj (.text:FHIE_parseHie)
                  0000d49c    000000e4                     : fh_api.obj (.text:FHAPI_getTxParams)
                  0000d580    000000e4                     : fh_nt.obj (.text:FHNT_addTempEUI)
                  0000d664    000000e4     dpl_cc13x0.aem3 : PowerCC26XX_tirtos.oem3 (.text:PowerCC26XX_standbyPolicy)
                  0000d748    000000e4     rf_multiMode_cc13x0.aem3 : RFCC26XX_multiMode.oem3 (.text:ratSetupChannel)
                  0000d82c    000000e0                              : RFCC26XX_multiMode.oem3 (.text:RF_getInfo)
                  0000d90c    000000e0                              : RFCC26XX_multiMode.oem3 (.text:fsmPowerUpState)
                  0000d9ec    000000e0     maclib_secure.a : mac_coord.obj (.text:macIndirectSend)
                  0000dacc    000000e0                     : mac_radio_tx.obj (.text:macRadioTxAck$78)
                  0000dbac    000000dc     drivers_cc13x0.aem3 : PINCC26XX.oem3 (.text:PINCC26XX_setIoCfg)
                  0000dc88    000000d8     rf_multiMode_cc13x0.aem3 : RFCC26XX_multiMode.oem3 (.text:RF_requestAccess)
                  0000dd60    000000d8                              : RFCC26XX_multiMode.oem3 (.text:RF_schCmdPriority)
                  0000de38    000000d8     maclib_secure.a : mac_beacon.obj (.text:macBeaconSetSched)
                  0000df10    000000d8                     : mac_mgmt.obj (.text:macCommStatusInd)
                  0000dfe8    000000d8                     : mac_radio.obj (.text:macRadioPowerUpBeaconMode)
                  0000e0c0    000000d4     drivers_cc13x0.aem3 : CryptoCC26XX.oem3 (.text:CryptoCC26XX_open)
                  0000e194    000000d4     driverlib.lib : rfc.obj (.text:NOROM_RFCRfTrimRead)
                  0000e268    000000d4     maclib_secure.a : mac_radio_tx.obj (.text:macRadioLbtTxCb)
                  0000e33c    000000d0     macstack.obj (.text:MAC_CbackEvent)
                  0000e40c    000000d0     maclib_secure.a : mac_data.obj (.text:macDataTxSend)
                  0000e4dc    000000d0                     : mac_scan.obj (.text:macScanRxBeacon)
                  0000e5ac    000000d0                     : mac_main.obj (.text:macSendDataMsg)
                  0000e67c    000000d0                     : mac_symbol_timer.obj (.text:macSymbolTimerUpdateWakeup$82)
                  0000e74c    000000cc     driverlib.lib : crypto.obj (.text:NOROM_CRYPTOAesCbc)
                  0000e818    000000cc     nvocop.obj (.text:NVOCOP_writeItem)
                  0000e8e4    000000cc     maclib_secure.a : mac_security.obj (.text:macOutgoingFrameKeyDescRetrieval)
                  0000e9b0    000000cc                     : mac.obj (.text:macRatCb_A)
                  0000ea7c    000000c8     rf_multiMode_cc13x0.aem3 : RFCC26XX_multiMode.oem3 (.text:RF_control)
                  0000eb44    000000c8     maclib_secure.a : mac_ie_build.obj (.text:macBuildHeaderIes)
                  0000ec0c    000000c8                     : mac_data.obj (.text:macDataTxEnqueue)
                  0000ecd4    000000c8                     : mac_tx.obj (.text:macTxFrameIsr)
                  0000ed9c    000000c4                     : fh_data.obj (.text:FHDATA_procASYNCReq)
                  0000ee60    000000c4     jdllc.obj (.text:Jdllc_init)
                  0000ef24    000000c0     maclib_secure.a : mac.obj (.text:macSendFsCmd)
                  0000efe4    000000be                     : fh_ie.obj (.text:FHIE_getLen)
                  0000f0a2    00000002     drivers_cc13x0.aem3 : PowerCC26XX.oem3 (.text:emptyClockFunc)
                  0000f0a4    000000bc     maclib_secure.a : fh_nt.obj (.text:FHNT_AddDeviceCB)
                  0000f160    000000bc                     : mac_scan.obj (.text:MAC_MlmeScanReq)
                  0000f21c    000000bc     drivers_cc13x0.aem3 : PowerCC26XX.oem3 (.text:Power_releaseDependency)
                  0000f2d8    000000bc     rf_multiMode_cc13x0.aem3 : RFCC26XX_multiMode.oem3 (.text:abortCmd)
                  0000f394    000000bc     jdllc.obj (.text:pollCnfCb$34)
                  0000f450    000000b8     maclib_secure.a : fh_ie.obj (.text:FHIE_getPieContentLen)
                  0000f508    000000b8     rf_multiMode_cc13x0.aem3 : RFCC26XX_multiMode.oem3 (.text:RF_postCmd)
                  0000f5c0    000000b8                              : RFCC26XX_multiMode.oem3 (.text:dispatchNextCmd)
                  0000f678    000000b8     maclib_secure.a : mac_mgmt.obj (.text:macBuildBeaconNotifyInd)
                  0000f730    000000b8                     : mac_rx.obj (.text:rxPostRxUpdates$79)
                  0000f7e8    000000b4     drivers_cc13x0.aem3 : PowerCC26XX.oem3 (.text:Power_setDependency)
                  0000f89c    000000b4     rf_multiMode_cc13x0.aem3 : RFCC26XX_multiMode.oem3 (.text:swiFxnHw)
                  0000f950    000000b0     board_led.obj (.text:board_led_blinkTimeoutCB$7)
                  0000fa00    000000ac     rf_multiMode_cc13x0.aem3 : RFCC26XX_multiMode.oem3 (.text:RF_schChkCmdInsert)
                  0000faac    000000ac     maclib_secure.a : mac_tx.obj (.text:macTxChannelBusyCallback)
                  0000fb58    000000ac     main.obj (.text:main)
                  0000fc04    000000ac     api_mac.obj (.text:processBeaconNotifyInd$32)
                  0000fcb0    000000ac     jdllc.obj (.text:processCoordRealign$34)
                  0000fd5c    000000aa     maclib_secure.a : fh_ie.obj (.text:FHIE_genExcludedChannelRanges)
                  0000fe06    00000002                     : mac_pwr.obj (.text:macApiPwrOnReq)
                  0000fe08    000000a8     rf_multiMode_cc13x0.aem3 : RFCC26XX_multiMode.oem3 (.text:discardPendCmd)
                  0000feb0    000000a4     driverlib.lib : crypto.obj (.text:NOROM_CRYPTOAesEcb)
                  0000ff54    000000a4     drivers_cc13x0.aem3 : UARTCC26XX.oem3 (.text:UARTCC26XX_initHw)
                  0000fff8    000000a4     sensor.obj (.text:jdllcJoinedCb$37)
                  0001009c    000000a4     maclib_secure.a : mac_beacon_device.obj (.text:macBeaconSyncLoss)
                  00010140    000000a4     osal.obj (.text:osal_set_event)
                  000101e4    000000a4     drivers_cc13x0.aem3 : PowerCC26XX.oem3 (.text:switchXOSCHFclockFunc)
                  00010288    000000a0     maclib_secure.a : fh_ie.obj (.text:FHIE_getChannelPlan)
                  00010328    000000a0     ssf.obj (.text:Ssf_findBlackListIndex)
                  000103c8    000000a0     auto_init.aem3 : auto_init.oem3 (.text)
                  00010468    000000a0     jdllc.obj (.text:beaconNotifyIndCb$34)
                  00010508    000000a0     nvocop.obj (.text:findItemOffset$29)
                  000105a8    000000a0     maclib_secure.a : mac_tx.obj (.text:txCsmaPrep$83)
                  00010648    000000a0     nvocop.obj (.text:writeItem$29)
                  000106e8    0000009e     rom_sysbios.aem3 : rom_sysbios.obj (.text:xdc_runtime_Text_putSite__E)
                  00010786    00000002     maclib_secure.a : mac_mgmt.obj (.text:macNoAction)
                  00010788    0000009c                     : fh_api.obj (.text:FHAPI_reset)
                  00010824    0000009c     rf_multiMode_cc13x0.aem3 : RFCC26XX_multiMode.oem3 (.text:RF_issueRadioFreeCb)
                  000108c0    0000009c     maclib_secure.a : mac_radio_tx.obj (.text:macRadioTxPrepLbt)
                  0001095c    0000009c     rtsv7M3_T_le_eabi.lib : memcpy_t2.obj (.text)
                  000109f8    00000098     maclib_secure.a : fh_data.obj (.text:FHDATA_getPktFromQueue)
                  00010a90    00000098                     : fh_mgr.obj (.text:FHMGR_updateRadioBCChannel)
                  00010b28    00000098     nvocop.obj (.text:NVOCOP_deleteItem)
                  00010bc0    00000098     drivers_cc13x0.aem3 : PINCC26XX.oem3 (.text:PIN_open)
                  00010c58    00000098                         : UARTCC26XX.oem3 (.text:UARTCC26XX_initIO)
                  00010cf0    00000098     maclib_secure.a : mac_mgmt.obj (.text:macRxBeacon)
                  00010d88    00000098                     : mac_scan.obj (.text:macScanRxCoordRealign)
                  00010e20    00000098     rom_sysbios.aem3 : rom_sysbios.obj (.text:ti_sysbios_knl_Clock_workFuncDynamic__E)
                  00010eb8    00000098                      : rom_sysbios.obj (.text:xdc_runtime_Text_putMod__E)
                  00010f50    00000094     maclib_secure.a : fh_nt.obj (.text:FHNT_getNTIndexFromTempIndex)
                  00010fe4    00000094                     : mac_main.obj (.text:macCbackForEvent)
                  00011078    00000090     driverlib.lib : crypto.obj (.text:NOROM_CRYPTOAesLoadKey)
                  00011108    00000090     rf_multiMode_cc13x0.aem3 : RFCC26XX_multiMode.oem3 (.text:calculateDispatchTime)
                  00011198    00000090     jdllc.obj (.text:scanCnfCb$34)
                  00011228    00000090     rom_sysbios.aem3 : rom_sysbios.obj (.text:ti_sysbios_family_arm_cc26xx_Timer_start__E)
                  000112b8    0000008c     drivers_cc13x0.aem3 : UARTCC26XX.oem3 (.text:UARTCC26XX_close)
                  00011344    0000008c     api_mac.obj (.text:copyDataInd$32)
                  000113d0    0000008c     maclib_secure.a : mac_data.obj (.text:macDataTxComplete)
                  0001145c    0000008c     rf_multiMode_cc13x0.aem3 : RFCC26XX_multiMode.oem3 (.text:ratRestartChannels)
                  000114e8    0000008a     maclib_secure.a : fh_ie.obj (.text:FHIE_extractHie)
                  00011572    00000002                     : mac_symbol_timer.obj (.text:macSymbolTimerICallPwrNotify$82)
                  00011574    00000088     board_led.obj (.text:Board_Led_control)
                  000115fc    00000088     drivers_cc13x0.aem3 : CryptoCC26XX.oem3 (.text:CryptoCC26XX_allocateKey)
                  00011684    00000088     driverlib.lib : osc.obj (.text:NOROM_OSCHF_GetStartupTime)
                  0001170c    00000088     drivers_cc13x0.aem3 : UARTCC26XX.oem3 (.text:UARTCC26XX_writeCancel)
                  00011794    00000088     maclib_secure.a : mac_mcu.obj (.text:macMcuBitReverse)
                  0001181c    00000088     osal.obj (.text:osal_msg_receive)
                  000118a4    00000088     drivers_cc13x0.aem3 : UARTCC26XX.oem3 (.text:writeFinishedDoCallback)
                  0001192c    00000084     maclib_secure.a : mac_device.obj (.text:macRxAssocRsp)
                  000119b0    00000084     rf_multiMode_cc13x0.aem3 : RFCC26XX_multiMode.oem3 (.text:ratFreeChannel)
                  00011a34    00000080     maclib_secure.a : mac_timer.obj (.text:macTimerCancel)
                  00011ab4    00000080     mac_user_config.obj (.text:rf_patch_rfe_genfsk$35)
                  00011b34    00000080     maclib_secure.a : mac_tx.obj (.text:txComplete)
                  00011bb4    0000007c     jdllc.obj (.text:Jdllc_securityInit)
                  00011c30    0000007c     driverlib.lib : crypto.obj (.text:NOROM_CRYPTOCcmInvAuthDecryptResultGet)
                  00011cac    0000007c     rf_multiMode_cc13x0.aem3 : RFCC26XX_multiMode.oem3 (.text:hwiFxnHw)
                  00011d28    0000007c     maclib_secure.a : mac_radio.obj (.text:macRadioUpdateChannelRx)
                  00011da4    0000007c                     : mac_scan.obj (.text:macScanStartTimer)
                  00011e20    0000007c                     : mac_beacon_device.obj (.text:macTrackPeriodCallback)
                  00011e9c    0000007c     jdllc.obj (.text:syncLossCb$34)
                  00011f18    0000007a     rtsv7M3_T_le_eabi.lib : memset_t2.obj (.text)
                  00011f92    00000002                           : i_div0.obj (.text)
                  00011f94    00000078     maclib_secure.a : mac_beacon.obj (.text:macBeaconCheckTxTime)
                  0001200c    00000078                     : mac_radio_tx.obj (.text:macRadioTxAckCb$78)
                  00012084    00000078                     : mac_radio.obj (.text:macRadioUpdateChannel)
                  000120fc    00000078                     : mac_radio.obj (.text:macRadioUpdateTxPower)
                  00012174    00000078                     : mac_beacon_device.obj (.text:macTrackTimeoutCallback)
                  000121ec    00000078     osal_pwrmgr.obj (.text:osal_pwrmgr_task_state)
                  00012264    00000078     jdllc.obj (.text:sendAssocReq$34)
                  000122dc    00000078     drivers_cc13x0.aem3 : UARTCC26XX.oem3 (.text:writeTxFifoFlush)
                  00012354    00000076     maclib_secure.a : mac_security.obj (.text:macKeyDescriptorLookup)
                  000123ca    00000002     rtsv7M3_T_le_eabi.lib : l_div0.obj (.text)
                  000123cc    00000074     maclib_secure.a : fh_util.obj (.text:FHUTIL_getCurBfio)
                  00012440    00000074     icall_cc2650.obj (.text:ICallPlatform_pwrUpdActivityCounter)
                  000124b4    00000074     maclib_secure.a : mac_mcu.obj (.text:macMcuOverflowSetCompare)
                  00012528    00000070                     : fh_api.obj (.text:FHAPI_startBS)
                  00012598    00000070                     : fh_dh1cf.obj (.text:FHDH1CF_getBCChannelNum)
                  00012608    00000070     rf_multiMode_cc13x0.aem3 : RFCC26XX_multiMode.oem3 (.text:RF_yield)
                  00012678    00000070     jdllc.obj (.text:dataCnfCb$34)
                  000126e8    00000070     maclib_secure.a : mac_mcu.obj (.text:macMcuOverflowSetPeriod)
                  00012758    00000070                     : mac_tx.obj (.text:macTxAckReceivedCallback)
                  000127c8    00000070     nvocop.obj (.text:writeWord$29)
                  00012838    0000006d     rom_sysbios.aem3 : rom_sysbios.obj (.text:xdc_runtime_System_formatNum__I)
                  000128a5    00000001     --HOLE-- [fill = 0]
                  000128a6    00000002                      : rom_sysbios.obj (.text:ti_sysbios_BIOS_linkedWithIncorrectBootLibrary__E)
                  000128a8    0000006c     maclib_secure.a : fh_nt.obj (.text:FHNT_putEntry)
                  00012914    0000006c     drivers_cc13x0.aem3 : PowerCC26XX_calibrateRCOSC.oem3 (.text:PowerCC26XX_initiateCalibration)
                  00012980    0000006c     rf_multiMode_cc13x0.aem3 : RFCC26XX_multiMode.oem3 (.text:RF_ratDisableChannel)
                  000129ec    0000006c     nvocop.obj (.text:findItemInCache$29)
                  00012a58    0000006c     maclib_secure.a : mac_mgmt.obj (.text:macDisassocComplete)
                  00012ac4    0000006c                     : mac_main.obj (.text:macExecute)
                  00012b30    0000006c                     : mac_main.obj (.text:macSendMsg)
                  00012b9c    00000068                     : fh_data.obj (.text:FHDATA_purgePktFromQueue)
                  00012c04    00000068     driverlib.lib : sys_ctrl.obj (.text:NOROM_SysCtrlAdjustRechargeAfterPowerDown)
                  00012c6c    00000068                   : sys_ctrl.obj (.text:NOROM_SysCtrl_DCDC_VoltageConditionalControl)
                  00012cd4    00000068     ssf.obj (.text:Ssf_getNetworkInfo)
                  00012d3c    00000068     rtsv7M3_T_le_eabi.lib : copy_decompress_lzss.obj (.text:decompress:lzss)
                  00012da4    00000068     drivers_cc13x0.aem3 : PowerCC26XX.oem3 (.text:lfClockReadyCallback)
                  00012e0c    00000068     maclib_secure.a : mac_radio_tx.obj (.text:macRadioSendImmAckSubG$78)
                  00012e74    00000068                     : mac_rx_onoff.obj (.text:macRxOn)
                  00012edc    00000068     jdllc.obj (.text:sendScanReq$34)
                  00012f44    00000068     maclib_secure.a : mac_tx.obj (.text:txGo$83)
                  00012fac    00000068     jdllc.obj (.text:updateState$34)
                  00013014    00000064     driverlib.lib : osc.obj (.text:NOROM_OSCHF_AttemptToSwitchToXosc)
                  00013078    00000064                   : setup_rom.obj (.text:NOROM_SetupGetTrimForAnabypassValue1)
                  000130dc    00000064     drivers_cc13x0.aem3 : UARTCC26XX.oem3 (.text:UARTCC26XX_readCancel)
                  00013140    00000064                         : PowerCC26XX.oem3 (.text:configureXOSCHF)
                  000131a4    00000064     maclib_secure.a : mac_device.obj (.text:macAssocDataRxInd)
                  00013208    00000064                     : mac_device.obj (.text:macRxCoordRealign)
                  0001326c    00000064                     : mac_mgmt.obj (.text:macRxDisassoc)
                  000132d0    00000064                     : mac_symbol_timer.obj (.text:macSymbolTimerInit)
                  00013334    00000064     osal.obj (.text:osal_msg_enqueue_push$19)
                  00013398    00000062     maclib_secure.a : mac_mgmt.obj (.text:macBuildWSAsyncMsg)
                  000133fa    00000002     app_pem3.oem3 (.text:ti_sysbios_BIOS_nullFunc__I)
                  000133fc    00000060     driverlib.lib : osc.obj (.text:NOROM_OSCClockSourceSet)
                  0001345c    00000060     rf_multiMode_cc13x0.aem3 : RFCC26XX_multiMode.oem3 (.text:RF_getCurrentTime)
                  000134bc    00000060     drivers_cc13x0.aem3 : UARTCC26XX.oem3 (.text:UARTCC26XX_control)
                  0001351c    00000060     rf_multiMode_cc13x0.aem3 : RFCC26XX_multiMode.oem3 (.text:dispatchNextEvent)
                  0001357c    00000060     maclib_secure.a : mac_data.obj (.text:macFrameDurationSubG)
                  000135dc    00000060                     : mac_radio.obj (.text:macGetRadioTxPowerReg)
                  0001363c    00000060                     : mac_radio_tx.obj (.text:macRadioTxBackoffBoundary)
                  0001369c    00000060                     : mac_rx.obj (.text:macRxHaltCleanup)
                  000136fc    00000060                     : mac_scan.obj (.text:macScanComplete)
                  0001375c    00000060     osal.obj (.text:osal_msg_send)
                  000137bc    0000005e     maclib_secure.a : fh_mgr.obj (.text:FHMGR_updateRadioUCChannel)
                  0001381a    00000002     rom_sysbios.aem3 : rom_sysbios.obj (.text:ti_sysbios_knl_Clock_triggerFunc__I)
                  0001381c    0000005c     jdllc.obj (.text:Jdllc_addSecDevice)
                  00013878    0000005c     drivers_cc13x0.aem3 : PowerCC26XX_calibrateRCOSC.oem3 (.text:PowerCC26XX_RCOSC_clockFunc)
                  000138d4    0000005c                         : PowerCC26XX.oem3 (.text:PowerCC26XX_calibrate)
                  00013930    0000005c     rf_multiMode_cc13x0.aem3 : RFCC26XX_multiMode.oem3 (.text:hwiFxnCpe0PowerFsm)
                  0001398c    0000005c     maclib_secure.a : mac_device.obj (.text:macPollDataRxInd)
                  000139e8    0000005c     rf_multiMode_cc13x0.aem3 : RFCC26XX_multiMode.oem3 (.text:syncCb)
                  00013a44    0000005c     app_pem3.oem3 (.text:xdc_runtime_Startup_getState__I)
                  00013aa0    0000005b     rom_sysbios.aem3 : rom_sysbios.obj (.text:xdc_runtime_Text_putLab__E)
                  00013afb    00000001     --HOLE-- [fill = 0]
                  00013afc    00000058     maclib_secure.a : fh_data.obj (.text:FHDATA_requeuePkt)
                  00013b54    00000058                     : fh_nt.obj (.text:FHNT_DelDeviceCB)
                  00013bac    00000058                     : fh_util.obj (.text:FHUTIL_getBitCounts)
                  00013c04    00000058                     : mac_mgmt.obj (.text:MAC_ResumeReq)
                  00013c5c    00000058     drivers_cc13x0.aem3 : PINCC26XX.oem3 (.text:PIN_remove)
                  00013cb4    00000058     mac_user_config.obj (.text:applyGenfskPatch$35)
                  00013d0c    00000058     maclib_secure.a : mac_rx_onoff.obj (.text:macRxOffRequest)
                  00013d64    00000058                     : mac_symbol_timer.obj (.text:macSymbolTimerEventHandler$82)
                  00013dbc    00000058                     : mac_timer.obj (.text:macTimerAddTimer)
                  00013e14    00000058                     : mac_timer.obj (.text:macTimerUpdateSymbolTimer)
                  00013e6c    00000054     drivers_cc13x0.aem3 : CryptoCC26XX.oem3 (.text:CryptoCC26XX_close)
                  00013ec0    00000054     maclib_secure.a : fh_sm.obj (.text:FHSM_event)
                  00013f14    00000054     rf_multiMode_cc13x0.aem3 : RFCC26XX_multiMode.oem3 (.text:RF_ieeeExtension)
                  00013f68    00000054     uart_printf.obj (.text:UartPrintf_flush)
                  00013fbc    00000054     rf_multiMode_cc13x0.aem3 : RFCC26XX_multiMode.oem3 (.text:cmdDispatchTime)
                  00014010    00000054     maclib_secure.a : mac_device.obj (.text:macApiPollReq)
                  00014064    00000054                     : mac_symbol_timer.obj (.text:macSymbolTimerSetRollover)
                  000140b8    00000054                     : mac_beacon_device.obj (.text:macSyncTimeoutCallback)
                  0001410c    00000054                     : mac_beacon_device.obj (.text:macTrackStartCallback)
                  00014160    00000054                     : mac_ie_parse.obj (.text:macUpdatePayloadIEPtr)
                  000141b4    00000054     api_mac.obj (.text:processScanCnf$32)
                  00014208    00000052     maclib_secure.a : fh_ie.obj (.text:FHIE_genExcludedChannelMask)
                  0001425a    00000052                     : fh_ie.obj (.text:FHIE_getSubPie)
                  000142ac    00000050                     : fh_mgr.obj (.text:FHMGR_macStartFHTimer)
                  000142fc    00000050                     : fh_mgr.obj (.text:FHMGR_ucTimerIsrCb)
                  0001434c    00000050                     : fh_nt.obj (.text:FHNT_getEUI)
                  0001439c    00000050     driverlib.lib : crypto.obj (.text:NOROM_CRYPTOCcmAuthEncryptResultGet)
                  000143ec    00000050     rf_multiMode_cc13x0.aem3 : RFCC26XX_multiMode.oem3 (.text:applyRfCorePatch)
                  0001443c    00000050     maclib_secure.a : mac_device.obj (.text:macAssocDataReqComplete)
                  0001448c    00000050                     : mac_radio.obj (.text:macRadioSetChannel)
                  000144dc    00000050     drivers_cc13x0.aem3 : UARTCC26XX.oem3 (.text:startTxFifoEmptyClk)
                  0001452c    0000004e     maclib_secure.a : fh_dh1cf.obj (.text:FHDH1CF_mapChIdxChannel)
                  0001457a    00000002     app_pem3.oem3 (.text:ti_sysbios_rom_cortexm_cc13xx_CC13xx_badRomRevision__E)
                  0001457c    0000004c     maclib_secure.a : fh_ie.obj (.text:FHIE_getCcaSfdTime)
                  000145c8    0000004c                     : fh_pib.obj (.text:FHPIB_get)
                  00014614    0000004c     rf_multiMode_cc13x0.aem3 : RFCC26XX_multiMode.oem3 (.text:RF_wakeupNotifyFxn)
                  00014660    0000004c                              : RFCC26XX_multiMode.oem3 (.text:fsmXOSCState)
                  000146ac    0000004c     maclib_secure.a : mac.obj (.text:macFsCb$74)
                  000146f8    0000004c                     : mac_radio.obj (.text:macRadioWakeupCb)
                  00014744    0000004c                     : mac_rx.obj (.text:macRxNokIsr)
                  00014790    0000004c                     : mac_tx.obj (.text:macTxAckNotReceivedCallback)
                  000147dc    0000004c     rtsv7M3_T_le_eabi.lib : cpy_tbl.obj (.text)
                  00014828    0000004a     macstack.obj (.text:icall_slimMsgParser)
                  00014872    00000002     rom_sysbios.aem3 : rom_sysbios.obj (.text:xdc_runtime_SysCallback_defaultAbort)
                  00014874    00000048     board_lcd.obj (.text:Board_Lcd_writeStringValue)
                  000148bc    00000048     dpl_cc13x0.aem3 : ClockP_tirtos.oem3 (.text:ClockP_construct)
                  00014904    00000048     jdllc.obj (.text:Jdllc_sendDisassociationRequest)
                  0001494c    00000048     drivers_cc13x0.aem3 : PINCC26XX.oem3 (.text:PIN_setOutputEnable)
                  00014994    00000048     ssf.obj (.text:Ssf_configurationUpdate)
                  000149dc    00000048     timer.obj (.text:Timer_construct)
                  00014a24    00000048     util.obj (.text:Util_itoa)
                  00014a6c    00000048     maclib_secure.a : mac_beacon_device.obj (.text:macBeaconStartFrameResponseTimer)
                  00014ab4    00000048                     : mac.obj (.text:macSetupFsCmd)
                  00014afc    00000046                     : fh_dh1cf.obj (.text:FHDH1CF_getCh)
                  00014b42    00000046                     : fh_ie.obj (.text:FHIE_getCommonInformationLen)
                  00014b88    00000044                     : fh_api.obj (.text:FHAPI_getRemDT)
                  00014bcc    00000044                     : mac_pib.obj (.text:MAC_MlmeGetReq)
                  00014c10    00000044     rf_multiMode_cc13x0.aem3 : RFCC26XX_multiMode.oem3 (.text:Q_push)
                  00014c54    00000044     drivers_cc13x0.aem3 : RingBuf.oem3 (.text:RingBuf_put)
                  00014c98    00000044     boot.aem3 : boot.oem3 (.text)
                  00014cdc    00000044     nvocop.obj (.text:erasePage$29)
                  00014d20    00000044     ssf.obj (.text:getNumBlackListEntries$38)
                  00014d64    00000044     maclib_secure.a : mac_device.obj (.text:macAssocDataReq)
                  00014da8    00000044                     : mac_device.obj (.text:macPollDataReqComplete)
                  00014dec    00000044                     : mac.obj (.text:macSetupReceiveCmd)
                  00014e30    00000044                     : mac.obj (.text:macStopCmd)
                  00014e74    00000044                     : mac_main.obj (.text:mac_msg_deallocate)
                  00014eb8    00000044     drivers_cc13x0.aem3 : PowerCC26XX.oem3 (.text:notify)
                  00014efc    00000044     jdllc.obj (.text:populateInfo$34)
                  00014f40    00000044     rom_sysbios.aem3 : rom_sysbios.obj (.text:xdc_runtime_Text_xprintf__I)
                  00014f84    00000042     api_mac.obj (.text:copyMacPanDescToApiMacPanDesc$32)
                  00014fc6    00000002     rom_sysbios.aem3 : rom_sysbios.obj (.text:xdc_runtime_SysCallback_defaultExit)
                  00014fc8    00000040     maclib_secure.a : fh_dh1cf.obj (.text:FHDH1CF_hashword)
                  00015008    00000040                     : fh_nt.obj (.text:FHNT_delTempIndex)
                  00015048    00000040                     : fh_util.obj (.text:FHUTIL_getCurUfsi)
                  00015088    00000040     hal_trng_wrapper.obj (.text:HalTRNG_GetTRNG)
                  000150c8    00000040     osal.obj (.text:ICall_setTimer$19)
                  00015108    00000040     maclib_secure.a : mac_symbol_timer.obj (.text:ICall_setTimer$82)
                  00015148    00000040                     : mac_tx.obj (.text:ICall_setTimer$83)
                  00015188    00000040     driverlib.lib : chipinfo.obj (.text:NOROM_ChipInfo_GetHwRevision)
                  000151c8    00000040     nvocop.obj (.text:NVOCOP_initNV)
                  00015208    00000040     drivers_cc13x0.aem3 : PINCC26XX.oem3 (.text:PIN_swi)
                  00015248    00000040                         : UART.oem3 (.text:UART_init)
                  00015288    00000040                         : UART.oem3 (.text:UART_open)
                  000152c8    00000040     jdllc.obj (.text:handleMaxDataFail$34)
                  00015308    00000040     maclib_secure.a : mac_mcu.obj (.text:macMcuInit)
                  00015348    00000040                     : mac_device.obj (.text:macPollFrameResponseTimeout)
                  00015388    00000040                     : mac_symbol_timer.obj (.text:macSymbolTimerSetTrigger)
                  000153c8    00000040     rtsv7M3_T_le_eabi.lib : u_divt2.obj (.text)
                  00015408    00000040     jdllc.obj (.text:sendPollReq$34)
                  00015448    00000040     rom_sysbios.aem3 : rom_sysbios.obj (.text:ti_sysbios_family_arm_cc26xx_Timer_setThreshold__I)
                  00015488    0000003e     dpl_cc13x0.aem3 : HwiP_tirtos.oem3 (.text:HwiP_construct)
                  000154c6    0000003e     drivers_cc13x0.aem3 : RingBuf.oem3 (.text:RingBuf_get)
                  00015504    0000003c     maclib_secure.a : fh_mgr.obj (.text:FHMGR_updateHopping)
                  00015540    0000003c     icall_cc2650.obj (.text:ICallPlatform_pwrConfigACAction)
                  0001557c    0000003c     api_mac.obj (.text:ICall_sendServiceMsg$32)
                  000155b8    0000003c     osal.obj (.text:ICall_setTimerMSecs$19)
                  000155f4    0000003c     driverlib.lib : osc.obj (.text:NOROM_OSC_HPOSCRelativeFrequencyOffsetGet)
                  00015630    0000003c                   : rfc.obj (.text:NOROM_RFCSynthPowerDown)
                  0001566c    0000003c     nvocop.obj (.text:NVOCOP_compactNV)
                  000156a8    0000003c     drivers_cc13x0.aem3 : PowerCC26XX.oem3 (.text:PowerCC26XX_isStableXOSC_HF)
                  000156e4    0000003c     dpl_cc13x0.aem3 : SwiP_tirtos.oem3 (.text:SwiP_construct)
                  00015720    0000003c     drivers_cc13x0.aem3 : PowerCC26XX.oem3 (.text:disableLfClkQualifiersEnableClkLoss)
                  0001575c    0000003c     rf_multiMode_cc13x0.aem3 : RFCC26XX_multiMode.oem3 (.text:getCmd)
                  00015798    0000003c     maclib_secure.a : mac_beacon.obj (.text:macBeaconRequeue)
                  000157d4    0000003c                     : mac_rx_onoff.obj (.text:macRxDisable)
                  00015810    0000003c                     : mac_device.obj (.text:macStartFrameResponseTimer)
                  0001584c    0000003c     osal.obj (.text:osal_msg_extract)
                  00015888    0000003c     rom_sysbios.aem3 : rom_sysbios.obj (.text:ti_sysbios_family_arm_m3_Hwi_construct2__E)
                  000158c4    0000003a     maclib_secure.a : fh_dh1cf.obj (.text:FHDH1CF_getChannelNum)
                  000158fe    0000003a     util.obj (.text:Util_bufferUint32)
                  00015938    00000038     maclib_secure.a : fh_api.obj (.text:FHAPI_stopAsync)
                  00015970    00000038     hal_trng_wrapper.obj (.text:HalTRNG_InitTRNG)
                  000159a8    00000038     macstack.obj (.text:ICall_enrollService$26)
                  000159e0    00000038     main.obj (.text:Main_assertHandler)
                  00015a18    00000038     nvocop.obj (.text:NVOCOP_readItem)
                  00015a50    00000038     drivers_cc13x0.aem3 : PINCC26XX.oem3 (.text:PIN_setOutputValue)
                  00015a88    00000038     rf_multiMode_cc13x0.aem3 : RFCC26XX_multiMode.oem3 (.text:RF_checkCmdFsError)
                  00015ac0    00000038     drivers_cc13x0.aem3 : UARTCC26XX.oem3 (.text:UARTCC26XX_swiIntFxn)
                  00015af8    00000038     board_key.obj (.text:board_key_keyFxn$5)
                  00015b30    00000038     jdllc.obj (.text:disassoCnfCb$34)
                  00015b68    00000038     maclib_secure.a : mac_device.obj (.text:macAssocFailed)
                  00015ba0    00000038                     : mac_mgmt.obj (.text:macBcTimerHandler)
                  00015bd8    00000038                     : mac.obj (.text:macSetUserConfig)
                  00015c10    00000038                     : mac_symbol_timer.obj (.text:macSymbolTimerCount)
                  00015c48    00000038                     : mac_symbol_timer.obj (.text:macSymbolTimerRealignSubG)
                  00015c80    00000038     osal.obj (.text:osal_msg_dequeue)
                  00015cb8    00000038     drivers_cc13x0.aem3 : UARTCC26XX.oem3 (.text:readData)
                  00015cf0    00000038     rf_multiMode_cc13x0.aem3 : RFCC26XX_multiMode.oem3 (.text:rfReleaseConstraint)
                  00015d28    00000038     rom_sysbios.aem3 : rom_sysbios.obj (.text:ti_sysbios_family_arm_cc26xx_Timer_getCurrentTick__E)
                  00015d60    00000038     drivers_cc13x0.aem3 : UARTCC26XX.oem3 (.text:writeData)
                  00015d98    00000036     maclib_secure.a : fh_ie.obj (.text:FHIE_getPie)
                  00015dce    00000002     --HOLE-- [fill = 0]
                  00015dd0    00000034     osal.obj (.text:ICall_send$19)
                  00015e04    00000034     maclib_secure.a : fh_mgr.obj (.text:ICall_setTimer$56)
                  00015e38    00000034     driverlib.lib : ddi.obj (.text:NOROM_DDI32RegWrite)
                  00015e6c    00000034                   : osc.obj (.text:NOROM_OSCHF_SwitchToRcOscTurnOffXosc)
                  00015ea0    00000034     drivers_cc13x0.aem3 : PINCC26XX.oem3 (.text:PIN_setConfig)
                  00015ed4    00000034                         : PowerCC26XX.oem3 (.text:Power_releaseConstraint)
                  00015f08    00000034     rf_multiMode_cc13x0.aem3 : RFCC26XX_multiMode.oem3 (.text:Q_end)
                  00015f3c    00000034     nvocop.obj (.text:disableCache$29)
                  00015f70    00000034     maclib_secure.a : mac_device.obj (.text:macAssociateCnf)
                  00015fa4    00000034                     : mac_beacon_device.obj (.text:macBeaconStopTrack)
                  00015fd8    00000034                     : mac_data.obj (.text:macDataRxInd)
                  0001600c    00000034                     : mac_pib.obj (.text:macMRFSKGetPhyDesc)
                  00016040    00000034                     : mac_beacon_device.obj (.text:macStartBroadcastPendTimer)
                  00016074    00000034                     : mac_timer.obj (.text:macTimerRecalcUnaligned)
                  000160a8    00000034                     : mac_tx.obj (.text:macTxDecrypt)
                  000160dc    00000034                     : mac_tx.obj (.text:macTxUpdateIE)
                  00016110    00000034     osal.obj (.text:osal_msg_enqueue)
                  00016144    00000034     rf_multiMode_cc13x0.aem3 : RFCC26XX_multiMode.oem3 (.text:runDirectImmediateCmd)
                  00016178    00000034     rom_sysbios.aem3 : rom_sysbios.obj (.text:ti_sysbios_family_arm_cc26xx_Timer_initDevice__I)
                  000161ac    00000034                      : rom_sysbios.obj (.text:ti_sysbios_knl_Swi_setPri__E)
                  000161e0    00000032     maclib_secure.a : fh_ie.obj (.text:FHIE_getHie)
                  00016212    00000032     icall_cc2650.obj (.text:ICallPlatform_pwrNotify$1)
                  00016244    00000032     maclib_secure.a : mac_scan.obj (.text:macScanCnfInit)
                  00016276    00000032     rom_sysbios.aem3 : rom_sysbios.obj (.text:ti_sysbios_family_arm_cc26xx_Timer_setNextTick__E)
                  000162a8    00000030     maclib_secure.a : fh_api.obj (.text:FHAPI_SFDRxCb)
                  000162d8    00000030                     : fh_sm.obj (.text:FSM_transaction_debug)
                  00016308    00000030     hal_flash_wrapper.obj (.text:HalFlashRead)
                  00016338    00000030     icall_cc2650.obj (.text:ICallPlatform_pwrRegisterNotify)
                  00016368    00000030     driverlib.lib : crypto.obj (.text:NOROM_CRYPTOAesEcbStatus)
                  00016398    00000030                   : crypto.obj (.text:NOROM_CRYPTOCcmAuthEncryptStatus)
                  000163c8    00000030                   : crypto.obj (.text:NOROM_CRYPTOCcmInvAuthDecryptStatus)
                  000163f8    00000030                   : chipinfo.obj (.text:NOROM_ChipInfo_GetChipType)
                  00016428    00000030                   : setup_rom.obj (.text:NOROM_SetupSetAonRtcSubSecInc)
                  00016458    00000030     drivers_cc13x0.aem3 : PowerCC26XX.oem3 (.text:Power_setConstraint)
                  00016488    00000030     ssf.obj (.text:Ssf_setPollClock)
                  000164b8    00000030     ssf.obj (.text:Ssf_setReadingClock)
                  000164e8    00000030     ssf.obj (.text:Ssf_setScanBackoffClock)
                  00016518    00000030     jdllc.obj (.text:disassocIndCb$34)
                  00016548    00000030     maclib_secure.a : mac_symbol_timer.obj (.text:macSymbolTimerICallTimerCback$82)
                  00016578    00000030                     : mac_timer.obj (.text:macTimerSetRollover)
                  000165a8    00000030     osal.obj (.text:osal_alien2proxy)
                  000165d8    00000030     drivers_cc13x0.aem3 : UARTCC26XX.oem3 (.text:readData2RingBuf)
                  00016608    00000030     app_pem3.oem3 (.text:ti_sysbios_BIOS_atExitFunc__I)
                  00016638    00000030     app_pem3.oem3 (.text:ti_sysbios_BIOS_startFunc__I)
                  00016668    0000002f     rom_sysbios.aem3 : rom_sysbios.obj (.text:xdc_runtime_Text_printVisFxn__I)
                  00016697    00000001     --HOLE-- [fill = 0]
                  00016698    0000002e     icall_cc2650.obj (.text:ICallPlatform_pwrDispenseImpl$1)
                  000166c6    0000002e     icall_cc2650.obj (.text:ICallPlatform_pwrRequireImpl$1)
                  000166f4    0000002e     drivers_cc13x0.aem3 : CryptoCC26XX.oem3 (.text:cryptoTransactionPend)
                  00016722    0000002c     maclib_secure.a : fh_ie.obj (.text:FHIE_getExcludedChannelControl)
                  0001674e    00000002     --HOLE-- [fill = 0]
                  00016750    0000002c     driverlib.lib : osc.obj (.text:NOROM_OSCClockSourceGet)
                  0001677c    0000002c                   : rfc.obj (.text:NOROM_RFCCpePatchReset)
                  000167a8    0000002c     drivers_cc13x0.aem3 : PINCC26XX.oem3 (.text:PINCC26XX_setMux)
                  000167d4    0000002c     dpl_cc13x0.aem3 : SemaphoreP_tirtos.oem3 (.text:SemaphoreP_constructBinary)
                  00016800    0000002c     ssf.obj (.text:Ssf_clearNetworkInfo)
                  0001682c    0000002c     uart_printf.obj (.text:UartPrintf_putch)
                  00016858    0000002c     rf_multiMode_cc13x0.aem3 : RFCC26XX_multiMode.oem3 (.text:calculateDeltaTimeUs)
                  00016884    0000002c                              : RFCC26XX_multiMode.oem3 (.text:executeDirectImmediateCmd)
                  000168b0    0000002c     nvocop.obj (.text:findOffset$29)
                  000168dc    0000002c     main.obj (.text:macAntPwrHandler)
                  00016908    0000002c     maclib_secure.a : mac_pib.obj (.text:macPibReset)
                  00016934    0000002c                     : mac_radio.obj (.text:macRadioPowerUpWait)
                  00016960    0000002c                     : mac_radio.obj (.text:macRadioSetPanCoordinator)
                  0001698c    0000002c     osal.obj (.text:osal_msec_timer_cback$19)
                  000169b8    0000002c     saddr.obj (.text:sAddrCmp)
                  000169e4    0000002c     rom_sysbios.aem3 : rom_sysbios.obj (.text:ti_sysbios_knl_Clock_getTicksUntilInterrupt__E)
                  00016a10    0000002a                      : rom_sysbios.obj (.text:ti_sysbios_knl_Clock_getTimeout__E)
                  00016a3a    0000002a                      : rom_sysbios.obj (.text:xdc_runtime_System_putchar__I)
                  00016a64    00000028     drivers_cc13x0.aem3 : CryptoCC26XX.oem3 (.text:CryptoCC26XX_releaseKey)
                  00016a8c    00000028     maclib_secure.a : fh_mgr.obj (.text:FHMGR_macCancelFHTimer)
                  00016ab4    00000028     ssf.obj (.text:ICall_malloc$38)
                  00016adc    00000028     maclib_secure.a : mac_security_pib.obj (.text:MAC_MlmeGetPointerSecurityReq)
                  00016b04    00000028     driverlib.lib : aon_batmon.obj (.text:NOROM_AONBatMonTemperatureGetDegC)
                  00016b2c    00000028                   : rfc.obj (.text:NOROM_RFCDoorbellSendTo)
                  00016b54    00000028     drivers_cc13x0.aem3 : PowerCC26XX.oem3 (.text:Power_registerNotify)
                  00016b7c    00000028     driverlib.lib : adi.obj (.text:SafeHapiVoid)
                  00016ba4    00000028     board_led.obj (.text:board_led_anyBlinking$7)
                  00016bcc    00000028     nvocop.obj (.text:findItem$29)
                  00016bf4    00000028     maclib_secure.a : mac_mgmt.obj (.text:macApiPending)
                  00016c1c    00000028                     : mac_beacon.obj (.text:macBeaconCheckSched)
                  00016c44    00000028                     : mac_mgmt.obj (.text:macCoordAddrCmp)
                  00016c6c    00000028                     : mac_mgmt.obj (.text:macGetCoordAddress)
                  00016c94    00000028                     : mac_radio.obj (.text:macRadioStopScan)
                  00016cbc    00000028                     : mac_tx.obj (.text:macTxRequestCsmaRtcDelay)
                  00016ce4    00000028     osal_memory_icall.obj (.text:osal_mem_alloc)
                  00016d0c    00000028     osal_timers.obj (.text:osal_next_timeout)
                  00016d34    00000026     maclib_secure.a : fh_util.obj (.text:FHUTIL_getMaxChannels)
                  00016d5a    00000026                     : fh_util.obj (.text:FHUTIL_getTxUfsi)
                  00016d80    00000026                     : mac_radio.obj (.text:radioComputeED$77)
                  00016da6    00000002     --HOLE-- [fill = 0]
                  00016da8    00000024     drivers_cc13x0.aem3 : CryptoCC26XX.oem3 (.text:CryptoCC26XX_hwiIntFxn)
                  00016dcc    00000024     maclib_secure.a : fh_api.obj (.text:FHAPI_getTxChHoppingFunc)
                  00016df0    00000024                     : fh_pib.obj (.text:FHPIB_getLen)
                  00016e14    00000024     osal_pwrmgr.obj (.text:ICall_pwrUpdActivityCounter$23)
                  00016e38    00000024     rf_multiMode_cc13x0.aem3 : RFCC26XX_multiMode.oem3 (.text:allocCmd)
                  00016e5c    00000024     maclib_secure.a : mac_device.obj (.text:macAssocFrameResponseTimeout)
                  00016e80    00000024                     : mac_beacon.obj (.text:macBeaconReset)
                  00016ea4    00000024                     : mac.obj (.text:macClientSwitchCb)
                  00016ec8    00000024                     : mac_radio_tx.obj (.text:macRadioTxRequestTxAck)
                  00016eec    00000024                     : mac_rx_onoff.obj (.text:macRxSoftDisable)
                  00016f10    00000024                     : mac_symbol_timer.obj (.text:macSymbolTimerSetTriggerRollover)
                  00016f34    00000024                     : mac_timer.obj (.text:macTimerAligned)
                  00016f58    00000024     osal.obj (.text:osal_msg_allocate)
                  00016f7c    00000024     rtsv7M3_T_le_eabi.lib : memcmp.obj (.text)
                  00016fa0    00000024     app_pem3.oem3 (.text:ti_sysbios_BIOS_registerRTSLock__I)
                  00016fc4    00000024     app_pem3.oem3 (.text:ti_sysbios_BIOS_removeRTSLock__I)
                  00016fe8    00000024     rom_sysbios.aem3 : rom_sysbios.obj (.text:ti_sysbios_family_arm_cc26xx_Timer_getMaxTicks__E)
                  0001700c    00000024                      : rom_sysbios.obj (.text:xdc_runtime_System_vprintf__E)
                  00017030    00000022     drivers_cc13x0.aem3 : List.oem3 (.text:List_put)
                  00017052    00000002     --HOLE-- [fill = 0]
                  00017054    00000020     maclib_secure.a : fh_data.obj (.text:FHDATA_updateCCA)
                  00017074    00000020                     : fh_util.obj (.text:FHUTIL_updateUcNumChannels)
                  00017094    00000020     hal_flash_wrapper.obj (.text:HalFlashGetAddress)
                  000170b4    00000020     osal_memory_icall.obj (.text:ICall_free$22)
                  000170d4    00000020     api_mac.obj (.text:ICall_free$32)
                  000170f4    00000020     osal.obj (.text:ICall_getTicks$19)
                  00017114    00000020     sensor.obj (.text:ICall_getTicks$37)
                  00017134    00000020     maclib_secure.a : fh_data.obj (.text:ICall_getTicks$55)
                  00017154    00000020                     : fh_mgr.obj (.text:ICall_getTicks$56)
                  00017174    00000020                     : fh_util.obj (.text:ICall_getTicks$59)
                  00017194    00000020                     : fh_api.obj (.text:ICall_getTicks$84)
                  000171b4    00000020                     : fh_nt.obj (.text:ICall_getTicks$87)
                  000171d4    00000020     osal.obj (.text:ICall_signal$19)
                  000171f4    00000020     maclib_secure.a : mac_symbol_timer.obj (.text:ICall_signal$82)
                  00017214    00000020                     : mac_pib.obj (.text:MAC_GetPHYParamReq)
                  00017234    00000020     driverlib.lib : rfc.obj (.text:NOROM_RFCAdi3VcoLdoVoltageMode)
                  00017254    00000020     dpl_cc13x0.aem3 : PowerCC26XX_tirtos.oem3 (.text:PowerCC26XX_schedulerDisable)
                  00017274    00000020                     : PowerCC26XX_tirtos.oem3 (.text:PowerCC26XX_schedulerRestore)
                  00017294    00000020     drivers_cc13x0.aem3 : PowerCC26XX.oem3 (.text:Power_unregisterNotify)
                  000172b4    00000020     rf_multiMode_cc13x0.aem3 : RFCC26XX_multiMode.oem3 (.text:clkPowerUpFxn)
                  000172d4    00000020                              : RFCC26XX_multiMode.oem3 (.text:hwiFxnCpe0ChangePhy)
                  000172f4    00000020     maclib_secure.a : mac_data.obj (.text:macDataRxMemAlloc)
                  00017314    00000020                     : mac_data.obj (.text:macDataSend)
                  00017334    00000020                     : mac_radio.obj (.text:macRadioSwInit)
                  00017354    00000020                     : mac_rx_onoff.obj (.text:macRxOff)
                  00017374    00000020                     : mac_rx_onoff.obj (.text:macRxSoftEnable)
                  00017394    00000020     osal.obj (.text:osal_memcmp)
                  000173b4    00000020     osal.obj (.text:osal_msg_push)
                  000173d4    00000020     ssf.obj (.text:processScanBackoffTimeoutCallback$38)
                  000173f4    00000020     rf_multiMode_cc13x0.aem3 : RFCC26XX_multiMode.oem3 (.text:ratIsRunning)
                  00017414    00000020     app_pem3.oem3 (.text:ti_sysbios_BIOS_rtsLock__I)
                  00017434    00000020     rom_sysbios.aem3 : rom_sysbios.obj (.text:ti_sysbios_family_arm_cc26xx_Timer_dynamicStub__E)
                  00017454    00000020                      : rom_sysbios.obj (.text:ti_sysbios_knl_Clock_stop__E)
                  00017474    00000020                      : rom_sysbios.obj (.text:xdc_runtime_Registry_findById__E)
                  00017494    0000001e     drivers_cc13x0.aem3 : PINCC26XX.oem3 (.text:PIN_close)
                  000174b2    0000001e                         : PowerCC26XX.oem3 (.text:Power_getTransitionLatency)
                  000174d0    0000001e     maclib_secure.a : mac_pib.obj (.text:macPibIndex)
                  000174ee    0000001e                     : mac_scan.obj (.text:macScanFailedInProgress)
                  0001750c    0000001e                     : mac_timer.obj (.text:macTimerRemoveTimer)
                  0001752a    0000001c                     : fh_api.obj (.text:FHAPI_setStateCb)
                  00017546    0000001c                     : fh_pib.obj (.text:FHPIB_getIndex)
                  00017562    00000002     --HOLE-- [fill = 0]
                  00017564    0000001c     osal.obj (.text:ICall_abort$19)
                  00017580    0000001c     osaltasks.obj (.text:ICall_abort$27)
                  0001759c    0000001c     driverlib.lib : chipinfo.obj (.text:NOROM_ChipInfo_GetChipFamily)
                  000175b8    0000001c                   : flash.obj (.text:NOROM_FlashProgram)
                  000175d4    0000001c                   : flash.obj (.text:NOROM_FlashSectorErase)
                  000175f0    0000001c     drivers_cc13x0.aem3 : PINCC26XX.oem3 (.text:PINCC26XX_setIoCfgMux)
                  0001760c    0000001c                         : PINCC26XX.oem3 (.text:PIN_hwi)
                  00017628    0000001c     rf_multiMode_cc13x0.aem3 : RFCC26XX_multiMode.oem3 (.text:RF_getRssi)
                  00017644    0000001c     ssf.obj (.text:Ssf_initializeReadingClock)
                  00017660    0000001c     ssf.obj (.text:Ssf_stateChangeUpdate)
                  0001767c    0000001c     util.obj (.text:Util_clearEvent)
                  00017698    0000001c     util.obj (.text:Util_setEvent)
                  000176b4    0000001c     rf_multiMode_cc13x0.aem3 : RFCC26XX_multiMode.oem3 (.text:clkInactivityFxn)
                  000176d0    0000001c     nvocop.obj (.text:enableCache$29)
                  000176ec    0000001c     maclib_secure.a : mac_mgmt.obj (.text:macConflictSyncLossInd)
                  00017708    0000001c                     : mac_mcu.obj (.text:macMcuTimerCapture)
                  00017724    0000001c                     : mac_device.obj (.text:macPollRxDisassoc)
                  00017740    0000001c                     : mac_radio.obj (.text:macRadioSetRE)
                  0001775c    0000001c                     : mac_rx.obj (.text:macRxAckTxDoneCallback)
                  00017778    0000001c                     : mac.obj (.text:macSetCurrChan$74)
                  00017794    0000001c                     : mac_symbol_timer.obj (.text:macSymbolTimerPowerDown)
                  000177b0    0000001c                     : mac_timer.obj (.text:macTimer)
                  000177cc    0000001c     osal.obj (.text:osal_proxy2alien$19)
                  000177e8    0000001c     ssf.obj (.text:processPollTimeoutCallback$38)
                  00017804    0000001c     ssf.obj (.text:processReadingTimeoutCallback$38)
[...]
20000144  ti_sysbios_family_arm_m3_Hwi_Module__state__V                             
20000178  ti_sysbios_knl_Clock_Module__state__V                                     
200001a4  ti_sysbios_BIOS_Module__state__V                                          
200001c8  ti_sysbios_knl_Swi_Module__state__V                                       
200001e4  ti_sysbios_family_arm_cc26xx_Timer_Module__state__V                       
200001ec  ti_sysbios_family_arm_cc26xx_TimestampProvider_Module__state__V           
200001f0  xdc_runtime_Startup_Module__state__V                                      
200001f8  xdc_runtime_System_Module__state__V                                       
20000200  xdc_runtime_Memory_Module__state__V                                       
20000208  macTaskId                                                                 
20000209  macMgmt                                                                   
2000020a  macPanCoordinator                                                         
2000020b  csmPhy                                                                    
2000020c  pMacDataTx                                                                
20000210  macDataTxIndirect                                                         
20000214  macDataRequeueIndirect                                                    
20000218  macDataRxBeaconCritical                                                   
2000021c  macDataTxBeaconComplete                                                   
20000220  macDataSetSched                                                           
20000224  macDataCheckSched                                                         
20000228  macDataCheckTxTime                                                        
2000022c  macDataBeaconRequeue                                                      
20000230  timerUnalignedQ                                                           
20000234  timerAlignedQ                                                             
20000238  macTimerRollover                                                          
2000023c  macTimerNewRollover                                                       
20000240  macTimerActive                                                            
20000244  Crypto_handle                                                             
20000248  cryptoDrvTblPtr                                                           
2000024c  macCoordAction1                                                           
20000254  macMain                                                                   
20000260  macBeaconDeviceAction                                                     
20000270  macCoordAction3                                                           
20000280  macData                                                                   
20000290  macDataTxDelay                                                            
200002a0  macDeviceAction2                                                          
200002b4  macStateTbl                                                               
200002c8  macMgmtAction2                                                            
200002dc  macScanAction                                                             
200002f4  macCoordAction2                                                           
20000310  macReset                                                                  
2000032c  macBeaconMargin                                                           
2000034c  macBeacon                                                                 
2000036c  macActionSet                                                              
20000390  macMgmtAction1                                                            
200003b8  macCoord                                                                  
200003e4  macDevice                                                                 
20000410  macBeaconDevice                                                           
20000444  macBeaconPayload                                                          
20000478  macDeviceAction1                                                          
200004b0  macScan                                                                   
20000504  fhObject                                                                  
20000570  macMRFSKGenPhyTable                                                       
200005f0  macPib                                                                    
20000674  macSecurityPib                                                            
20000720  uartParams                                                                
20000744  user0Cfg                                                                  
2000077c  myTask                                                                    
200007cc  Main_user1Cfg                                                             
20000830  myTaskStack                                                               
20000bb8  hUart                                                                     
20000fbc  macAddrSize                                                               
20000fc0  FHNT_Dbg                                                                  
20000fc8  FH_txTiming                                                               
20000fd0  FHNT_tempTable                                                            
20000fd8  FH_FSM                                                                    
20000fe4  FHNT_hnd                                                                  
2000101c  FHFSM_Dbg                                                                 
20001060  FHIE_channelPlan                                                          
200010b4  FHNT_tableOpt                                                             
20001130  FH_hnd                                                                    
200011b8  FHPIB_db                                                                  
20001244  pinUpperBound                                                             
20001248  pinLowerBound                                                             
200012dc  pinHandleTable                                                            
20001358  PowerCC26XX_module                                                        
2000146c  Ssf_resetReseason                                                         
20001470  Ssf_resetCount                                                            
20001570  RF_cmdRat                                                                 
20001578  RF_cmdRat1                                                                
20001580  RF_cmdNop                                                                 
20001590  RF_cmdFs                                                                  
200015a8  RF_cmdPropCs                                                              
200015c4  RF_cmdPropCsSlotted                                                       
200015e0  RF_cmdPropTxAdv                                                           
20001600  RF_cmdPropRadioDivSetup                                                   
20001628  RF_cmdPropRxAdv                                                           
2000165a  Sensor_events                                                             
200016ac  Sensor_msgStats                                                           
20001724  initBroadcastMsg                                                          
20001726  parentFound                                                               
2000172e  Jdllc_events                                                              
20001750  Jdllc_statistics                                                          
200017d4  ICall_enterCriticalSection                                                
200017d8  ICall_leaveCriticalSection                                                
200017f0  HEAPMGR_SIZE                                                              
200017f4  ICall_dispatcher                                                          
20001858  macReqAccessTimeCnt                                                       
20001859  reqAccessAlloc                                                            
2000185c  rxCmdHandle                                                               
2000185e  fsCmdHandle                                                               
20001864  lastPostCmd                                                               
20001868  macSfdDetectCback                                                         
20001870  macTxTimestamp                                                            
20001874  pMacRadioConfig                                                           
20001878  rfDrvTblPtr                                                               
2000187c  pRfPropTable                                                              
20001880  pRfPropTableOld                                                           
20001884  pMacRfAntSwitchSel                                                        
20001888  pMacRfAntPwrSel                                                           
20001898  macRxOutputSubG                                                           
200018a4  macFrmFilter                                                              
20001914  ti_sysbios_knl_Task_Object__table__V                                      
200019a8  ti_sysbios_family_arm_cc26xx_Timer_Object__table__V                       
20001a34  ti_sysbios_gates_GateMutex_Object__table__V                               
20001a6d  osal_entity                                                               
20001a74  osal_qHead                                                                
20001a78  osal_eventloop_hook                                                       
20001a7c  osal_icallMsg_hook                                                        
20001a80  osal_semaphore                                                            
20001a84  osal_last_timestamp                                                       
20001a88  osal_tickperiod                                                           
20001a8c  osal_max_msecs                                                            
20001aa0  macPhyTxPower                                                             
20001aa8  RF_handle                                                                 
20001ab0  RF_params                                                                 
20001acc  txCmdHandle                                                               
20001ad0  pMacEnhancedAck                                                           
20001ad4  macRadioAckFrame                                                          
20001adc  macAckTimer                                                               
20001afc  ti_sysbios_knl_Swi_Module_State_0_readyQ__A                               
20001b2c  ti_sysbios_knl_Swi_Object__table__V                                       
20001b5c  ti_sysbios_knl_Task_Module_State_0_readyQ__A                              
20001b8c  macTxSlottedDelayFactor                                                   
20001b8d  macTxType                                                                 
20001b8e  macTxBe                                                                   
20001b8f  txAckReq                                                                  
20001b94  macTxCsmaBackoffDelay                                                     
20001b98  macCsmaRtcTimerId                                                         
20001b9c  macAckDbg                                                                 
20001bb0  macSpecUsecsPerSymbol                                                     
20001bb4  macPrevPeriodRatCount                                                     
20001bb8  macSymbolTimerRollover                                                    
20001bbc  macSymbolTimerTrigger                                                     
20001bc8  ticks_power_down                                                          
20001bd0  ti_sysbios_knl_Clock_Object__table__V                                     
20001bf0  xdc_runtime_Error_IgnoreBlock                                             
20001c2c  ti_sysbios_family_arm_m3_Hwi_Object__table__V                             
20001c44  ti_sysbios_heaps_HeapMem_Object__table__V                                 
20001c5c  ApiMac_appEntity                                                          
20001c68  ApiMac_extAddr                                                            
20001c70  lastRatChanA                                                              
20001c71  lastRatChanB                                                              
20001c72  macRxCmdActive                                                            
20001c73  macTxCmdActive                                                            
20001c74  macFsCmdActive                                                            
20001c76  macReqAccessCnt                                                           
20001c78  macReqAccErrCnt                                                           
20001c7a  numRfCmd                                                                  
20001c7b  numRxCmd                                                                  
20001c7c  numRxPostCmd                                                              
20001c7e  macRadioFreeCnt                                                           
20001c80  AppTaskId                                                                 
20001c84  pMacCbackQueryRetransmit                                                  
20001c88  pMacCbackCheckPending                                                     
20001c8c  macCfg                                                                    
20001c96  ti_sysbios_family_arm_m3_Hwi_Module_State_0_excActive__A                  
20001c9c  OSAL_timeSeconds                                                          
20001ca4  sector_addr                                                               
20001cb0  _lock                                                                     
20001cb4  _unlock                                                                   
20001cb8  ti_sysbios_family_arm_m3_Hwi_Module__root__V                              
20001cc0  ti_sysbios_gates_GateHwi_Module__root__V                                  
20001cc8  ti_sysbios_gates_GateMutex_Module__root__V                                
20001cd0  ti_sysbios_hal_Hwi_Module__root__V                                        
20001cd8  ti_sysbios_heaps_HeapMem_Module__root__V                                  
20001ce0  ti_sysbios_knl_Clock_Module__root__V                                      
20001ce8  ti_sysbios_knl_Mailbox_Module__root__V                                    
20001cf0  ti_sysbios_knl_Queue_Module__root__V                                      
20001cf8  ti_sysbios_knl_Semaphore_Module__root__V                                  
20001d00  ti_sysbios_knl_Swi_Module__root__V                                        
20001d08  ti_sysbios_knl_Task_Module__root__V                                       
20001d10  xdc_runtime_Registry_Module__state__V                                     
20001d18  macTxSlottedDelay                                                         
20001d19  macUnitBackoffPeriod                                                      
20001d1a  rxFhRsl                                                                   
20001d1b  macPhyChannel                                                             
20001d1c  pwrmgr_initialized                                                        
20001d1e  pwrmgr_attribute                                                          
20001d28  pOverridesTable                                                           
20001d2c  main_func_sp                                                              
20001d30  ti_sysbios_family_arm_m3_Hwi_Module_State_0_excContext__A                 
20001d34  ti_sysbios_family_arm_m3_Hwi_Module_State_0_excStack__A                   
20001d38  ti_sysbios_knl_Task_Module_State_0_idleTask__A                            
20001d3d  bInSwi                                                                    
20001d3e  macRadioYielded                                                           
20001d40  ti_sysbios_heaps_HeapMem_Instance_State_0_buf__A                          
20002710  ti_sysbios_knl_Task_Instance_State_0_stack__A                             
20002910  uartCC26XXObjects                                                         
20002a38  enhancedAckBuf                                                            
20002c00  ti_sysbios_family_arm_m3_Hwi_dispatchTable                                
20002cc8  cryptoCC26XXObjects                                                       
20002d48  uartCC26XXRingBuffer                                                      
20002d88  macRxFilter                                                               
20002d89  rxPromiscuousMode                                                         
20002d94  macRxDataEntryOffset                                                      
20002d9c  rxRadioBufferPtr                                                          
20002da8  macRxDataEntryQueue                                                       
20002e2c  PowerCC26XX_taskKey                                                       
20002e30  PowerCC26XX_swiKey                                                        
20002e34  timerHead                                                                 
20002e44  ClockP_tickPeriod                                                         
20002e48  tasksEvents                                                               
20002e50  driverlib_release_0_50218                                                 
20002e51  g_hwiInt                                                                  
20002e52  macPwr                                                                    
20002e53  macRxActive                                                               
20002e54  macRxEnableFlags                                                          
20002e55  macRxOutgoingAckFlag                                                      
20002e56  macSymbolTimerImpending                                                   
20002e57  macTxActive                                                               
20002e58  heapStart                                                                 
20004b00  __stack                                                                   
20004b00  heapEnd                                                                   
20005000  __STACK_END                                                               
20005000  __STACK_TOP                                                               
e000e000  ti_sysbios_family_arm_m3_Hwi_nvic                                         
ffffffff  __TI_pprof_out_hndl                                                       
ffffffff  __TI_prof_data_size                                                       
ffffffff  __TI_prof_data_start                                                      
ffffffff  __binit__                                                                 
ffffffff  __c_args__                                                                
ffffffff  binit                                                                     
UNDEFED   SHT$$INIT_ARRAY$$Base                                                     
UNDEFED   SHT$$INIT_ARRAY$$Limit                                                    

[1458 symbols]
