******************************************************************************
                  TI ARM Linker Unix v16.9.6                   
******************************************************************************
>> Linked Mon Jan 15 13:51:04 2018

OUTPUT FILE NAME:   <sensor_cc13x2lp.out>
ENTRY POINT SYMBOL: "ResetISR"  address: 0001238d


MEMORY CONFIGURATION

         name            origin    length      used     unused   attr    fill
----------------------  --------  ---------  --------  --------  ----  --------
  FLASH                 00000000   00054000  00018e2a  0003b1d6  R  X
  FLASH_NV              00054000   00002000  00002000  00000000  RW X
  FLASH_LAST            00056000   00002000  00001dca  00000236  R  X
  SRAM                  20000000   00014000  00003b12  000104ee  RW X


SEGMENT ALLOCATION MAP

run origin  load origin   length   init length attrs members
----------  ----------- ---------- ----------- ----- -------
00000000    00000000    00018e30   00018e30    r-x
  00000000    00000000    0000003c   0000003c    r-- .resetVecs
  00000040    00000040    000165e0   000165e0    r-x .text
  00016620    00016620    0000144a   0000144a    r-- config_const
  00017a6c    00017a6c    00000f4c   00000f4c    r-- .const
  000189b8    000189b8    00000478   00000478    r-- .cinit
00054000    00054000    00003d72   00003d72    r-x
  00054000    00054000    00002000   00002000    r-- .TI.bound:NV_FLASH
  00056000    00056000    00001d72   00001d72    r-x flash_last_text
00057fa8    00057fa8    00000058   00000058    r--
  00057fa8    00057fa8    00000058   00000058    r-- .ccfg
20000100    20000100    0000354e   00000000    rw-
  20000100    20000100    00000004   00000000    rw- .data:xdcRomConstPtr
  20000104    20000104    00000004   00000000    rw- .data:xdcRomExternFuncPtr
  20000108    20000108    00000004   00000000    rw- .data:xdcRomStatePtr
  20000110    20000110    00001ec0   00000000    rw- .data
  20001fd0    20001fd0    0000167e   00000000    rw- .bss
20013b00    20013b00    00000500   00000000    rw-
  20013b00    20013b00    00000500   00000000    rw- .stack


SECTION ALLOCATION MAP

 output                                  attributes/
section   page    origin      length       input sections
--------  ----  ----------  ----------   ----------------
.text      0    00000040    000165e0     
                  00000040    00000810     maclib_secure_combo_cc1352.a : mac_rx.obj (.text:macRxFrameIsr)
                  00000850    0000065c                                  : mac_rx.obj (.text:rxPayloadIsr$72)
                  00000eac    0000048c                                  : mac_radio.obj (.text:macRadioInit)
                  00001338    00000476                                  : fh_ie.obj (.text:FHIE_parsePie)
                  000017ae    00000002                                  : fh_data.obj (.text:FHDATA_startEDFETimer)
                  000017b0    00000458     main.obj (.text:taskFxn)
                  00001c08    000003e8     maclib_secure_combo_cc1352.a : mac_radio_tx.obj (.text:macRadioTxGo)
                  00001ff0    000003a0                                  : mac.obj (.text:macRxCb$66)
                  00002390    0000038c     sensor.obj (.text:Sensor_process)
                  0000271c    00000388     maclib_secure_combo_cc1352.a : mac_mgmt.obj (.text:macBuildHeader)
                  00002aa4    00000366     api_mac.obj (.text:processIncomingICallMsg$31)
                  00002e0a    00000002     maclib_secure_combo_cc1352.a : fh_util.obj (.text:FHUTIL_noAction)
                  00002e0c    00000360     rf_multiMode_cc13x2.aem4f : RFCC26X2_multiMode.oem4f (.text:fsmActiveState)
                  0000316c    00000348     rom_sysbios.aem4f : rom_sysbios.obj (.text:xdc_runtime_System_doPrint__I)
                  000034b4    000002f0     maclib_secure_combo_cc1352.a : mac_pwr.obj (.text:macPwrVote)
                  000037a4    000002e8                                  : mac_rx_onoff.obj (.text:macRxOn)
                  00003a8c    000002d0                                  : fh_api.obj (.text:FHAPI_getTxParams_old)
                  00003d5c    000002be                                  : fh_ie.obj (.text:FHIE_gen)
                  0000401a    00000002     driverlib.lib : rfc.obj (.text:NOROM_RFCCpePatchReset)
                  0000401c    000002bc     maclib_secure_combo_cc1352.a : macwrapper.obj (.text:macWrapperAddDevice)
                  000042d8    000002b8                                  : fh_ie.obj (.text:FHIE_genPieContent)
                  00004590    000002ac                                  : mac_pib.obj (.text:MAC_MlmeSetReq)
                  0000483c    00000294                                  : mac_mgmt.obj (.text:MAC_MlmeResetReq)
                  00004ad0    00000280                                  : mac_data.obj (.text:MAC_McpsDataReq)
                  00004d50    0000027c                                  : fh_api.obj (.text:FHAPI_start)
                  00004fcc    00000268     sensor.obj (.text:processSensorMsgEvt$36)
                  00005234    00000258     drivers_cc13x2.aem4f : CryptoCC26XX.oem4f (.text:cryptoTransactionExecute)
                  0000548c    00000254     maclib_secure_combo_cc1352.a : fh_api.obj (.text:FHAPI_completeRxCb)
                  000056e0    0000024c     sensor.obj (.text:dataIndCB$36)
                  0000592c    00000244     maclib_secure_combo_cc1352.a : mac_radio_tx.obj (.text:macRadioCsmaTxCb)
                  00005b70    00000238                                  : mac_tx.obj (.text:macTxFrame)
                  00005da8    00000230     drivers_cc13x2.aem4f : PowerCC26X2.oem4f (.text:Power_sleep)
                  00005fd8    00000224     driverlib.lib : setup.obj (.text:TrimAfterColdResetWakeupFromShutDown$44)
                  000061fc    0000021e     rtsv7M4_T_le_v4SPD16_eabi.lib : ll_div_t2.obj (.text)
                  0000641a    00000002     rf_multiMode_cc13x2.aem4f : RFCC26X2_multiMode.oem4f (.text:defaultCallback)
                  0000641c    00000218     maclib_secure_combo_cc1352.a : mac_mgmt.obj (.text:macBuildCommonReq)
                  00006634    00000210                                  : mac_security.obj (.text:macIncomingFrameSecurityMaterialRetrieval)
                  00006844    00000210                                  : mac_tx.obj (.text:txCsmaPrep$76)
                  00006a54    0000020c                                  : mac_beacon_device.obj (.text:macRxBeaconCritical)
                  00006c60    00000208                                  : mac_device.obj (.text:macApiAssociateReq)
                  00006e68    000001f4     rtsv7M4_T_le_v4SPD16_eabi.lib : ull_div_t2.obj (.text)
                  0000705c    000001f0     maclib_secure_combo_cc1352.a : fh_api.obj (.text:FHAPI_sendData)
                  0000724c    000001f0     drivers_cc13x2.aem4f : PowerCC26X2_calibrateRCOSC.oem4f (.text:PowerCC26X2_doCalibrate)
                  0000743c    000001ec     maclib_secure_combo_cc1352.a : mac_security_pib.obj (.text:MAC_MlmeSetSecurityReq)
                  00007628    000001e0                                  : mac_scan.obj (.text:macApiScanReq)
                  00007808    000001d4     macstack.obj (.text:macStackEventLoop)
                  000079dc    000001cc     maclib_secure_combo_cc1352.a : fh_ie.obj (.text:FHIE_extractPie)
                  00007ba8    000001c4     drivers_cc13x2.aem4f : PINCC26XX.oem4f (.text:PIN_init)
                  00007d6c    000001b0     maclib_secure_combo_cc1352.a : mac_data.obj (.text:macApiDataReq)
                  00007f1c    000001ac                                  : fh_ie.obj (.text:FHIE_parseCommonInformation)
                  000080c8    0000019c                                  : fh_pib.obj (.text:FHPIB_set)
                  00008264    00000198                                  : fh_nt.obj (.text:FHNT_getEntry)
                  000083fc    00000198                                  : mac_data.obj (.text:macTxCompleteCallback)
                  00008594    00000190     drivers_cc13x2.aem4f : PowerCC26X2_calibrateRCOSC.oem4f (.text:calibrateRcoscHf1)
                  00008724    00000188     rf_multiMode_cc13x2.aem4f : RFCC26X2_multiMode.oem4f (.text:RF_scheduleCmd)
                  000088ac    00000184     maclib_secure_combo_cc1352.a : mac_ie_build.obj (.text:macBuildPayloadIes)
                  00008a30    00000178     rf_multiMode_cc13x2.aem4f : RFCC26X2_multiMode.oem4f (.text:fsmSetupState)
                  00008ba8    00000168     maclib_secure_combo_cc1352.a : mac_mgmt.obj (.text:macTxCsmaDelay)
                  00008d10    00000164                                  : mac_security_pib.obj (.text:MAC_MlmeGetSecurityReq)
                  00008e74    00000164     rf_multiMode_cc13x2.aem4f : RFCC26X2_multiMode.oem4f (.text:RF_schCmdRunInsertPreempt)
                  00008fd8    00000160                               : RFCC26X2_multiMode.oem4f (.text:hwiFxnCpe0Active)
                  00009138    0000015c     drivers_cc13x2.aem4f : UARTCC26XX.oem4f (.text:UARTCC26XX_open)
                  00009294    0000015c     maclib_secure_combo_cc1352.a : macwrapper.obj (.text:macWrapperAddKeyInitFCtr)
                  000093f0    00000158                                  : fh_api.obj (.text:FHAPI_completeTxCb)
                  00009548    00000150     nvocop.obj (.text:compactPage$28)
                  00009698    00000150     maclib_secure_combo_cc1352.a : mac_radio_tx.obj (.text:macRadioTxPrepCsmaUnslotted)
                  000097e8    00000148                                  : mac_mgmt.obj (.text:macApiDisassociateReq)
                  00009930    00000144                                  : mac_beacon_device.obj (.text:macApiSyncReq)
                  00009a74    00000144                                  : mac.obj (.text:macRatCb_B)
                  00009bb8    0000013c                                  : mac_data.obj (.text:macDataTxSend)
                  00009cf4    00000134     sensor.obj (.text:Sensor_sendMsg)
                  00009e28    00000134     drivers_cc13x2.aem4f : UARTCC26XX.oem4f (.text:UARTCC26XX_hwiIntFxn)
                  00009f5c    00000134     maclib_secure_combo_cc1352.a : mac_beacon_device.obj (.text:macAutoPoll)
                  0000a090    00000130     drivers_cc13x2.aem4f : PowerCC26X2.oem4f (.text:Power_init)
                  0000a1c0    00000130     maclib_secure_combo_cc1352.a : mac_data.obj (.text:macAutoPendAddSrcMatchTableEntry)
                  0000a2f0    00000130     rf_multiMode_cc13x2.aem4f : RFCC26X2_multiMode.oem4f (.text:rfInit)
                  0000a420    0000012c                               : RFCC26X2_multiMode.oem4f (.text:fsmChangePhyState)
                  0000a54c    00000128     maclib_secure_combo_cc1352.a : fh_nt.obj (.text:FHNT_purgeTimerIsrCb)
                  0000a674    00000128                                  : mac_radio_tx.obj (.text:macRadioTxAck$71)
                  0000a79c    00000124                                  : mac_mgmt.obj (.text:macApiWSAsyncReq)
                  0000a8c0    00000120     drivers_cc13x2.aem4f : UARTCC26XX.oem4f (.text:UARTCC26XX_read)
                  0000a9e0    0000011c     jdllc.obj (.text:assocCnfCb$33)
                  0000aafc    0000011c     sensor.obj (.text:dataCnfCB$36)
                  0000ac18    0000011c     maclib_secure_combo_cc1352.a : mac_data.obj (.text:macAllocTxBuffer)
                  0000ad34    0000011c                                  : mac_security.obj (.text:macCcmStarTransform)
                  0000ae50    0000011c     rf_multiMode_cc13x2.aem4f : RFCC26X2_multiMode.oem4f (.text:radioOpDoneCb)
                  0000af6c    00000118                               : RFCC26X2_multiMode.oem4f (.text:RF_close)
                  0000b084    00000110     maclib_secure_combo_cc1352.a : mac.obj (.text:macSetupRATChanCompare)
                  0000b194    0000010c                                  : mac_radio.obj (.text:macRadioPowerUpBeaconMode)
                  0000b2a0    00000108     ssf.obj (.text:Ssf_networkUpdate)
                  0000b3a8    00000104     rf_multiMode_cc13x2.aem4f : RFCC26X2_multiMode.oem4f (.text:fsmPowerUpState)
                  0000b4ac    00000100     maclib_secure_combo_cc1352.a : fh_nt.obj (.text:FHNT_getRemoveEntryFromTemp)
                  0000b5ac    000000fc     rf_multiMode_cc13x2.aem4f : RFCC26X2_multiMode.oem4f (.text:RF_getInfo)
                  0000b6a8    000000fc                               : RFCC26X2_multiMode.oem4f (.text:RF_open)
                  0000b7a4    000000fc     drivers_cc13x2.aem4f : UARTCC26XX.oem4f (.text:UARTCC26XX_write)
                  0000b8a0    000000f8     maclib_secure_combo_cc1352.a : fh_ie.obj (.text:FHIE_genCommonInformation)
                  0000b998    000000f8     app_pem4f.oem4f (.text:xdc_runtime_System_printfExtend__I)
                  0000ba90    000000f4     maclib_secure_combo_cc1352.a : fh_mgr.obj (.text:FHMGR_bcTimerIsrCb)
                  0000bb84    000000f0     rf_multiMode_cc13x2.aem4f : RFCC26X2_multiMode.oem4f (.text:RF_pendCmd)
                  0000bc74    000000f0     maclib_secure_combo_cc1352.a : mac_security.obj (.text:macCcmStarInverseTransform)
                  0000bd64    000000ec                                  : mac_device.obj (.text:macDeviceReset)
                  0000be50    000000ec                                  : mac_scan.obj (.text:macScanNextChan)
                  0000bf3c    000000e8                                  : fh_ie.obj (.text:FHIE_parseHie)
                  0000c024    000000e4                                  : fh_api.obj (.text:FHAPI_getTxParams)
                  0000c108    000000e4                                  : fh_nt.obj (.text:FHNT_addTempEUI)
                  0000c1ec    000000e4     dpl_cc13x2.aem4f : PowerCC26X2_tirtos.oem4f (.text:PowerCC26XX_standbyPolicy)
                  0000c2d0    000000e0     drivers_cc13x2.aem4f : PINCC26XX.oem4f (.text:PINCC26XX_setIoCfg)
                  0000c3b0    000000e0     maclib_secure_combo_cc1352.a : mac_low_level.obj (.text:macLowLevelBufferInit)
                  0000c490    000000e0                                  : mac.obj (.text:macSetupReceiveCmd)
                  0000c570    000000d8     rf_multiMode_cc13x2.aem4f : RFCC26X2_multiMode.oem4f (.text:RF_schCmdPriority)
                  0000c648    000000d8     maclib_secure_combo_cc1352.a : mac_beacon.obj (.text:macBeaconSetSched)
                  0000c720    000000d8                                  : mac_mgmt.obj (.text:macCommStatusInd)
                  0000c7f8    000000d8                                  : mac_data.obj (.text:macDataTxEnqueue)
                  0000c8d0    000000d4     drivers_cc13x2.aem4f : CryptoCC26XX.oem4f (.text:CryptoCC26XX_open)
                  0000c9a4    000000d4     maclib_secure_combo_cc1352.a : mac_radio_tx.obj (.text:macRadioLbtTxCb)
                  0000ca78    000000d0     macstack.obj (.text:MAC_CbackEvent)
                  0000cb48    000000d0     maclib_secure_combo_cc1352.a : mac_main.obj (.text:macSendDataMsg)
                  0000cc18    000000d0                                  : mac_symbol_timer.obj (.text:macSymbolTimerUpdateWakeup$75)
                  0000cce8    000000d0     main.obj (.text:main)
                  0000cdb8    000000d0     maclib_secure_combo_cc1352.a : mac_rx.obj (.text:rxPostRxUpdates$72)
                  0000ce88    000000cc                                  : fh_data.obj (.text:FHDATA_procASYNCReq)
                  0000cf54    000000cc     nvocop.obj (.text:NVOCOP_writeItem)
                  0000d020    000000cc     rf_multiMode_cc13x2.aem4f : RFCC26X2_multiMode.oem4f (.text:RF_control)
                  0000d0ec    000000cc     maclib_secure_combo_cc1352.a : mac_ie_build.obj (.text:macBuildHeaderIes)
                  0000d1b8    000000cc                                  : mac_security.obj (.text:macOutgoingFrameKeyDescRetrieval)
                  0000d284    000000cc                                  : mac.obj (.text:macRatCb_A)
                  0000d350    000000cc                                  : mac_scan.obj (.text:macScanRxBeacon)
                  0000d41c    000000cc                                  : mac.obj (.text:macSendFsCmd)
                  0000d4e8    000000cc                                  : mac_tx.obj (.text:macTxChannelBusyCallback)
                  0000d5b4    000000c8     drivers_cc13x2.aem4f : PowerCC26X2.oem4f (.text:Power_releaseDependency)
                  0000d67c    000000c8     rf_multiMode_cc13x2.aem4f : RFCC26X2_multiMode.oem4f (.text:abortCmd)
                  0000d744    000000c4     jdllc.obj (.text:Jdllc_init)
                  0000d808    000000c4     drivers_cc13x2.aem4f : PowerCC26X2.oem4f (.text:Power_setDependency)
                  0000d8cc    000000c0                          : UARTCC26XX.oem4f (.text:UARTCC26XX_initIO)
                  0000d98c    000000c0     maclib_secure_combo_cc1352.a : mac_mgmt.obj (.text:macBuildBeaconNotifyInd)
                  0000da4c    000000be                                  : fh_ie.obj (.text:FHIE_getLen)
                  0000db0a    00000002     drivers_cc13x2.aem4f : PowerCC26X2.oem4f (.text:emptyClockFunc)
                  0000db0c    000000bc     maclib_secure_combo_cc1352.a : fh_nt.obj (.text:FHNT_AddDeviceCB)
                  0000dbc8    000000bc                                  : mac_scan.obj (.text:MAC_MlmeScanReq)
                  0000dc84    000000bc     jdllc.obj (.text:pollCnfCb$33)
                  0000dd40    000000bc     rf_multiMode_cc13x2.aem4f : RFCC26X2_multiMode.oem4f (.text:swiFxnHw)
                  0000ddfc    000000b8     maclib_secure_combo_cc1352.a : fh_ie.obj (.text:FHIE_getPieContentLen)
                  0000deb4    000000b8     drivers_cc13x2.aem4f : UARTCC26XX.oem4f (.text:UARTCC26XX_initHw)
                  0000df6c    000000b8     maclib_secure_combo_cc1352.a : mac_data.obj (.text:macAutoPendMaintainSrcMatchTable)
                  0000e024    000000b8     rf_multiMode_cc13x2.aem4f : RFCC26X2_multiMode.oem4f (.text:powerDownRfCore)
                  0000e0dc    000000b4                               : RFCC26X2_multiMode.oem4f (.text:RF_postCmd)
                  0000e190    000000b0                               : RFCC26X2_multiMode.oem4f (.text:RF_requestAccess)
                  0000e240    000000ac                               : RFCC26X2_multiMode.oem4f (.text:dispatchNextCmd)
                  0000e2ec    000000ac     maclib_secure_combo_cc1352.a : mac_beacon_device.obj (.text:macBeaconSyncLoss)
                  0000e398    000000ac                                  : mac_tx.obj (.text:macTxDoneCallback)
                  0000e444    000000ac     api_mac.obj (.text:processBeaconNotifyInd$31)
                  0000e4f0    000000ac     jdllc.obj (.text:processCoordRealign$33)
                  0000e59c    000000aa     maclib_secure_combo_cc1352.a : fh_ie.obj (.text:FHIE_genExcludedChannelRanges)
                  0000e646    00000002     main.obj (.text:macAntPwrHandler)
                  0000e648    000000a8     rf_multiMode_cc13x2.aem4f : RFCC26X2_multiMode.oem4f (.text:RF_schChkCmdInsert)
                  0000e6f0    000000a4                               : RFCC26X2_multiMode.oem4f (.text:discardPendCmd)
                  0000e794    000000a4     sensor.obj (.text:jdllcJoinedCb$36)
                  0000e838    000000a0     maclib_secure_combo_cc1352.a : fh_api.obj (.text:FHAPI_reset)
                  0000e8d8    000000a0                                  : fh_ie.obj (.text:FHIE_getChannelPlan)
                  0000e978    000000a0     ssf.obj (.text:Ssf_findBlackListIndex)
                  0000ea18    000000a0     auto_init.aem4f : auto_init.oem4f (.text)
                  0000eab8    000000a0     jdllc.obj (.text:beaconNotifyIndCb$33)
                  0000eb58    000000a0     nvocop.obj (.text:findItemOffset$28)
                  0000ebf8    000000a0     maclib_secure_combo_cc1352.a : mac_coord.obj (.text:macIndirectSend)
                  0000ec98    000000a0     nvocop.obj (.text:writeItem$28)
                  0000ed38    0000009e     rom_sysbios.aem4f : rom_sysbios.obj (.text:xdc_runtime_Text_putSite__E)
                  0000edd6    00000002     maclib_secure_combo_cc1352.a : mac_pwr.obj (.text:macApiPwrOnReq)
                  0000edd8    0000009c     driverlib.lib : setup.obj (.text:NOROM_SetupTrimDevice)
                  0000ee74    0000009c     maclib_secure_combo_cc1352.a : mac_radio_tx.obj (.text:macRadioTxPrepLbt)
                  0000ef10    0000009c     rtsv7M4_T_le_v4SPD16_eabi.lib : memcpy_t2.obj (.text)
                  0000efac    00000098     maclib_secure_combo_cc1352.a : fh_data.obj (.text:FHDATA_getPktFromQueue)
                  0000f044    00000098                                  : fh_mgr.obj (.text:FHMGR_updateRadioBCChannel)
                  0000f0dc    00000098     driverlib.lib : osc.obj (.text:NOROM_OSCHF_GetStartupTime)
                  0000f174    00000098     nvocop.obj (.text:NVOCOP_deleteItem)
                  0000f20c    00000098     maclib_secure_combo_cc1352.a : mac_mgmt.obj (.text:macRxBeacon)
                  0000f2a4    00000098                                  : mac_scan.obj (.text:macScanRxCoordRealign)
                  0000f33c    00000098     rom_sysbios.aem4f : rom_sysbios.obj (.text:ti_sysbios_knl_Clock_workFuncDynamic__E)
                  0000f3d4    00000098                       : rom_sysbios.obj (.text:xdc_runtime_Text_putMod__E)
                  0000f46c    00000094     maclib_secure_combo_cc1352.a : fh_nt.obj (.text:FHNT_getNTIndexFromTempIndex)
                  0000f500    00000094     drivers_cc13x2.aem4f : PINCC26XX.oem4f (.text:PIN_open)
                  0000f594    00000094     maclib_secure_combo_cc1352.a : mac_main.obj (.text:macCbackForEvent)
                  0000f628    00000094                                  : mac_radio_tx.obj (.text:macRadioTxAckCb$71)
                  0000f6bc    00000090     driverlib.lib : crypto.obj (.text:NOROM_CRYPTOAesLoadKey)
                  0000f74c    00000090     drivers_cc13x2.aem4f : PowerCC26X2.oem4f (.text:disableLFClockQualifiers)
                  0000f7dc    00000090     jdllc.obj (.text:scanCnfCb$33)
                  0000f86c    00000090     maclib_secure_combo_cc1352.a : mac_tx.obj (.text:txComplete)
                  0000f8fc    00000090     drivers_cc13x2.aem4f : UARTCC26XX.oem4f (.text:writeTxFifoFlush)
                  0000f98c    0000008c     rf_multiMode_cc13x2.aem4f : RFCC26X2_multiMode.oem4f (.text:RF_issueRadioFreeCb)
                  0000fa18    0000008c     drivers_cc13x2.aem4f : UARTCC26XX.oem4f (.text:UARTCC26XX_close)
                  0000faa4    0000008c                          : UARTCC26XX.oem4f (.text:UARTCC26XX_writeCancel)
                  0000fb30    0000008c     api_mac.obj (.text:copyDataInd$31)
                  0000fbbc    0000008c     maclib_secure_combo_cc1352.a : mac_data.obj (.text:macDataTxComplete)
                  0000fc48    0000008c                                  : mac_data.obj (.text:macFrameDuration)
                  0000fcd4    0000008c     drivers_cc13x2.aem4f : UARTCC26XX.oem4f (.text:writeFinishedDoCallback)
                  0000fd60    0000008a                          : CryptoCC26XX.oem4f (.text:CryptoCC26XX_allocateKey)
                  0000fdea    0000008a     maclib_secure_combo_cc1352.a : fh_ie.obj (.text:FHIE_extractHie)
                  0000fe74    00000088     drivers_cc13x2.aem4f : PowerCC26X2_calibrateRCOSC.oem4f (.text:calibrateRcoscHf2)
                  0000fefc    00000088     maclib_secure_combo_cc1352.a : mac_mcu.obj (.text:macMcuBitReverse)
                  0000ff84    00000088     drivers_cc13x2.aem4f : PowerCC26X2.oem4f (.text:switchXOSCHFclockFunc)
                  0001000c    00000084     maclib_secure_combo_cc1352.a : mac_autopend.obj (.text:MAC_SrcMatchEnable)
                  00010090    00000084     driverlib.lib : setup_rom.obj (.text:NOROM_SetupStepVddrTrimTo)
                  00010114    00000084     mac_user_config.obj (.text:applyPropPatch$34)
                  00010198    00000084     rf_multiMode_cc13x2.aem4f : RFCC26X2_multiMode.oem4f (.text:hwiFxnHw)
                  0001021c    00000084     maclib_secure_combo_cc1352.a : mac_radio.obj (.text:macRadioUpdateTxPower)
                  000102a0    00000084                                  : mac_device.obj (.text:macRxAssocRsp)
                  00010324    00000084                                  : mac_autopend.obj (.text:macSrcMatchCheckSrcAddr$67)
                  000103a8    00000084     rf_multiMode_cc13x2.aem4f : RFCC26X2_multiMode.oem4f (.text:ratFreeChannel)
                  0001042c    00000080     maclib_secure_combo_cc1352.a : mac_rx_onoff.obj (.text:macRxOffRequest)
                  000104ac    00000080                                  : mac_timer.obj (.text:macTimerCancel)
                  0001052c    00000080     rom_sysbios.aem4f : rom_sysbios.obj (.text:ti_sysbios_family_arm_cc26xx_Timer_start__E)
                  000105ac    0000007c     jdllc.obj (.text:Jdllc_securityInit)
                  00010628    0000007c     rf_multiMode_cc13x2.aem4f : RFCC26X2_multiMode.oem4f (.text:RF_yield)
                  000106a4    0000007c     maclib_secure_combo_cc1352.a : mac_radio.obj (.text:macRadioUpdateChannelRx)
                  00010720    0000007c                                  : mac_scan.obj (.text:macScanStartTimer)
                  0001079c    0000007c                                  : mac_beacon_device.obj (.text:macTrackPeriodCallback)
                  00010818    0000007c     jdllc.obj (.text:sendAssocReq$33)
                  00010894    0000007c     jdllc.obj (.text:syncLossCb$33)
                  00010910    0000007c     maclib_secure_combo_cc1352.a : mac_tx.obj (.text:txGo$76)
                  0001098c    0000007c     drivers_cc13x2.aem4f : PowerCC26X2_calibrateRCOSC.oem4f (.text:updateSubSecInc)
                  00010a08    0000007a     rtsv7M4_T_le_v4SPD16_eabi.lib : memset_t2.obj (.text)
                  00010a82    00000002     maclib_secure_combo_cc1352.a : mac_mgmt.obj (.text:macNoAction)
                  00010a84    00000078                                  : mac_beacon.obj (.text:macBeaconCheckTxTime)
                  00010afc    00000078                                  : mac_radio.obj (.text:macGetRadioTxPowerReg)
                  00010b74    00000078                                  : mac_radio.obj (.text:macRadioUpdateChannel)
                  00010bec    00000078                                  : mac_beacon_device.obj (.text:macTrackTimeoutCallback)
                  00010c64    00000076                                  : mac_security.obj (.text:macKeyDescriptorLookup)
                  00010cda    00000002                                  : mac_symbol_timer.obj (.text:macSymbolTimerICallPwrNotify$75)
                  00010cdc    00000074                                  : fh_util.obj (.text:FHUTIL_getCurBfio)
                  00010d50    00000074     drivers_cc13x2.aem4f : PowerCC26X2_calibrateRCOSC.oem4f (.text:PowerCC26X2_auxISR)
                  00010dc4    00000074     maclib_secure_combo_cc1352.a : mac_mcu.obj (.text:macMcuOverflowSetCompare)
                  00010e38    00000074                                  : mac_beacon_device.obj (.text:macTrackStartCallback)
                  00010eac    00000074     rf_multiMode_cc13x2.aem4f : RFCC26X2_multiMode.oem4f (.text:ratDispatchTime)
                  00010f20    00000070     maclib_secure_combo_cc1352.a : fh_api.obj (.text:FHAPI_startBS)
                  00010f90    00000070                                  : fh_dh1cf.obj (.text:FHDH1CF_getBCChannelNum)
                  00011000    00000070     jdllc.obj (.text:dataCnfCb$33)
                  00011070    00000070     maclib_secure_combo_cc1352.a : mac_mcu.obj (.text:macMcuOverflowSetPeriod)
                  000110e0    00000070                                  : mac_tx.obj (.text:macTxAckReceivedCallback)
                  00011150    00000070     nvocop.obj (.text:writeWord$28)
                  000111c0    0000006d     rom_sysbios.aem4f : rom_sysbios.obj (.text:xdc_runtime_System_formatNum__I)
                  0001122d    00000001     --HOLE-- [fill = 0]
                  0001122e    00000002     rtsv7M4_T_le_v4SPD16_eabi.lib : i_div0.obj (.text)
                  00011230    0000006c     maclib_secure_combo_cc1352.a : fh_nt.obj (.text:FHNT_putEntry)
                  0001129c    0000006c     drivers_cc13x2.aem4f : PowerCC26X2.oem4f (.text:configureXOSCHF)
                  00011308    0000006c     nvocop.obj (.text:findItemInCache$28)
                  00011374    0000006c     maclib_secure_combo_cc1352.a : mac_mgmt.obj (.text:macDisassocComplete)
                  000113e0    0000006c                                  : mac_main.obj (.text:macExecute)
                  0001144c    0000006c                                  : mac_main.obj (.text:macSendMsg)
                  000114b8    0000006c                                  : mac_beacon_device.obj (.text:macSyncTimeoutCallback)
                  00011524    00000068                                  : fh_data.obj (.text:FHDATA_purgePktFromQueue)
                  0001158c    00000068     driverlib.lib : osc.obj (.text:NOROM_OSCHF_AttemptToSwitchToXosc)
                  000115f4    00000068     rf_multiMode_cc13x2.aem4f : RFCC26X2_multiMode.oem4f (.text:RF_getCurrentTime)
                  0001165c    00000068                               : RFCC26X2_multiMode.oem4f (.text:RF_ratDisableChannel)
                  000116c4    00000068     ssf.obj (.text:Ssf_getNetworkInfo)
                  0001172c    00000068     drivers_cc13x2.aem4f : UARTCC26XX.oem4f (.text:UARTCC26XX_readCancel)
                  00011794    00000068     rtsv7M4_T_le_v4SPD16_eabi.lib : copy_decompress_lzss.obj (.text:decompress:lzss)
                  000117fc    00000068     jdllc.obj (.text:sendScanReq$33)
                  00011864    00000068     jdllc.obj (.text:updateState$33)
                  000118cc    00000066     rf_multiMode_cc13x2.aem4f : RFCC26X2_multiMode.oem4f (.text:syncCb)
                  00011932    00000002     rtsv7M4_T_le_v4SPD16_eabi.lib : l_div0.obj (.text)
                  00011934    00000064     drivers_cc13x2.aem4f : UARTCC26XX.oem4f (.text:UARTCC26XX_control)
                  00011998    00000064     rf_multiMode_cc13x2.aem4f : RFCC26X2_multiMode.oem4f (.text:hwiFxnCpe0PowerFsm)
                  000119fc    00000064     maclib_secure_combo_cc1352.a : mac_device.obj (.text:macAssocDataRxInd)
                  00011a60    00000064                                  : mac_device.obj (.text:macRxCoordRealign)
                  00011ac4    00000064                                  : mac_mgmt.obj (.text:macRxDisassoc)
                  00011b28    00000064                                  : mac_rx.obj (.text:macRxHaltCleanup)
                  00011b8c    00000064                                  : mac.obj (.text:macSetupFsCmd)
                  00011bf0    00000064                                  : mac_symbol_timer.obj (.text:macSymbolTimerInit)
                  00011c54    00000062                                  : mac_mgmt.obj (.text:macBuildWSAsyncMsg)
                  00011cb6    00000002     app_pem4f.oem4f (.text:ti_sysbios_BIOS_nullFunc__I)
                  00011cb8    00000060     maclib_secure_combo_cc1352.a : mac_radio_tx.obj (.text:macRadioTxBackoffBoundary)
                  00011d18    00000060                                  : mac_scan.obj (.text:macScanComplete)
                  00011d78    00000060     rf_multiMode_cc13x2.aem4f : RFCC26X2_multiMode.oem4f (.text:ratSetupChannel)
                  00011dd8    0000005e     maclib_secure_combo_cc1352.a : fh_mgr.obj (.text:FHMGR_updateRadioUCChannel)
                  00011e36    00000002     app_pem4f.oem4f (.text:ti_sysbios_rom_cortexm_cc26xx_agama_CC26xx_badRomRevision__E)
                  00011e38    0000005c     jdllc.obj (.text:Jdllc_addSecDevice)
                  00011e94    0000005c     maclib_secure_combo_cc1352.a : mac_mgmt.obj (.text:MAC_ResumeReq)
                  00011ef0    0000005c     drivers_cc13x2.aem4f : PINCC26XX.oem4f (.text:PIN_remove)
                  00011f4c    0000005c                          : PowerCC26X2_calibrateRCOSC.oem4f (.text:PowerCC26X2_RCOSC_clockFunc)
                  00011fa8    0000005c                          : PowerCC26X2.oem4f (.text:PowerCC26XX_calibrate)
                  00012004    0000005c     rf_multiMode_cc13x2.aem4f : RFCC26X2_multiMode.oem4f (.text:dispatchNextEvent)
                  00012060    0000005c     maclib_secure_combo_cc1352.a : mac_mcu.obj (.text:macMcuInit)
                  000120bc    0000005c                                  : mac_device.obj (.text:macPollDataRxInd)
                  00012118    0000005c     mac_user_config.obj (.text:rf_patch_mce_genfsk$34)
                  00012174    0000005c     app_pem4f.oem4f (.text:xdc_runtime_Startup_getState__I)
                  000121d0    0000005b     rom_sysbios.aem4f : rom_sysbios.obj (.text:xdc_runtime_Text_putLab__E)
                  0001222b    00000001     --HOLE-- [fill = 0]
                  0001222c    00000058     maclib_secure_combo_cc1352.a : fh_data.obj (.text:FHDATA_requeuePkt)
                  00012284    00000058                                  : fh_nt.obj (.text:FHNT_DelDeviceCB)
                  000122dc    00000058                                  : fh_util.obj (.text:FHUTIL_getBitCounts)
                  00012334    00000058     drivers_cc13x2.aem4f : PowerCC26X2_calibrateRCOSC.oem4f (.text:PowerCC26X2_initiateCalibration)
                  0001238c    00000058     boot.aem4f : boot.oem4f (.text)
                  000123e4    00000058     maclib_secure_combo_cc1352.a : mac_symbol_timer.obj (.text:macSymbolTimerEventHandler$75)
                  0001243c    00000058                                  : mac_timer.obj (.text:macTimerAddTimer)
                  00012494    00000058                                  : mac_timer.obj (.text:macTimerUpdateSymbolTimer)
                  000124ec    00000056     drivers_cc13x2.aem4f : CryptoCC26XX.oem4f (.text:CryptoCC26XX_close)
                  00012542    00000002     rom_sysbios.aem4f : rom_sysbios.obj (.text:xdc_runtime_SysCallback_defaultAbort)
                  00012544    00000054     maclib_secure_combo_cc1352.a : fh_sm.obj (.text:FHSM_event)
                  00012598    00000054     rf_multiMode_cc13x2.aem4f : RFCC26X2_multiMode.oem4f (.text:RF_ieeeExtension)
                  000125ec    00000054     uart_printf.obj (.text:UartPrintf_flush)
                  00012640    00000054     rf_multiMode_cc13x2.aem4f : RFCC26X2_multiMode.oem4f (.text:cmdDispatchTime)
                  00012694    00000054                               : RFCC26X2_multiMode.oem4f (.text:fsmXOSCState)
                  000126e8    00000054     maclib_secure_combo_cc1352.a : mac_device.obj (.text:macApiPollReq)
                  0001273c    00000054                                  : mac.obj (.text:macStopCmd)
                  00012790    00000054                                  : mac_symbol_timer.obj (.text:macSymbolTimerSetRollover)
                  000127e4    00000054                                  : mac_ie_parse.obj (.text:macUpdatePayloadIEPtr)
                  00012838    00000054     api_mac.obj (.text:processScanCnf$31)
                  0001288c    00000054     rf_multiMode_cc13x2.aem4f : RFCC26X2_multiMode.oem4f (.text:ratAllocChannel)
                  000128e0    00000054                               : RFCC26X2_multiMode.oem4f (.text:ratGenerateCmd)
                  00012934    00000052     maclib_secure_combo_cc1352.a : fh_ie.obj (.text:FHIE_genExcludedChannelMask)
                  00012986    00000052                                  : fh_ie.obj (.text:FHIE_getSubPie)
                  000129d8    00000050                                  : fh_mgr.obj (.text:FHMGR_macStartFHTimer)
                  00012a28    00000050                                  : fh_mgr.obj (.text:FHMGR_ucTimerIsrCb)
                  00012a78    00000050                                  : fh_nt.obj (.text:FHNT_getEUI)
                  00012ac8    00000050     rf_multiMode_cc13x2.aem4f : RFCC26X2_multiMode.oem4f (.text:RF_wakeupNotifyFxn)
                  00012b18    00000050                               : RFCC26X2_multiMode.oem4f (.text:applyRfCorePatch)
                  00012b68    00000050     maclib_secure_combo_cc1352.a : mac_device.obj (.text:macAssocDataReqComplete)
                  00012bb8    00000050                                  : mac_radio.obj (.text:macRadioSetChannel)
                  00012c08    0000004c                                  : fh_dh1cf.obj (.text:FHDH1CF_mapChIdxChannel)
                  00012c54    0000004c                                  : fh_ie.obj (.text:FHIE_getCcaSfdTime)
                  00012ca0    0000004c                                  : fh_pib.obj (.text:FHPIB_get)
                  00012cec    0000004c     driverlib.lib : chipinfo.obj (.text:NOROM_ChipInfo_GetChipType)
                  00012d38    0000004c     rf_multiMode_cc13x2.aem4f : RFCC26X2_multiMode.oem4f (.text:Q_push)
                  00012d84    0000004c     maclib_secure_combo_cc1352.a : mac.obj (.text:macFsCb$66)
                  00012dd0    0000004c                                  : mac_radio.obj (.text:macRadioWakeupCb)
                  00012e1c    0000004c                                  : mac_tx.obj (.text:macTxAckNotReceivedCallback)
                  00012e68    0000004c     rf_multiMode_cc13x2.aem4f : RFCC26X2_multiMode.oem4f (.text:ratArmChannel)
                  00012eb4    0000004c                               : RFCC26X2_multiMode.oem4f (.text:ratRestartChannels)
                  00012f00    0000004c     rtsv7M4_T_le_v4SPD16_eabi.lib : cpy_tbl.obj (.text)
                  00012f4c    0000004c     drivers_cc13x2.aem4f : UARTCC26XX.oem4f (.text:startTxFifoEmptyClk)
                  00012f98    0000004a     macstack.obj (.text:icall_slimMsgParser)
                  00012fe2    00000002     rom_sysbios.aem4f : rom_sysbios.obj (.text:xdc_runtime_SysCallback_defaultExit)
                  00012fe4    00000048     board_lcd.obj (.text:Board_Lcd_writeStringValue)
                  0001302c    00000048     dpl_cc13x2.aem4f : ClockP_tirtos.oem4f (.text:ClockP_construct)
                  00013074    00000048     jdllc.obj (.text:Jdllc_sendDisassociationRequest)
                  000130bc    00000048     driverlib.lib : rfc.obj (.text:NOROM_RFCSynthPowerDown)
                  00013104    00000048     drivers_cc13x2.aem4f : PINCC26XX.oem4f (.text:PIN_setOutputEnable)
                  0001314c    00000048     ssf.obj (.text:Ssf_configurationUpdate)
                  00013194    00000048     maclib_secure_combo_cc1352.a : mac_beacon_device.obj (.text:macBeaconStartFrameResponseTimer)
                  000131dc    00000048                                  : mac_radio.obj (.text:macRadioSetPanCoordinator)
                  00013224    00000048                                  : mac_rx.obj (.text:macRxNokIsr)
                  0001326c    00000046                                  : fh_dh1cf.obj (.text:FHDH1CF_getCh)
                  000132b2    00000046                                  : fh_ie.obj (.text:FHIE_getCommonInformationLen)
                  000132f8    00000046     drivers_cc13x2.aem4f : RingBuf.oem4f (.text:RingBuf_put)
                  0001333e    00000002     rom_sysbios.aem4f : rom_sysbios.obj (.text:xdc_runtime_SysCallback_defaultFlush)
                  00013340    00000044     maclib_secure_combo_cc1352.a : fh_api.obj (.text:FHAPI_getRemDT)
                  00013384    00000044                                  : mac_pib.obj (.text:MAC_MlmeGetReq)
                  000133c8    00000044     driverlib.lib : osc.obj (.text:NOROM_OSCHF_SwitchToRcOscTurnOffXosc)
                  0001340c    00000044     drivers_cc13x2.aem4f : PINCC26XX.oem4f (.text:PIN_swi)
                  00013450    00000044                          : UART.oem4f (.text:UART_init)
                  00013494    00000044     nvocop.obj (.text:erasePage$28)
                  000134d8    00000044     ssf.obj (.text:getNumBlackListEntries$37)
                  0001351c    00000044     maclib_secure_combo_cc1352.a : mac_device.obj (.text:macAssocDataReq)
                  00013560    00000044                                  : mac_mgmt.obj (.text:macDestSAddrCmp)
                  000135a4    00000044                                  : mac_device.obj (.text:macPollDataReqComplete)
                  000135e8    00000044                                  : mac_main.obj (.text:mac_msg_deallocate)
                  0001362c    00000044     drivers_cc13x2.aem4f : PowerCC26X2.oem4f (.text:notify)
                  00013670    00000044     jdllc.obj (.text:populateInfo$33)
                  000136b4    00000044     rom_sysbios.aem4f : rom_sysbios.obj (.text:xdc_runtime_Text_xprintf__I)
                  000136f8    00000042     api_mac.obj (.text:copyMacPanDescToApiMacPanDesc$31)
                  0001373a    00000002     --HOLE-- [fill = 0]
                  0001373c    00000040     maclib_secure_combo_cc1352.a : fh_dh1cf.obj (.text:FHDH1CF_hashword)
                  0001377c    00000040                                  : fh_nt.obj (.text:FHNT_delTempIndex)
                  000137bc    00000040                                  : fh_util.obj (.text:FHUTIL_getCurUfsi)
                  000137fc    00000040                                  : mac_symbol_timer.obj (.text:ICall_setTimer$75)
                  0001383c    00000040                                  : mac_tx.obj (.text:ICall_setTimer$76)
                  0001387c    00000040     nvocop.obj (.text:NVOCOP_initNV)
                  000138bc    00000040     drivers_cc13x2.aem4f : PowerCC26X2.oem4f (.text:PowerCC26XX_isStableXOSC_HF)
                  000138fc    00000040                          : PowerCC26X2.oem4f (.text:PowerCC26XX_switchXOSC_HF)
                  0001393c    00000040                          : RingBuf.oem4f (.text:RingBuf_get)
                  0001397c    00000040     jdllc.obj (.text:handleMaxDataFail$33)
                  000139bc    00000040     maclib_secure_combo_cc1352.a : mac_device.obj (.text:macPollFrameResponseTimeout)
                  000139fc    00000040                                  : mac_radio.obj (.text:macRadioSelectConfig$70)
                  00013a3c    00000040                                  : mac_autopend.obj (.text:macSrcMatchSetEnableBit$67)
                  00013a7c    00000040                                  : mac_symbol_timer.obj (.text:macSymbolTimerSetTrigger)
                  00013abc    00000040     rtsv7M4_T_le_v4SPD16_eabi.lib : u_divt2.obj (.text)
                  00013afc    00000040     jdllc.obj (.text:sendPollReq$33)
                  00013b3c    0000003e     dpl_cc13x2.aem4f : HwiP_tirtos.oem4f (.text:HwiP_construct)
                  00013b7a    00000002     --HOLE-- [fill = 0]
                  00013b7c    0000003c     maclib_secure_combo_cc1352.a : fh_mgr.obj (.text:FHMGR_updateHopping)
                  00013bb8    0000003c     api_mac.obj (.text:ICall_sendServiceMsg$31)
                  00013bf4    0000003c     driverlib.lib : chipinfo.obj (.text:NOROM_ChipInfo_GetHwRevision)
                  00013c30    0000003c     nvocop.obj (.text:NVOCOP_compactNV)
                  00013c6c    0000003c     drivers_cc13x2.aem4f : PINCC26XX.oem4f (.text:PIN_setOutputValue)
                  00013ca8    0000003c     dpl_cc13x2.aem4f : SwiP_tirtos.oem4f (.text:SwiP_construct)
                  00013ce4    0000003c     drivers_cc13x2.aem4f : UARTCC26XX.oem4f (.text:UARTCC26XX_swiIntFxn)
                  00013d20    0000003c                          : UART.oem4f (.text:UART_open)
                  00013d5c    0000003c     rf_multiMode_cc13x2.aem4f : RFCC26X2_multiMode.oem4f (.text:getCmd)
                  00013d98    0000003c     maclib_secure_combo_cc1352.a : mac_beacon.obj (.text:macBeaconRequeue)
                  00013dd4    0000003c                                  : mac_radio.obj (.text:macRadioStopScan)
                  00013e10    0000003c                                  : mac_rx_onoff.obj (.text:macRxDisable)
                  00013e4c    0000003c                                  : mac.obj (.text:macSetUserConfig)
                  00013e88    0000003c                                  : mac_device.obj (.text:macStartFrameResponseTimer)
                  00013ec4    0000003c     mac_user_config.obj (.text:rf_patch_rfe_genfsk$34)
                  00013f00    0000003c     rom_sysbios.aem4f : rom_sysbios.obj (.text:ti_sysbios_family_arm_cc26xx_Timer_setThreshold__I)
                  00013f3c    0000003c                       : rom_sysbios.obj (.text:ti_sysbios_family_arm_m3_Hwi_construct2__E)
                  00013f78    0000003a     maclib_secure_combo_cc1352.a : fh_dh1cf.obj (.text:FHDH1CF_getChannelNum)
                  00013fb2    00000002     --HOLE-- [fill = 0]
                  00013fb4    00000038                                  : fh_api.obj (.text:FHAPI_stopAsync)
                  00013fec    00000038     macstack.obj (.text:ICall_enrollService$26)
                  00014024    00000038     main.obj (.text:Main_assertHandler)
                  0001405c    00000038     nvocop.obj (.text:NVOCOP_readItem)
                  00014094    00000038     board_key.obj (.text:board_key_keyFxn$5)
                  000140cc    00000038     rf_multiMode_cc13x2.aem4f : RFCC26X2_multiMode.oem4f (.text:calculateDispatchTime)
                  00014104    00000038     nvocop.obj (.text:disableCache$28)
                  0001413c    00000038     jdllc.obj (.text:disassoCnfCb$33)
                  00014174    00000038     maclib_secure_combo_cc1352.a : mac_device.obj (.text:macAssocFailed)
                  000141ac    00000038                                  : mac_mgmt.obj (.text:macBcTimerHandler)
                  000141e4    00000038                                  : mac_radio.obj (.text:macRadioSetIEEEAddr)
                  0001421c    00000038                                  : mac_symbol_timer.obj (.text:macSymbolTimerCount)
                  00014254    00000038     drivers_cc13x2.aem4f : UARTCC26XX.oem4f (.text:readData)
                  0001428c    00000038     rom_sysbios.aem4f : rom_sysbios.obj (.text:ti_sysbios_family_arm_cc26xx_Timer_getCurrentTick__E)
                  000142c4    00000038     drivers_cc13x2.aem4f : UARTCC26XX.oem4f (.text:writeData)
                  000142fc    00000036     maclib_secure_combo_cc1352.a : fh_ie.obj (.text:FHIE_getPie)
                  00014332    00000002     --HOLE-- [fill = 0]
                  00014334    00000034                                  : fh_mgr.obj (.text:ICall_setTimer$48)
                  00014368    00000034     drivers_cc13x2.aem4f : PINCC26XX.oem4f (.text:PIN_setConfig)
                  0001439c    00000034                          : PowerCC26X2.oem4f (.text:Power_releaseConstraint)
                  000143d0    00000034     rf_multiMode_cc13x2.aem4f : RFCC26X2_multiMode.oem4f (.text:RF_checkCmdFsError)
                  00014404    00000034                               : RFCC26X2_multiMode.oem4f (.text:cacheFsCmd)
                  00014438    00000034     maclib_secure_combo_cc1352.a : mac_device.obj (.text:macAssociateCnf)
                  0001446c    00000034                                  : mac_beacon_device.obj (.text:macBeaconStopTrack)
                  000144a0    00000034                                  : mac_data.obj (.text:macDataRxInd)
                  000144d4    00000034                                  : mac_pib.obj (.text:macMRFSKGetPhyDesc)
                  00014508    00000034                                  : mac_beacon_device.obj (.text:macStartBroadcastPendTimer)
                  0001453c    00000034                                  : mac_timer.obj (.text:macTimerRecalcUnaligned)
                  00014570    00000034                                  : mac_tx.obj (.text:macTxDecrypt)
                  000145a4    00000034                                  : mac_tx.obj (.text:macTxFrameIsr)
                  000145d8    00000034                                  : mac_tx.obj (.text:macTxUpdateIE)
                  0001460c    00000034     drivers_cc13x2.aem4f : UARTCC26XX.oem4f (.text:readData2RingBuf)
                  00014640    00000034     rf_multiMode_cc13x2.aem4f : RFCC26X2_multiMode.oem4f (.text:rfReleaseConstraint)
                  00014674    00000034                               : RFCC26X2_multiMode.oem4f (.text:runDirectImmediateCmd)
                  000146a8    00000034     rom_sysbios.aem4f : rom_sysbios.obj (.text:ti_sysbios_family_arm_cc26xx_Timer_initDevice__I)
                  000146dc    00000034                       : rom_sysbios.obj (.text:ti_sysbios_knl_Swi_setPri__E)
                  00014710    00000032     maclib_secure_combo_cc1352.a : fh_ie.obj (.text:FHIE_getHie)
                  00014742    00000032                                  : mac_scan.obj (.text:macScanCnfInit)
                  00014774    00000032     rom_sysbios.aem4f : rom_sysbios.obj (.text:ti_sysbios_family_arm_cc26xx_Timer_setNextTick__E)
                  000147a6    00000002     --HOLE-- [fill = 0]
                  000147a8    00000030     maclib_secure_combo_cc1352.a : fh_api.obj (.text:FHAPI_SFDRxCb)
                  000147d8    00000030                                  : fh_sm.obj (.text:FSM_transaction_debug)
                  00014808    00000030     drivers_cc13x2.aem4f : PowerCC26X2.oem4f (.text:Power_setConstraint)
                  00014838    00000030     ssf.obj (.text:Ssf_setPollClock)
                  00014868    00000030     ssf.obj (.text:Ssf_setReadingClock)
                  00014898    00000030     ssf.obj (.text:Ssf_setScanBackoffClock)
                  000148c8    00000030     rf_multiMode_cc13x2.aem4f : RFCC26X2_multiMode.oem4f (.text:calculateDeltaTimeUs)
                  000148f8    00000030     jdllc.obj (.text:disassocIndCb$33)
                  00014928    00000030     maclib_secure_combo_cc1352.a : mac_timer.obj (.text:macTimerSetRollover)
                  00014958    00000030     app_pem4f.oem4f (.text:ti_sysbios_BIOS_atExitFunc__I)
                  00014988    00000030     app_pem4f.oem4f (.text:ti_sysbios_BIOS_startFunc__I)
                  000149b8    0000002f     rom_sysbios.aem4f : rom_sysbios.obj (.text:xdc_runtime_Text_printVisFxn__I)
                  000149e7    00000001     --HOLE-- [fill = 0]
                  000149e8    0000002e     rf_multiMode_cc13x2.aem4f : RFCC26X2_multiMode.oem4f (.text:Q_end)
                  00014a16    0000002e                               : RFCC26X2_multiMode.oem4f (.text:RF_schReqAccessCheck)
                  00014a44    0000002e     drivers_cc13x2.aem4f : CryptoCC26XX.oem4f (.text:cryptoTransactionPend)
                  00014a72    0000002c     maclib_secure_combo_cc1352.a : fh_ie.obj (.text:FHIE_getExcludedChannelControl)
                  00014a9e    00000002     --HOLE-- [fill = 0]
                  00014aa0    0000002c     drivers_cc13x2.aem4f : PINCC26XX.oem4f (.text:PINCC26XX_setMux)
                  00014acc    0000002c     dpl_cc13x2.aem4f : SemaphoreP_tirtos.oem4f (.text:SemaphoreP_constructBinary)
                  00014af8    0000002c     ssf.obj (.text:Ssf_clearNetworkInfo)
                  00014b24    0000002c     uart_printf.obj (.text:UartPrintf_putch)
                  00014b50    0000002c     rf_multiMode_cc13x2.aem4f : RFCC26X2_multiMode.oem4f (.text:executeDirectImmediateCmd)
                  00014b7c    0000002c     nvocop.obj (.text:findOffset$28)
                  00014ba8    0000002c     maclib_secure_combo_cc1352.a : mac_pib.obj (.text:macPibReset)
                  00014bd4    0000002c                                  : mac_radio.obj (.text:macRadioPowerUpWait)
                  00014c00    0000002c                                  : mac_data.obj (.text:macRxCheckPendingCallback)
                  00014c2c    0000002c                                  : mac_symbol_timer.obj (.text:macSymbolTimerICallTimerCback$75)
                  00014c58    0000002c                                  : mac_tx.obj (.text:macTxTimestampCallback)
                  00014c84    0000002c     rf_multiMode_cc13x2.aem4f : RFCC26X2_multiMode.oem4f (.text:ratReleaseChannels)
                  00014cb0    0000002c     rom_sysbios.aem4f : rom_sysbios.obj (.text:ti_sysbios_knl_Clock_getTicksUntilInterrupt__E)
                  00014cdc    0000002a     drivers_cc13x2.aem4f : CryptoCC26XX.oem4f (.text:CryptoCC26XX_releaseKey)
                  00014d06    0000002a     rf_multiMode_cc13x2.aem4f : RFCC26X2_multiMode.oem4f (.text:ratSuspendChannels)
                  00014d30    0000002a     rom_sysbios.aem4f : rom_sysbios.obj (.text:ti_sysbios_knl_Clock_getTimeout__E)
                  00014d5a    0000002a                       : rom_sysbios.obj (.text:xdc_runtime_System_putchar__I)
                  00014d84    00000028     maclib_secure_combo_cc1352.a : fh_mgr.obj (.text:FHMGR_macCancelFHTimer)
                  00014dac    00000028     ssf.obj (.text:ICall_malloc$37)
                  00014dd4    00000028     maclib_secure_combo_cc1352.a : mac_security_pib.obj (.text:MAC_MlmeGetPointerSecurityReq)
                  00014dfc    00000028     driverlib.lib : osc.obj (.text:NOROM_OSCHF_TurnOnXosc)
                  00014e24    00000028     dpl_cc13x2.aem4f : PowerCC26X2_tirtos.oem4f (.text:PowerCC26XX_schedulerDisable)
                  00014e4c    00000028                      : PowerCC26X2_tirtos.oem4f (.text:PowerCC26XX_schedulerRestore)
                  00014e74    00000028     drivers_cc13x2.aem4f : PowerCC26X2.oem4f (.text:Power_registerNotify)
                  00014e9c    00000028     nvocop.obj (.text:findItem$28)
                  00014ec4    00000028     maclib_secure_combo_cc1352.a : mac_mgmt.obj (.text:macApiPending)
                  00014eec    00000028                                  : mac_beacon.obj (.text:macBeaconCheckSched)
                  00014f14    00000028                                  : mac_mgmt.obj (.text:macCoordAddrCmp)
                  00014f3c    00000028                                  : mac_mgmt.obj (.text:macGetCoordAddress)
                  00014f64    00000028                                  : mac_radio.obj (.text:macRadioSetPanID)
                  00014f8c    00000028                                  : mac_radio.obj (.text:macRadioSetShortAddr)
                  00014fb4    00000028                                  : mac_data.obj (.text:macRxCheckMACPendingCallback)
                  00014fdc    00000028                                  : mac_tx.obj (.text:macTxRequestCsmaRtcDelay)
                  00015004    00000026                                  : fh_util.obj (.text:FHUTIL_getMaxChannels)
                  0001502a    00000026                                  : fh_util.obj (.text:FHUTIL_getTxUfsi)
                  00015050    00000026     drivers_cc13x2.aem4f : List.oem4f (.text:List_put)
                  00015076    00000026     maclib_secure_combo_cc1352.a : mac_pib.obj (.text:MAC_GetPHYParamReq)
                  0001509c    00000026                                  : mac_radio.obj (.text:radioComputeED$70)
                  000150c2    00000002     --HOLE-- [fill = 0]
                  000150c4    00000024     drivers_cc13x2.aem4f : CryptoCC26XX.oem4f (.text:CryptoCC26XX_hwiIntFxn)
                  000150e8    00000024     maclib_secure_combo_cc1352.a : fh_api.obj (.text:FHAPI_getTxChHoppingFunc)
                  0001510c    00000024                                  : fh_pib.obj (.text:FHPIB_getLen)
                  00015130    00000024     driverlib.lib : rfc.obj (.text:NOROM_RFCDoorbellSendTo)
                  00015154    00000024     rf_multiMode_cc13x2.aem4f : RFCC26X2_multiMode.oem4f (.text:allocCmd)
                  00015178    00000024                               : RFCC26X2_multiMode.oem4f (.text:clkPowerUpFxn)
                  0001519c    00000024     drivers_cc13x2.aem4f : PowerCC26X2_calibrateRCOSC.oem4f (.text:getTdcSemaphore)
                  000151c0    00000024     maclib_secure_combo_cc1352.a : mac_device.obj (.text:macAssocFrameResponseTimeout)
                  000151e4    00000024                                  : mac_beacon.obj (.text:macBeaconReset)
                  00015208    00000024                                  : mac.obj (.text:macClientSwitchCb)
                  0001522c    00000024                                  : mac_radio_tx.obj (.text:macRadioTxRequestTxAck)
                  00015250    00000024                                  : mac_rx_onoff.obj (.text:macRxSoftDisable)
                  00015274    00000024                                  : mac_symbol_timer.obj (.text:macSymbolTimerSetTriggerRollover)
                  00015298    00000024                                  : mac_timer.obj (.text:macTimerAligned)
                  000152bc    00000024     rtsv7M4_T_le_v4SPD16_eabi.lib : memcmp.obj (.text)
                  000152e0    00000024     app_pem4f.oem4f (.text:ti_sysbios_BIOS_registerRTSLock__I)
                  00015304    00000024     app_pem4f.oem4f (.text:ti_sysbios_BIOS_removeRTSLock__I)
                  00015328    00000024     rom_sysbios.aem4f : rom_sysbios.obj (.text:ti_sysbios_family_arm_cc26xx_Timer_getMaxTicks__E)
                  0001534c    00000024                       : rom_sysbios.obj (.text:xdc_runtime_System_vprintf__E)
                  00015370    00000020     maclib_secure_combo_cc1352.a : fh_data.obj (.text:FHDATA_updateCCA)
                  00015390    00000020                                  : fh_util.obj (.text:FHUTIL_updateUcNumChannels)
                  000153b0    00000020     api_mac.obj (.text:ICall_free$31)
                  000153d0    00000020     sensor.obj (.text:ICall_getTicks$36)
                  000153f0    00000020     maclib_secure_combo_cc1352.a : fh_data.obj (.text:ICall_getTicks$47)
                  00015410    00000020                                  : fh_mgr.obj (.text:ICall_getTicks$48)
                  00015430    00000020                                  : fh_util.obj (.text:ICall_getTicks$51)
                  00015450    00000020                                  : fh_api.obj (.text:ICall_getTicks$77)
                  00015470    00000020                                  : fh_nt.obj (.text:ICall_getTicks$80)
                  00015490    00000020                                  : mac_symbol_timer.obj (.text:ICall_signal$75)
                  000154b0    00000020                                  : mac_autopend.obj (.text:MAC_SrcMatchAckAllPending)
                  000154d0    00000020     drivers_cc13x2.aem4f : PowerCC26X2.oem4f (.text:Power_unregisterNotify)
                  000154f0    00000020     rf_multiMode_cc13x2.aem4f : RFCC26X2_multiMode.oem4f (.text:hwiFxnCpe0ChangePhy)
                  00015510    00000020     maclib_secure_combo_cc1352.a : mac_data.obj (.text:macDataRxMemAlloc)
                  00015530    00000020                                  : mac_data.obj (.text:macDataSend)
                  00015550    00000020                                  : mac_radio.obj (.text:macRadioSwInit)
                  00015570    00000020                                  : mac_rx_onoff.obj (.text:macRxOff)
                  00015590    00000020                                  : mac_rx_onoff.obj (.text:macRxSoftEnable)
                  000155b0    00000020     ssf.obj (.text:processScanBackoffTimeoutCallback$37)
                  000155d0    00000020     rf_multiMode_cc13x2.aem4f : RFCC26X2_multiMode.oem4f (.text:ratIsRunning)
                  000155f0    00000020                               : RFCC26X2_multiMode.oem4f (.text:swiFxnFsm)
                  00015610    00000020     app_pem4f.oem4f (.text:ti_sysbios_BIOS_rtsLock__I)
                  00015630    00000020     rom_sysbios.aem4f : rom_sysbios.obj (.text:ti_sysbios_family_arm_cc26xx_Timer_dynamicStub__E)
                  00015650    00000020                       : rom_sysbios.obj (.text:xdc_runtime_Registry_findById__E)
                  00015670    0000001e     drivers_cc13x2.aem4f : PINCC26XX.oem4f (.text:PIN_close)
                  0001568e    0000001e                          : PowerCC26X2.oem4f (.text:Power_getTransitionLatency)
                  000156ac    0000001e     maclib_secure_combo_cc1352.a : mac_pib.obj (.text:macPibIndex)
                  000156ca    0000001e                                  : mac_scan.obj (.text:macScanFailedInProgress)
                  000156e8    0000001e                                  : mac_timer.obj (.text:macTimerRemoveTimer)
                  00015706    0000001c                                  : fh_api.obj (.text:FHAPI_setStateCb)
                  00015722    0000001c                                  : fh_pib.obj (.text:FHPIB_getIndex)
                  0001573e    00000002     --HOLE-- [fill = 0]
                  00015740    0000001c     driverlib.lib : chipinfo.obj (.text:NOROM_ChipInfo_GetChipFamily)
                  0001575c    0000001c                   : flash.obj (.text:NOROM_FlashProgram)
                  00015778    0000001c                   : flash.obj (.text:NOROM_FlashSectorErase)
                  00015794    0000001c     drivers_cc13x2.aem4f : PINCC26XX.oem4f (.text:PINCC26XX_setIoCfgMux)
                  000157b0    0000001c                          : PINCC26XX.oem4f (.text:PIN_hwi)
                  000157cc    0000001c     rf_multiMode_cc13x2.aem4f : RFCC26X2_multiMode.oem4f (.text:RF_getRssi)
                  000157e8    0000001c     ssf.obj (.text:Ssf_initializeReadingClock)
                  00015804    0000001c     ssf.obj (.text:Ssf_stateChangeUpdate)
                  00015820    0000001c     rf_multiMode_cc13x2.aem4f : RFCC26X2_multiMode.oem4f (.text:clkInactivityFxn)
                  0001583c    0000001c     nvocop.obj (.text:enableCache$28)
                  00015858    0000001c     maclib_secure_combo_cc1352.a : mac_mgmt.obj (.text:macConflictSyncLossInd)
                  00015874    0000001c                                  : mac_mcu.obj (.text:macMcuTimerCapture)
                  00015890    0000001c                                  : mac_device.obj (.text:macPollRxDisassoc)
                  000158ac    0000001c                                  : mac.obj (.text:macRadioPowerCtrlFEM)
                  000158c8    0000001c                                  : mac_radio.obj (.text:macRadioSetRE)
                  000158e4    0000001c                                  : mac_rx.obj (.text:macRxAckTxDoneCallback)
                  00015900    0000001c                                  : mac.obj (.text:macSetCurrChan$66)
                  0001591c    0000001c                                  : mac_symbol_timer.obj (.text:macSymbolTimerPowerDown)
                  00015938    0000001c                                  : mac_timer.obj (.text:macTimer)
                  00015954    0000001c     ssf.obj (.text:processPollTimeoutCallback$37)
                  00015970    0000001c     ssf.obj (.text:processReadingTimeoutCallback$37)
                  0001598c    0000001c     rf_multiMode_cc13x2.aem4f : RFCC26X2_multiMode.oem4f (.text:rfSetConstraint)
                  000159a8    0000001c     maclib_secure_combo_cc1352.a : mac_rx.obj (.text:rxDone$72)
                  000159c4    0000001c     app_pem4f.oem4f (.text:ti_sysbios_BIOS_errorRaiseHook__I)
                  000159e0    0000001c     rom_sysbios.aem4f : rom_sysbios.obj (.text:ti_sysbios_knl_Swi_construct2__E)
                  000159fc    0000001a     api_mac.obj (.text:copyApiMacAddrToMacAddr)
                  00015a16    0000001a     maclib_secure_combo_cc1352.a : mac_low_level.obj (.text:macLowLevelDiags)
                  00015a30    0000001a     rom_sysbios.aem4f : rom_sysbios_config.obj (.text:xdc_runtime_System_printf__E)
                  00015a4a    00000002     --HOLE-- [fill = 0]
                  00015a4c    00000018     api_mac.obj (.text:ApiMac_mlmeSetReqBool)
                  00015a64    00000018     api_mac.obj (.text:ApiMac_mlmeSetReqUint16)
                  00015a7c    00000018     api_mac.obj (.text:ApiMac_mlmeSetReqUint8)
                  00015a94    00000018     maclib_secure_combo_cc1352.a : fh_api.obj (.text:FHAPI_getBitCount)
                  00015aac    00000018     CC1352R1_LAUNCHXL.obj (.text:IsCC1312R1)
                  00015ac4    00000018     driverlib.lib : chipinfo.obj (.text:NOROM_ChipInfo_GetPackageType)
                  00015adc    00000018     drivers_cc13x2.aem4f : PowerCC26X2.oem4f (.text:Power_idleFunc)
                  00015af4    00000018     rf_multiMode_cc13x2.aem4f : RFCC26X2_multiMode.oem4f (.text:Q_pop)
                  00015b0c    00000018     drivers_cc13x2.aem4f : UARTCC26XX.oem4f (.text:UARTCC26XX_init)
                  00015b24    00000018                          : UART.oem4f (.text:UART_Params_init)
                  00015b3c    00000018     board_key.obj (.text:board_key_changeHandler$5)
                  00015b54    00000018     api_mac.obj (.text:copyMacAddrToApiMacAddr$31)
                  00015b6c    00000018     drivers_cc13x2.aem4f : CryptoCC26XX.oem4f (.text:cryptoTransactionPoll)
                  00015b84    00000018     maclib_secure_combo_cc1352.a : mac_mgmt.obj (.text:macCheckPhyLRMMode)
                  00015b9c    00000018                                  : mac_data.obj (.text:macDataTxTimeAvailable)
                  00015bb4    00000018                                  : mac_mgmt.obj (.text:macGetMyAddrMode)
                  00015bcc    00000018                                  : mac_device.obj (.text:macPollCnf)
                  00015be4    00000018                                  : mac_device.obj (.text:macPollRxAssocRsp)
                  00015bfc    00000018                                  : mac_rx_onoff.obj (.text:macRxOnRequest)
                  00015c14    00000018                                  : mac_device.obj (.text:macStartResponseTimer)
                  00015c2c    00000018                                  : mac_main.obj (.text:macStateIdleOrPolling)
                  00015c44    00000018                                  : mac_symbol_timer.obj (.text:macSymbolTimerRestore)
                  00015c5c    00000018                                  : mac_timer.obj (.text:macTimerInit)
                  00015c74    00000018                                  : mac_tx.obj (.text:macTxAbortIsr)
                  00015c8c    00000018                                  : macwrapper.obj (.text:macWrapper8ByteUnused)
                  00015ca4    00000018     ssf.obj (.text:processKeyChangeCallback$37)
                  00015cbc    00000018     rf_multiMode_cc13x2.aem4f : RFCC26X2_multiMode.oem4f (.text:ratGetChannel)
                  00015cd4    00000018     rtsv7M4_T_le_v4SPD16_eabi.lib : args_main.obj (.text)
                  00015cec    00000018                                   : ll_mul_t2.obj (.text)
                  00015d04    00000018     app_pem4f.oem4f (.text:ti_sysbios_BIOS_rtsUnlock__I)
                  00015d1c    00000018     rom_sysbios.aem4f : rom_sysbios.obj (.text:ti_sysbios_knl_Swi_or__E)
                  00015d34    00000018     app_pem4f.oem4f (.text:ti_sysbios_rom_cortexm_cc26xx_agama_CC26xx_checkRevision__E)
                  00015d4c    00000018     rf_multiMode_cc13x2.aem4f : RFCC26X2_multiMode.oem4f (.text:triggDispatcher)
                  00015d64    00000018     app_pem4f.oem4f (.text:xdc_runtime_Startup_exec__I)
                  00015d7c    00000016     drivers_cc13x2.aem4f : List.oem4f (.text:List_remove)
                  00015d92    00000016     rf_multiMode_cc13x2.aem4f : RFCC26X2_multiMode.oem4f (.text:restartClockTimeout)
                  00015da8    00000016     app_pem4f.oem4f (.text:ti_sysbios_BIOS_exitFunc__I)
                  00015dbe    00000002     --HOLE-- [fill = 0]
                  00015dc0    00000014     api_mac.obj (.text:ApiMac_randomByte)
                  00015dd4    00000014     maclib_secure_combo_cc1352.a : fh_pib.obj (.text:FHPIB_reset)
                  00015de8    00000014     jdllc.obj (.text:Jdllc_setPollRate)
                  00015dfc    00000014     macstack.obj (.text:MAC_CbackQueryRetransmit)
                  00015e10    00000014     maclib_secure_combo_cc1352.a : mac_autopend.obj (.text:MAC_SrcMatchCheckAllPending)
                  00015e24    00000014     driverlib.lib : rfc.obj (.text:NOROM_RFCCpeIntGetAndClear)
                  00015e38    00000014     drivers_cc13x2.aem4f : PINCC26XX.oem4f (.text:PINCC26XX_getInputValue)
                  00015e4c    00000014     rf_multiMode_cc13x2.aem4f : RFCC26X2_multiMode.oem4f (.text:RF_Params_init)
                  00015e60    00000014     main.obj (.text:SysCtrlSystemReset$35)
                  00015e74    00000014     drivers_cc13x2.aem4f : PowerCC26X2.oem4f (.text:configureRFCoreClocks)
                  00015e88    00000014     maclib_secure_combo_cc1352.a : mac_main.obj (.text:macMainReserve)
                  00015e9c    00000014                                  : mac_mcu.obj (.text:macMcuOverflowCapture)
                  00015eb0    00000014                                  : mac_radio.obj (.text:macRadioSetTxPower)
                  00015ec4    00000014                                  : mac_autopend.obj (.text:macSrcMatchGetEnableBit$67)
                  00015ed8    00000014                                  : mac_main.obj (.text:macStateScanning)
                  00015eec    00000014                                  : mac_mgmt.obj (.text:macWSAsyncCnf)
                  00015f00    00000014     rf_multiMode_cc13x2.aem4f : RFCC26X2_multiMode.oem4f (.text:rfWaitForAck)
                  00015f14    00000014     rtsv7M4_T_le_v4SPD16_eabi.lib : _lock.obj (.text)
                  00015f28    00000014                                   : strlen.obj (.text)
                  00015f3c    00000014     maclib_secure_combo_cc1352.a : mac_rx.obj (.text:rxDiscardFrame$72)
                  00015f50    00000014     nvocop.obj (.text:setActivePage$28)
                  00015f64    00000014     jdllc.obj (.text:switchState$33)
                  00015f78    00000014     rom_sysbios.aem4f : rom_sysbios.obj (.text:ti_sysbios_family_arm_cc26xx_Timer_getCount64__E)
                  00015f8c    00000014     app_pem4f.oem4f (.text:ti_sysbios_knl_Clock_doTick__I)
                  00015fa0    00000013     board_lcd.obj (.text:Board_Lcd_writeString)
                  00015fb3    00000001     --HOLE-- [fill = 0]
                  00015fb4    00000012     maclib_secure_combo_cc1352.a : fh_nt.obj (.text:FHNT_assessTime)
                  00015fc6    00000012                                  : fh_util.obj (.text:FHUTIL_getElapsedTime)
                  00015fd8    00000012     rf_multiMode_cc13x2.aem4f : RFCC26X2_multiMode.oem4f (.text:RF_getCmdOp)
                  00015fea    00000012                               : RFCC26X2_multiMode.oem4f (.text:RF_schPriorityCompare)
                  00015ffc    00000012     drivers_cc13x2.aem4f : RingBuf.oem4f (.text:RingBuf_construct)
                  0001600e    00000012     dpl_cc13x2.aem4f : SemaphoreP_tirtos.oem4f (.text:SemaphoreP_pend)
                  00016020    00000012     maclib_secure_combo_cc1352.a : mac_security_pib.obj (.text:macSecurityPibIndex)
                  00016032    00000002     --HOLE-- [fill = 0]
                  00016034    00000010     api_mac.obj (.text:ApiMac_mlmeGetReqArray)
                  00016044    00000010     api_mac.obj (.text:ApiMac_mlmeGetReqUint16)
                  00016054    00000010     api_mac.obj (.text:ApiMac_mlmeGetReqUint32)
                  00016064    00000010     api_mac.obj (.text:ApiMac_mlmeSetReqArray)
                  00016074    00000010     api_mac.obj (.text:ApiMac_mlmeSetSecurityReqStruct)
                  00016084    00000010     dpl_cc13x2.aem4f : ClockP_tirtos.oem4f (.text:ClockP_isActive)
                  00016094    00000010                      : HwiP_tirtos.oem4f (.text:HwiP_Params_init)
                  000160a4    00000010     driverlib.lib : rfc.obj (.text:NOROM_RFCHwIntGetAndClear)
                  000160b4    00000010     drivers_cc13x2.aem4f : PINCC26XX.oem4f (.text:PINCC26XX_getPinCount)
                  000160c4    00000010     dpl_cc13x2.aem4f : SwiP_tirtos.oem4f (.text:SwiP_Params_init)
                  000160d4    00000010     rf_multiMode_cc13x2.aem4f : RFCC26X2_multiMode.oem4f (.text:isClientOwner)
                  000160e4    00000010     maclib_secure_combo_cc1352.a : mac_device.obj (.text:macAssocRxDisassoc)
                  000160f4    00000010                                  : mac_rx_onoff.obj (.text:macRxEnable)
                  00016104    00000010                                  : mac_main.obj (.text:macSetEvent16)
                  00016114    00000010                                  : mac_main.obj (.text:macSetEvent)
                  00016124    00000010     rf_multiMode_cc13x2.aem4f : RFCC26X2_multiMode.oem4f (.text:ratGetChannelValue)
                  00016134    00000010                               : RFCC26X2_multiMode.oem4f (.text:rfSubmitCmdWithoutWait)
                  00016144    00000010     nvocop.obj (.text:setXferPage$28)
                  00016154    00000010     rom_sysbios.aem4f : rom_sysbios.obj (.text:ti_sysbios_family_arm_m3_Hwi_post__E)
                  00016164    00000010     maclib_secure_combo_cc1352.a : mac_tx.obj (.text:txLbtPrep$76)
                  00016174    00000010     drivers_cc13x2.aem4f : UARTCC26XX.oem4f (.text:uartPostNotify)
                  00016184    00000010     rom_sysbios.aem4f : rom_sysbios.obj (.text:xdc_runtime_SysCallback_flush__E)
                  00016194    00000010                       : rom_sysbios.obj (.text:xdc_runtime_SysCallback_putch__E)
                  000161a4    00000010                       : rom_sysbios.obj (.text:xdc_runtime_SysCallback_ready__E)
                  000161b4    00000010                       : rom_sysbios.obj (.text:xdc_runtime_System_vsnprintf__E)
                  000161c4    0000000e     maclib_secure_combo_cc1352.a : fh_mgr.obj (.text:FHMGR_macGetElapsedFHTime)
                  000161d2    0000000e     rtsv7M4_T_le_v4SPD16_eabi.lib : copy_decompress_none.obj (.text:decompress:none)
                  000161e0    0000000e     sensor.obj (.text:jdllcDisassocCnfCb$36)
                  000161ee    0000000e     sensor.obj (.text:jdllcDisassocIndCb$36)
                  000161fc    0000000e     rom_sysbios.aem4f : rom_sysbios.obj (.text:ti_sysbios_family_arm_cc26xx_TimestampProvider_get32__E)
                  0001620a    00000002     --HOLE-- [fill = 0]
                  0001620c    0000000c     drivers_cc13x2.aem4f : CryptoCC26XX.oem4f (.text:CryptoCC26XX_init)
                  00016218    0000000c     rf_multiMode_cc13x2.aem4f : RFCC26X2_multiMode.oem4f (.text:FsmNextState)
                  00016224    0000000c     driverlib.lib : cpu.obj (.text:NOROM_CPUcpsid)
                  00016230    0000000c                   : cpu.obj (.text:NOROM_CPUcpsie)
                  0001623c    0000000c     drivers_cc13x2.aem4f : PINCC26XX.oem4f (.text:PIN_registerIntCb)
                  00016248    0000000c                          : PowerCC26X2.oem4f (.text:Power_getConstraintMask)
                  00016254    0000000c                          : PowerCC26X2.oem4f (.text:Power_getDependencyCount)
                  00016260    0000000c                          : PowerCC26X2.oem4f (.text:Power_getTransitionState)
                  0001626c    0000000c     rf_multiMode_cc13x2.aem4f : RFCC26X2_multiMode.oem4f (.text:RF_ratCompare)
                  00016278    0000000c     rtsv7M4_T_le_v4SPD16_eabi.lib : copy_zero_init.obj (.text:decompress:ZI)
                  00016284    0000000c     maclib_secure_combo_cc1352.a : mac_pib.obj (.text:macIEEEGetPhyDesc)
                  00016290    0000000c                                  : mac_mgmt.obj (.text:macIsCsmOperational)
                  0001629c    0000000c                                  : mac_radio_tx.obj (.text:macRadioTxCancelAckTimeout)
                  000162a8    0000000c                                  : mac_radio_tx.obj (.text:macRadioTxCancelTxAck)
                  000162b4    0000000c     rf_multiMode_cc13x2.aem4f : RFCC26X2_multiMode.oem4f (.text:ratGetValue)
                  000162c0    0000000c                               : RFCC26X2_multiMode.oem4f (.text:rfGetConstraint)
                  000162cc    0000000c     rom_sysbios.aem4f : rom_sysbios.obj (.text:ti_sysbios_BIOS_getThreadType__E)
                  000162d8    0000000c                       : rom_sysbios_config.obj (.text:ti_sysbios_hal_Hwi_Params__init__S)
                  000162e4    0000000c                       : rom_sysbios.obj (.text:ti_sysbios_knl_Swi_getTrigger__E)
                  000162f0    0000000c     app_pem4f.oem4f (.text:xdc_runtime_Startup_reset__I)
                  000162fc    0000000a     drivers_cc13x2.aem4f : List.oem4f (.text:List_empty)
                  00016306    0000000a     maclib_secure_combo_cc1352.a : mac_device.obj (.text:MAC_MlmeAssociateReq)
                  00016310    0000000a                                  : mac_mgmt.obj (.text:MAC_MlmeDisassociateReq)
                  0001631a    0000000a     drivers_cc13x2.aem4f : UART.oem4f (.text:UART_write)
                  00016324    0000000a     maclib_secure_combo_cc1352.a : mac_mcu.obj (.text:macMcuRandomByte)
                  0001632e    00000008     drivers_cc13x2.aem4f : CryptoCC26XX.oem4f (.text:CryptoCC26XX_Params_init)
                  00016336    00000008     maclib_secure_combo_cc1352.a : mac_device.obj (.text:MAC_MlmePollReq)
                  0001633e    00000008                                  : mac_mgmt.obj (.text:MAC_MlmeSyncReq)
                  00016346    00000008     rf_multiMode_cc13x2.aem4f : RFCC26X2_multiMode.oem4f (.text:RF_flushCmd)
                  0001634e    00000008     drivers_cc13x2.aem4f : CryptoCC26XX.oem4f (.text:cryptoPostNotify)
                  00016356    00000008     maclib_secure_combo_cc1352.a : mac_symbol_timer.obj (.text:macCsmaTimerExpiry)
                  0001635e    00000008     drivers_cc13x2.aem4f : UARTCC26XX.oem4f (.text:readSemCallback)
                  00016366    00000008                          : UARTCC26XX.oem4f (.text:writeSemCallback)
                  0001636e    00000008     app_pem4f.oem4f (.text:xdc_runtime_Text_visitRope__I)
                  00016376    00000006     dpl_cc13x2.aem4f : ClockP_tirtos.oem4f (.text:ClockP_Params_init)
                  0001637c    00000006     drivers_cc13x2.aem4f : CryptoCC26XX.oem4f (.text:CryptoCC26XX_transact)
                  00016382    00000006                          : CryptoCC26XX.oem4f (.text:CryptoCC26XX_transactCallback)
                  00016388    00000006                          : CryptoCC26XX.oem4f (.text:CryptoCC26XX_transactPolling)
                  0001638e    00000006     maclib_secure_combo_cc1352.a : fh_data.obj (.text:FHDATA_asyncMinTxOffTimerCb)
                  00016394    00000006                                  : fh_data.obj (.text:FHDATA_procEDFEReq)
[...]
20000821  macMgmt                                                              
20000822  macPanCoordinator                                                    
20000823  csmPhy                                                               
20000824  pMacDataTx                                                           
20000828  macDataTxIndirect                                                    
2000082c  macDataRequeueIndirect                                               
20000830  macDataRxBeaconCritical                                              
20000834  macDataTxBeaconComplete                                              
20000838  macDataSetSched                                                      
2000083c  macDataCheckSched                                                    
20000840  macDataCheckTxTime                                                   
20000844  macDataBeaconRequeue                                                 
20000848  timerUnalignedQ                                                      
2000084c  timerAlignedQ                                                        
20000850  macTimerRollover                                                     
20000854  macTimerNewRollover                                                  
20000858  macTimerActive                                                       
2000085c  Crypto_handle                                                        
20000860  cryptoDrvTblPtr                                                      
20000864  macCoordAction1                                                      
2000086c  macMain                                                              
20000878  macBeaconDeviceAction                                                
20000888  macCoordAction3                                                      
20000898  macData                                                              
200008a8  macDataTxDelay                                                       
200008b8  macDeviceAction2                                                     
200008cc  macStateTbl                                                          
200008e0  macMgmtAction2                                                       
200008f4  macScanAction                                                        
2000090c  macCoordAction2                                                      
20000928  macReset                                                             
20000944  macBeaconMargin                                                      
20000964  macBeacon                                                            
20000984  macActionSet                                                         
200009a8  macMgmtAction1                                                       
200009d0  macCoord                                                             
200009fc  macDevice                                                            
20000a28  macBeaconDevice                                                      
20000a5c  macBeaconPayload                                                     
20000a90  macDeviceAction1                                                     
20000ac8  macScan                                                              
20000b1c  fhObject                                                             
20000b88  macMRFSKGenPhyTable                                                  
20000c08  macPib                                                               
20000c8c  macSecurityPib                                                       
20000d3c  hUart                                                                
20001140  macAddrSize                                                          
20001144  FHNT_Dbg                                                             
2000114c  FH_txTiming                                                          
20001154  FHNT_tempTable                                                       
2000115c  FH_FSM                                                               
20001168  FHNT_hnd                                                             
200011a0  FHFSM_Dbg                                                            
200011e4  FHIE_channelPlan                                                     
20001238  FHNT_tableOpt                                                        
200012b4  FH_hnd                                                               
2000133c  FHPIB_db                                                             
200013c8  RF_cmdRat                                                            
200013d0  RF_cmdRat1                                                           
200013d8  RF_cmdNop                                                            
200013e8  RF_cmdRadioSetup                                                     
20001400  RF_cmdIEEETx                                                         
20001418  RF_cmdFs                                                             
20001430  RF_cmdPropCs                                                         
2000144c  RF_cmdPropCsSlotted                                                  
20001468  RF_cmdIEEECsma                                                       
20001488  RF_cmdPropTxAdv                                                      
200014a8  RF_cmdPropRadioDivSetup                                              
200014d0  RF_cmdPropRxAdv                                                      
20001500  RF_cmdIEEERx                                                         
2000153c  PowerCC26X2_module                                                   
20001650  ROM_stateStruct                                                      
20001650  ti_sysbios_knl_Clock_Module__state__V                                
2000167c  ti_sysbios_family_arm_cc26xx_TimestampProvider_Module__state__V      
20001680  xdc_runtime_Startup_Module__state__V                                 
20001688  ti_sysbios_BIOS_Module__state__V                                     
200016ac  ti_sysbios_knl_Swi_Module__state__V                                  
200016c8  ti_sysbios_knl_Task_Module__state__V                                 
2000170c  xdc_runtime_Memory_Module__state__V                                  
20001710  xdc_runtime_System_Module__state__V                                  
20001718  ti_sysbios_family_arm_m3_Hwi_Module__state__V                        
2000174c  xdc_runtime_Error_Module__state__V                                   
20001750  ti_sysbios_family_arm_cc26xx_Timer_Module__state__V                  
20001758  Ssf_resetReseason                                                    
2000175c  Ssf_resetCount                                                       
2000185e  Sensor_events                                                        
200018b0  Sensor_msgStats                                                      
20001928  macReqAccessTimeCnt                                                  
20001929  reqAccessAlloc                                                       
2000192c  rxCmdHandle                                                          
2000192e  fsCmdHandle                                                          
20001934  lastPostCmd                                                          
20001938  macSfdDetectCback                                                    
20001940  macTxTimestamp                                                       
20001944  pMacRadioConfig                                                      
20001948  rfDrvTblPtr                                                          
2000194c  pRfPropTable                                                         
20001950  pRfPropTableOld                                                      
20001954  pRfIeeeTable                                                         
20001958  pMacRfAntSwitchSel                                                   
2000195c  pMacRfAntPwrSel                                                      
20001968  macRxOutputSubG                                                      
20001974  macRxOutputIeee                                                      
20001984  macFrmFilter                                                         
20001994  macSrcShortAddrList                                                  
200019b0  macSrcExtAddrList                                                    
200019e0  initBroadcastMsg                                                     
200019e2  parentFound                                                          
200019ea  Jdllc_events                                                         
20001a0c  Jdllc_statistics                                                     
20001a90  ICall_enterCriticalSection                                           
20001a94  ICall_leaveCriticalSection                                           
20001aac  HEAPMGR_SIZE                                                         
20001ab0  ICall_dispatcher                                                     
20001b68  ti_sysbios_knl_Task_Object__table__V                                 
20001bb4  pwrmgr_initialized                                                   
20001bb6  pwrmgr_attribute                                                     
20001bb8  ti_sysbios_family_arm_cc26xx_Timer_Object__table__V                  
20001c7c  ti_sysbios_gates_GateMutex_Object__table__V                          
20001cb4  txCmdHandle                                                          
20001cb6  macRadioAckIeeeFrame                                                 
20001cbc  pMacEnhancedAck                                                      
20001cc0  macRadioAckFrame                                                     
20001cc8  macAckTimer                                                          
20001ce8  displaySharpHWattrs                                                  
20001cf8  uartCC26XXHWAttrs                                                    
20001d1d  osal_entity                                                          
20001d24  osal_qHead                                                           
20001d28  osal_eventloop_hook                                                  
20001d2c  osal_icallMsg_hook                                                   
20001d30  osal_semaphore                                                       
20001d34  osal_last_timestamp                                                  
20001d38  osal_tickperiod                                                      
20001d3c  osal_max_msecs                                                       
20001d52  macPhyTxPower                                                        
20001d58  RF_handle                                                            
20001d60  RF_params                                                            
20001d7c  ti_sysbios_knl_Swi_Module_State_0_readyQ__A                          
20001dac  ti_sysbios_knl_Swi_Object__table__V                                  
20001ddc  ti_sysbios_knl_Task_Module_State_0_readyQ__A                         
20001e0c  macTxSlottedDelayFactor                                              
20001e0d  macTxBe                                                              
20001e0e  macTxType                                                            
20001e0f  macTxGpInterframeDelay                                               
20001e10  txAckReq                                                             
20001e15  numTx                                                                
20001e16  macTxCsmaBackoffDelay                                                
20001e18  macCsmaRtcTimerId                                                    
20001e1c  macAckDbg                                                            
20001e30  macSpecUsecsPerSymbol                                                
20001e34  macPrevPeriodRatCount                                                
20001e38  macSymbolTimerRollover                                               
20001e3c  macSymbolTimerTrigger                                                
20001e48  ticks_power_down                                                     
20001e50  ti_sysbios_knl_Clock_Object__table__V                                
20001e70  xdc_runtime_Error_IgnoreBlock                                        
20001ea8  ti_sysbios_family_arm_m3_Hwi_Object__table__V                        
20001ec0  ti_sysbios_heaps_HeapMem_Object__table__V                            
20001ed8  ApiMac_appEntity                                                     
20001ee4  ApiMac_extAddr                                                       
20001eec  lastRatChanA                                                         
20001eed  lastRatChanB                                                         
20001eee  macRxCmdActive                                                       
20001eef  macTxCmdActive                                                       
20001ef0  macFsCmdActive                                                       
20001ef2  macReqAccessCnt                                                      
20001ef4  macReqAccErrCnt                                                      
20001ef6  numRfCmd                                                             
20001ef7  numRxCmd                                                             
20001ef8  numRxPostCmd                                                         
20001efa  macRadioFreeCnt                                                      
20001efc  AppTaskId                                                            
20001f00  pMacCbackQueryRetransmit                                             
20001f04  pMacCbackCheckPending                                                
20001f08  macCfg                                                               
20001f12  ti_sysbios_family_arm_m3_Hwi_Module_State_0_excActive__A             
20001f14  macTxSlottedDelay                                                    
20001f15  macUnitBackoffPeriod                                                 
20001f16  rxFhRsl                                                              
20001f17  macPhyChannel                                                        
20001f18  macSrcMatchIsEnabled                                                 
20001f20  OSAL_timeSeconds                                                     
20001f28  sector_addr                                                          
20001f34  _lock                                                                
20001f38  _unlock                                                              
20001f3c  pinUpperBound                                                        
20001f40  pinLowerBound                                                        
20001f44  ti_sysbios_family_arm_m3_Hwi_Module__root__V                         
20001f4c  ti_sysbios_gates_GateHwi_Module__root__V                             
20001f54  ti_sysbios_gates_GateMutex_Module__root__V                           
20001f5c  ti_sysbios_hal_Hwi_Module__root__V                                   
20001f64  ti_sysbios_heaps_HeapMem_Module__root__V                             
20001f6c  ti_sysbios_knl_Clock_Module__root__V                                 
20001f74  ti_sysbios_knl_Event_Module__root__V                                 
20001f7c  ti_sysbios_knl_Mailbox_Module__root__V                               
20001f84  ti_sysbios_knl_Queue_Module__root__V                                 
20001f8c  ti_sysbios_knl_Semaphore_Module__root__V                             
20001f94  ti_sysbios_knl_Swi_Module__root__V                                   
20001f9c  ti_sysbios_knl_Task_Module__root__V                                  
20001fa4  xdc_runtime_Registry_Module__state__V                                
20001fac  macSrcMatchIsAckAllPending                                           
20001fad  macSrcResIndex                                                       
20001fb8  pOverridesTable                                                      
20001fbc  main_func_sp                                                         
20001fc0  ti_sysbios_family_arm_m3_Hwi_Module_State_0_excContext__A            
20001fc4  ti_sysbios_family_arm_m3_Hwi_Module_State_0_excStack__A              
20001fc8  ti_sysbios_knl_Task_Module_State_0_idleTask__A                       
20001fcd  bInSwi                                                               
20001fcf  macRadioYielded                                                      
20001fd0  ti_sysbios_heaps_HeapMem_Instance_State_0_buf__A                     
20002b08  ti_sysbios_knl_Task_Instance_State_0_stack__A                        
20002e88  uartCC26XXObjects                                                    
20002fb0  enhancedAckBuf                                                       
20003178  ti_sysbios_family_arm_m3_Hwi_dispatchTable                           
20003240  cryptoCC26XXObjects                                                  
200032c0  pinHandleTable                                                       
20003464  macRxFilter                                                          
20003465  rxPromiscuousMode                                                    
20003470  macRxDataEntryOffset                                                 
20003474  rxRadioBufferPtr                                                     
20003484  macRxDataEntryQueue                                                  
20003518  uartCC26XXRingBuffer                                                 
20003628  timerHead                                                            
20003630  ClockP_tickPeriod                                                    
20003634  PowerCC26XX_swiKey                                                   
20003638  PowerCC26XX_taskKey                                                  
2000363c  tasksEvents                                                          
20003646  driverlib_release_0_50218                                            
20003647  g_hwiInt                                                             
20003648  macPwr                                                               
20003649  macRxActive                                                          
2000364a  macRxEnableFlags                                                     
2000364b  macRxOutgoingAckFlag                                                 
2000364c  macSymbolTimerImpending                                              
2000364d  macTxActive                                                          
2000364e  heapStart                                                            
20013b00  __stack                                                              
20013b00  heapEnd                                                              
20014000  __STACK_END                                                          
20014000  __STACK_TOP                                                          
e000e000  ti_sysbios_family_arm_m3_Hwi_nvic                                    
ffffffff  __TI_pprof_out_hndl                                                  
ffffffff  __TI_prof_data_size                                                  
ffffffff  __TI_prof_data_start                                                 
ffffffff  __binit__                                                            
ffffffff  __c_args__                                                           
ffffffff  binit                                                                
UNDEFED   SHT$$INIT_ARRAY$$Base                                                
UNDEFED   SHT$$INIT_ARRAY$$Limit                                               

[1479 symbols]
